01-24 16:33:13.977  2721  4838 D BatteryService: Sending ACTION_BATTERY_CHANGED: level:20, status:2, health:2, remain:10592, ac:false, usb:true, wireless:false, pogo:false, misc:0x10010000, charge_type:1, charger_type:1, voltage:3810, temperature:267, online:19, charging_status:0, cycle_count:0, current_avg:904375, ps:false, hvc:true, current_event:0x8004, mcc:0, mcv:0, cc:850725, present:true, scale:100, technology:Li-ion, protection:0
01-24 16:33:13.979  2721  4838 D [SS]BattUtils: [readNode]path:/efs/FactoryApp/bsoh ,value:96
01-24 16:33:13.983  4040  4040 I PowerUI : BATTERY_HEALTH_CHECK / batteryHealth : 2 / wirelessOverheat : false
01-24 16:33:13.983  4040  4040 D PowerUI : Skip charging animation - by Plug reason
01-24 16:33:13.983  4040  4040 D PowerUI : Skip charging sound & vibrate - by Plug reason
01-24 16:33:13.984  4040 16609 D PowerUI.Notification: updateNotification mWarning = false mPlaySound = false
01-24 16:33:13.986  4040  4040 D PowerUI.Notification: showChargingNotice - Battery Level : 20 -> 20, Charging Type : 11 -> 11, Charging Time : 10606 -> 10592, Maximum protection : false -> false, Maximum threshold : 80 -> 80
01-24 16:33:13.988  2721  2721 D BatteryService: Sending ACTION_SEC_BATTERY_EVENT: misc_event:0x10010000, sec_plug_type:2, online:19, charge_type:1, ps:false, hvc:true, charger_type:1, pogo_plugged:0, current_event:0x8004, wc_tx_id:0
01-24 16:33:13.989  2721  3836 I DeviceBatteryInfoService: action: android.intent.action.BATTERY_CHANGED
01-24 16:33:13.990  2721  3836 I DeviceBatteryInfoService: phone battery level: 20
01-24 16:33:13.990  2721  3836 I DeviceBatteryInfoService: phone battery status: 2
01-24 16:33:13.990  4040  4040 I NotificationManager: com.android.systemui: notify(2131364006, charging_state, Notification(channel=CHR shortcut=null contentView=null vibrate=null sound=null defaults=0 flags=ONGOING_EVENT|ONLY_ALERT_ONCE color=0x00000000 category=sys groupKey=CHARGING vis=PUBLIC semFlags=0x0 semPriority=0 semMissedCount=0)) as user
01-24 16:33:14.001  2721  4838 W PermissionService: getPermissionFlags: Unknown user -1
01-24 16:33:14.001  2721  4838 W PermissionService: getPermissionFlags: Unknown user -1
01-24 16:33:14.001  2721  3546 I BatteryService_BatteryPropertiesRegistrar: [getProperty]id:4
01-24 16:33:14.002  2721  3546 I BatteryService_BatteryPropertiesRegistrar: [getProperty]prop.long:-9223372036854775808 ,prop.string:null
01-24 16:33:14.002  2721  3546 I BatteryService_BatteryPropertiesRegistrar: [getProperty]id:6
01-24 16:33:14.003  2721  3546 I BatteryService_BatteryPropertiesRegistrar: [getProperty]prop.long:-9223372036854775808 ,prop.string:null
01-24 16:33:14.004  2721  2721 D AdaptiveBrightnessLongtermModelBuilder[0]: Received android.intent.action.BATTERY_CHANGED
01-24 16:33:14.005  2721  4838 D KNOX_MDM_SettingsProvider: isChangeAllowed() : name = ltc_highsoc_exceed_time
01-24 16:33:14.005  2721  4838 D KNOX_MDM_SettingsProvider: edmUri: content://com.sec.knox.provider/RestrictionPolicy3
01-24 16:33:14.005  2721  4838 D KNOX_MDM_SettingsProvider: projectionArgs: isSettingsChangesAllowed
01-24 16:33:14.005  2721  4838 D KNOX_MDM_SettingsProvider: selectionArgs: false
01-24 16:33:14.005  2721  4838 D KNOX_MDM_SettingsProvider: selectionArgs: 10052
01-24 16:33:14.005  2721  4838 D SecContentProvider: called from android.uid.systemui:10052
01-24 16:33:14.005  2721  4838 D RestrictionPolicy: isSettingsChangesAllowedAsUser, userId 0 : true
01-24 16:33:14.005  2721  4838 D KNOX_MDM_SettingsProvider: ret = 1
01-24 16:33:14.013  4040  4040 D PowerUI : Remaining charging time : 10592
01-24 16:33:14.013  4040  4040 D PowerUI : Charging time is changed, check charging notification
01-24 16:33:14.023  2721  2721 I BattAuthManager_WpcAuthenticator: onReceive: com.samsung.server.BatteryService.action.SEC_BATTERY_EVENT, misc_event: 268500992, plug event: 2
01-24 16:33:14.221  2721  2721 I Telecom : SamsungTelecomServiceImpl : isInManagedCall - callingPackage : android / callingUser : UserHandle{0} / hasCrossUserAccess : true
01-24 16:33:14.385  1146  1146 D io_stats: !@   8,0 r 3092505 76790592 w 1289519 17532608 d 146436 93704640 f 63068 281731 iot 668476 0 th 0 0 0 pt 0 inp 0 0 20629.890
01-24 16:33:14.386  1146  1146 D io_stats: !@ Read_top(KB): kworker/u16:5(8674) 2304 kworker/u16:4(23809) 1792 system_server(2721) 100
01-24 16:33:14.386  1146  1146 D io_stats: !@ Write_top(KB): oid.apps.photos(31676) 128 m.omarea.vtools(8380) 104 system_server(2721) 28
01-24 16:33:14.493  2721  4844 I BatteryService_BatteryPropertiesRegistrar: [getProperty]id:4
01-24 16:33:14.493  2721  4844 I BatteryService_BatteryPropertiesRegistrar: [getProperty]prop.long:-9223372036854775808 ,prop.string:null
01-24 16:33:14.497  2721  6826 I BatteryService_BatteryPropertiesRegistrar: [getProperty]id:1
01-24 16:33:14.497  2721  6826 I BatteryService_BatteryPropertiesRegistrar: [getProperty]prop.long:-9223372036854775808 ,prop.string:null
01-24 16:33:14.500  2721  4800 I BatteryService_BatteryPropertiesRegistrar: [getProperty]id:3
01-24 16:33:14.500  2721  4800 I BatteryService_BatteryPropertiesRegistrar: [getProperty]prop.long:-9223372036854775808 ,prop.string:null
01-24 16:33:14.959  2721  3385 I ActivityManager: Changes in 10461 10 to 10, 0 to 128
01-24 16:33:14.965  2721  4800 I ActivityManager: Changes in 10461 10 to 10, 128 to 0
01-24 16:33:14.971  6726  7656 I SDHMS:x : SIOP:: AP:312 BAT:267 USB:255 CHG:309 PA:292 CP:297 WIFI:305 CF:299 BLK:0 SUBBAT:247 LRPTHM:277 SKIN:302 SKINF:302 SKINB:283 LRP:302 LRF:302 LRB:283 APT:302 APR:283 RCV:239 SPK:259 CAPR:299 CRCV:237 CSPK:263 CAMT:318 UPSPK:270 DNSPK:254 VAP:291 VWIFI:286 AMB2:240 AVGCUR:818 AVGSYS:839 POWER:3116
01-24 16:33:15.001  2721  3696 W DeviceStorageMonitorService: updateBroadcasts(/data) oldLevel:0, newLevel:0, seq:1
01-24 16:33:15.002  2721  3696 D DeviceStorageMonitorService: Available File Node Number is [11879042]
01-24 16:33:15.003  2721  3696 W DeviceStorageMonitorService: updateBroadcasts_filenode(/data) fn_oldLevel:0, fn_newLevel:0, seq:1
01-24 16:33:15.353  3872  3872 I wpa_supplicant: Heartbeat 8371
01-24 16:33:15.901  2721  3806 D SGM:GameManager: identifyGamePackage. com.lightningstudio.watchrss, mCurrentUserId: 0, callingMethodInfo: com.samsung.android.game.SemGameManager.isGamePackage(SemGameManager.java:106)
01-24 16:33:15.901  2721  3806 D SGM:SemGameManager: isGamePackage(), pkgName=com.lightningstudio.watchrss, ret=false
01-24 16:33:15.938  2721  5134 D FreecessHandler: freeze com.google.android.apps.photos(10596) result : 18
01-24 16:33:16.388  1146  1146 D io_stats: !@   8,0 r 3092505 76790592 w 1289572 17536284 d 146572 93707072 f 63069 281734 iot 668600 0 th 0 0 0 pt 0 inp 0 0 20631.893
01-24 16:33:16.952  2721  6826 I BatteryService_BatteryPropertiesRegistrar: [getProperty]id:2
01-24 16:33:16.952  2721  6826 I BatteryService_BatteryPropertiesRegistrar: [getProperty]prop.long:-9223372036854775808 ,prop.string:null
01-24 16:33:18.341  2721  8701 W BackupManagerService: [UserID:0] Timeout waiting for agent ApplicationInfo{bfe2b13 com.google.android.gm}
01-24 16:33:18.344  2721  8701 W ActivityManager: Unbinding backup agent with no active backup
01-24 16:33:18.344  2721  8701 W BackupManagerService: [UserID:0] unbindAgent but no current connection
01-24 16:33:18.353  2721 10575 I AfterimageCompensationService: AfcThread mLuminance : 46 , AfpcPeriodCount : 57 , rotation : 0 , AOD : false
01-24 16:33:18.359  2721  8701 D BackupManagerConstants: getKeyValueBackupIntervalMilliseconds(...) returns 43200000
01-24 16:33:18.359  2721  8701 D BackupManagerConstants: getKeyValueBackupFuzzMilliseconds(...) returns 600000
01-24 16:33:18.359  2721  8701 D BackupManagerConstants: getKeyValueBackupRequiredNetworkType(...) returns 1
01-24 16:33:18.359  2721  8701 D BackupManagerConstants: getKeyValueBackupRequireCharging(...) returns true
01-24 16:33:18.359  2721  8701 D KeyValueBackupJob: Scheduling k/v pass in 728 minutes
01-24 16:33:18.363  2721  8701 D KeyValueBackupTask: Starting key-value backup of com.google.android.inputmethod.latin
01-24 16:33:18.367  2721  8701 D BackupManagerService: [UserID:0] awaiting agent for com.google.android.inputmethod.latin
01-24 16:33:18.381  2721  6826 D BackupManagerService: [UserID:0] agentConnected pkg=com.google.android.inputmethod.latin agent=android.os.BinderProxy@d4b327c
01-24 16:33:18.381  2721  8701 D KeyValueBackupTask: Invoking agent on com.google.android.inputmethod.latin
01-24 16:33:18.389  1146  1146 D io_stats: !@   8,0 r 3092536 76791660 w 1289612 17536640 d 146572 93707072 f 63071 281739 iot 668692 0 th 0 0 0 pt 0 inp 0 0 20633.894
01-24 16:33:18.390  1146  1146 D io_stats: !@ Read_top(KB): putmethod.latin(6557) 548 kworker/u16:3(8018) 512 system_server(2721) 8
01-24 16:33:18.390  1146  1146 D io_stats: !@ Write_top(KB): kworker/u16:4(23809) 3612 oid.apps.photos(31676) 228 m.omarea.vtools(8380) 104
01-24 16:33:18.770  2721  8701 I KeyValueBackupTask: K/V backup pass finished
01-24 16:33:18.780  2721  8701 I ActivityManager: Changes in 99036 6 to 10, 128 to 0
01-24 16:33:18.780  2721  8701 I ActivityManager: Changes in 10122 6 to 10, 128 to 0
01-24 16:33:18.782  2721  8701 D BackupManagerService: [UserID:0] Released wakelock:*backup*-0-6624
01-24 16:33:18.921  2721  3806 D SGM:GameManager: identifyGamePackage. com.lightningstudio.watchrss, mCurrentUserId: 0, callingMethodInfo: com.samsung.android.game.SemGameManager.isGamePackage(SemGameManager.java:106)
01-24 16:33:18.921  2721  3806 D SGM:SemGameManager: isGamePackage(), pkgName=com.lightningstudio.watchrss, ret=false
01-24 16:33:19.019  2721  5134 D MARs:ActiveTrafficFilter: filter : com.tencent.mobileqq(0)
01-24 16:33:19.019  2721  5134 D FreecessHandler: freeze com.tencent.mobileqq(10462) result : 8
01-24 16:33:19.021  2721  3589 D ActivityManager: Received BROADCAST intent 0xb51627f Key{broadcastIntent pkg=com.android.bluetooth intent=act=com.android.bluetooth.gatt.REFRESH_BATCHED_SCAN xflg=0x4 flags=0x4000000 u=0} requestCode=0 sent=0 from uid 1000
01-24 16:33:19.866  2721  4800 I BatteryService_BatteryPropertiesRegistrar: [getProperty]id:2
01-24 16:33:19.866  2721  4800 I BatteryService_BatteryPropertiesRegistrar: [getProperty]prop.long:-9223372036854775808 ,prop.string:null
01-24 16:33:19.870  2721  4800 I BatteryService_BatteryPropertiesRegistrar: [getProperty]id:4
01-24 16:33:19.870  2721  4800 I BatteryService_BatteryPropertiesRegistrar: [getProperty]prop.long:-9223372036854775808 ,prop.string:null
01-24 16:33:19.871  2721  4800 I BatteryService_BatteryPropertiesRegistrar: [getProperty]id:6
01-24 16:33:19.872  2721  4800 I BatteryService_BatteryPropertiesRegistrar: [getProperty]prop.long:-9223372036854775808 ,prop.string:null
01-24 16:33:19.951  2721  3546 I BatteryService_BatteryPropertiesRegistrar: [getProperty]id:2
01-24 16:33:19.951  2721  3546 I BatteryService_BatteryPropertiesRegistrar: [getProperty]prop.long:-9223372036854775808 ,prop.string:null
01-24 16:33:20.390  1146  1146 D io_stats: !@   8,0 r 3094124 76817884 w 1289728 17539628 d 146572 93707072 f 63080 281744 iot 669008 0 th 0 0 0 pt 0 inp 0 0 20635.895
01-24 16:33:21.165  2721  2721 D PowerManagerService: [api] userActivity : other (uid: 1000 pid: 2721) <- onInputEvent() in com.android.server.accessibility.AccessibilityInputFilter:427 displayId=0 eventTime=20636665
01-24 16:33:21.169  2721  3600 D PowerManagerService: [api] userActivityFromNative : touch displayId=0 eventTime=20636665
01-24 16:33:21.169  2721  3600 D PowerManagerService: UserActivityStateListenerState: 1
01-24 16:33:21.877  2721  4838 D KNOX_MDM_SettingsProvider: isChangeAllowed() : name = task_bar_current_size
01-24 16:33:21.877  2721  4838 D KNOX_MDM_SettingsProvider: edmUri: content://com.sec.knox.provider/RestrictionPolicy3
01-24 16:33:21.877  2721  4838 D KNOX_MDM_SettingsProvider: projectionArgs: isSettingsChangesAllowed
01-24 16:33:21.877  2721  4838 D KNOX_MDM_SettingsProvider: selectionArgs: false
01-24 16:33:21.877  2721  4838 D KNOX_MDM_SettingsProvider: selectionArgs: 10164
01-24 16:33:21.877  2721  4838 D SecContentProvider: called from com.sec.android.app.launcher
01-24 16:33:21.877  2721  4838 D RestrictionPolicy: isSettingsChangesAllowedAsUser, userId 0 : true
01-24 16:33:21.877  2721  4838 D KNOX_MDM_SettingsProvider: ret = 1
01-24 16:33:21.934  2721  3806 D SGM:GameManager: identifyGamePackage. com.lightningstudio.watchrss, mCurrentUserId: 0, callingMethodInfo: com.samsung.android.game.SemGameManager.isGamePackage(SemGameManager.java:106)
01-24 16:33:21.934  2721  3806 D SGM:SemGameManager: isGamePackage(), pkgName=com.lightningstudio.watchrss, ret=false
01-24 16:33:21.943  2721  5134 D FreecessHandler: freeze com.google.android.apps.photos(10596) result : 18
01-24 16:33:22.391  1146  1146 D io_stats: !@   8,0 r 3094754 76827744 w 1289743 17539740 d 146572 93707072 f 63081 281746 iot 669108 0 th 0 0 0 pt 0 inp 0 0 20637.896
01-24 16:33:22.392  1146  1146 D io_stats: !@ Read_top(KB): oid.apps.photos(31676) 15892 putmethod.latin(6557) 13380 kworker/u16:5(8674) 4864
01-24 16:33:22.392  1146  1146 D io_stats: !@ Write_top(KB): kworker/u16:4(23809) 2560 oid.apps.photos(31676) 348 m.omarea.vtools(8380) 84
01-24 16:33:22.952  2721  4838 I BatteryService_BatteryPropertiesRegistrar: [getProperty]id:2
01-24 16:33:22.952  2721  4838 I BatteryService_BatteryPropertiesRegistrar: [getProperty]prop.long:-9223372036854775808 ,prop.string:null
01-24 16:33:23.006  6726  6726 I SDHMS:LOAD: type: LoadsFreqs, value: 7:1:0:499967:1478400:480000:666240:1920000:499200:253:422:231
01-24 16:33:24.166  2721  6902 D BatteryService: [processValuesLocked]batteryLevel:20 ,LastbatteryLevel:20 ,mPlugType:2 ,batteryStatus:2
01-24 16:33:24.166  2721  6902 D BatteryService: [countBatteryChangedConditions]mBatteryChangedConditionCounts:[3, 1, 1, 43, 4, 17, 26, 0, 0, 3, 3, 0, 3, 0, 0, 4, 19, 4, 0, 0, 0, 1]
01-24 16:33:24.166  2721  6902 D BatteryService: Sending ACTION_BATTERY_CHANGED: level:20, status:2, health:2, remain:10592, ac:false, usb:true, wireless:false, pogo:false, misc:0x10010000, charge_type:1, charger_type:1, voltage:3861, temperature:269, online:19, charging_status:0, cycle_count:0, current_avg:956874, ps:false, hvc:true, current_event:0x8000, mcc:0, mcv:0, cc:855000, present:true, scale:100, technology:Li-ion, protection:0
01-24 16:33:24.167  2721  6902 D [SS]BattUtils: [readNode]path:/efs/FactoryApp/bsoh ,value:96
01-24 16:33:24.168  2721  2721 D BatteryService: Sending ACTION_SEC_BATTERY_EVENT: misc_event:0x10010000, sec_plug_type:2, online:19, charge_type:1, ps:false, hvc:true, charger_type:1, pogo_plugged:0, current_event:0x8000, wc_tx_id:0
01-24 16:33:24.168  4040  4040 I PowerUI : BATTERY_HEALTH_CHECK / batteryHealth : 2 / wirelessOverheat : false
01-24 16:33:24.168  4040  4040 D PowerUI : Skip charging animation - by Plug reason
01-24 16:33:24.168  4040  4040 D PowerUI : Skip charging sound & vibrate - by Plug reason
01-24 16:33:24.168  4040 20704 D PowerUI.Notification: updateNotification mWarning = false mPlaySound = false
01-24 16:33:24.169  2721  4838 D KNOX_MDM_SettingsProvider: isChangeAllowed() : name = ltc_highsoc_exceed_time
01-24 16:33:24.169  2721  4838 D KNOX_MDM_SettingsProvider: edmUri: content://com.sec.knox.provider/RestrictionPolicy3
01-24 16:33:24.169  2721  4838 D KNOX_MDM_SettingsProvider: projectionArgs: isSettingsChangesAllowed
01-24 16:33:24.169  2721  4838 D KNOX_MDM_SettingsProvider: selectionArgs: false
01-24 16:33:24.169  2721  4838 D KNOX_MDM_SettingsProvider: selectionArgs: 10052
01-24 16:33:24.169  2721  4838 D SecContentProvider: called from android.uid.systemui:10052
01-24 16:33:24.169  2721  4838 D RestrictionPolicy: isSettingsChangesAllowedAsUser, userId 0 : true
01-24 16:33:24.169  2721  4838 D KNOX_MDM_SettingsProvider: ret = 1
01-24 16:33:24.171  2721  2721 D AdaptiveBrightnessLongtermModelBuilder[0]: Received android.intent.action.BATTERY_CHANGED
01-24 16:33:24.173  2721  3836 I DeviceBatteryInfoService: action: android.intent.action.BATTERY_CHANGED
01-24 16:33:24.173  2721  3836 I DeviceBatteryInfoService: phone battery level: 20
01-24 16:33:24.173  2721  3836 I DeviceBatteryInfoService: phone battery status: 2
01-24 16:33:24.173  2721  3945 I BatteryService_BatteryPropertiesRegistrar: [getProperty]id:4
01-24 16:33:24.173  2721  3945 I BatteryService_BatteryPropertiesRegistrar: [getProperty]prop.long:-9223372036854775808 ,prop.string:null
01-24 16:33:24.174  2721  6902 I BatteryService_BatteryPropertiesRegistrar: [getProperty]id:6
01-24 16:33:24.174  2721  6902 I BatteryService_BatteryPropertiesRegistrar: [getProperty]prop.long:-9223372036854775808 ,prop.string:null
01-24 16:33:24.174  2721  2721 I BattAuthManager_WpcAuthenticator: onReceive: com.samsung.server.BatteryService.action.SEC_BATTERY_EVENT, misc_event: 268500992, plug event: 2
01-24 16:33:24.394  1146  1146 D io_stats: !@   8,0 r 3094760 76828052 w 1289766 17539840 d 146573 93707076 f 63082 281750 iot 669156 0 th 0 0 0 pt 0 inp 0 0 20639.898
01-24 16:33:24.557  2721  3589 D ActivityManager: Received BROADCAST intent 0xb51627f Key{broadcastIntent pkg=com.android.bluetooth intent=act=com.android.bluetooth.gatt.REFRESH_BATCHED_SCAN xflg=0x4 flags=0x4000000 u=0} requestCode=0 sent=0 from uid 1000
01-24 16:33:24.674  2721  6902 I BatteryService_BatteryPropertiesRegistrar: [getProperty]id:4
01-24 16:33:24.674  2721  6902 I BatteryService_BatteryPropertiesRegistrar: [getProperty]prop.long:-9223372036854775808 ,prop.string:null
01-24 16:33:24.677  2721  3945 I BatteryService_BatteryPropertiesRegistrar: [getProperty]id:1
01-24 16:33:24.677  2721  3945 I BatteryService_BatteryPropertiesRegistrar: [getProperty]prop.long:-9223372036854775808 ,prop.string:null
01-24 16:33:24.678  2721  3945 I BatteryService_BatteryPropertiesRegistrar: [getProperty]id:3
01-24 16:33:24.678  2721  3945 I BatteryService_BatteryPropertiesRegistrar: [getProperty]prop.long:-9223372036854775808 ,prop.string:null
01-24 16:33:24.693  2721  3455 D PowerManagerService: UserActivityStateListenerState: 0
01-24 16:33:24.961  2721  3806 D SGM:GameManager: identifyGamePackage. com.lightningstudio.watchrss, mCurrentUserId: 0, callingMethodInfo: com.samsung.android.game.SemGameManager.isGamePackage(SemGameManager.java:106)
01-24 16:33:24.962  2721  3806 D SGM:SemGameManager: isGamePackage(), pkgName=com.lightningstudio.watchrss, ret=false
01-24 16:33:25.017  6726  7656 I SDHMS:x : SIOP:: AP:309 BAT:269 USB:255 CHG:306 PA:292 CP:296 WIFI:300 CF:296 BLK:0 SUBBAT:248 LRPTHM:277 SKIN:302 SKINF:302 SKINB:283 LRP:302 LRF:302 LRB:283 APT:302 APR:283 RCV:240 SPK:260 CAPR:299 CRCV:238 CSPK:263 CAMT:318 UPSPK:271 DNSPK:255 VAP:293 VWIFI:287 AMB2:240 AVGCUR:932 AVGSYS:147 POWER:3598
01-24 16:33:25.037  2721  5134 D MARs:ActiveTrafficFilter: filter : com.tencent.mobileqq(0)
01-24 16:33:25.037  2721  5134 D FreecessHandler: freeze com.tencent.mobileqq(10462) result : 8
01-24 16:33:25.355  3872  3872 I wpa_supplicant: Heartbeat 8372
01-24 16:33:25.868  2721  3945 I BatteryService_BatteryPropertiesRegistrar: [getProperty]id:2
01-24 16:33:25.868  2721  3945 I BatteryService_BatteryPropertiesRegistrar: [getProperty]prop.long:-9223372036854775808 ,prop.string:null
01-24 16:33:25.871  2721  3945 I BatteryService_BatteryPropertiesRegistrar: [getProperty]id:4
01-24 16:33:25.871  2721  3945 I BatteryService_BatteryPropertiesRegistrar: [getProperty]prop.long:-9223372036854775808 ,prop.string:null
01-24 16:33:25.873  2721  3945 I BatteryService_BatteryPropertiesRegistrar: [getProperty]id:6
01-24 16:33:25.873  2721  3945 I BatteryService_BatteryPropertiesRegistrar: [getProperty]prop.long:-9223372036854775808 ,prop.string:null
01-24 16:33:25.952  2721  3945 I BatteryService_BatteryPropertiesRegistrar: [getProperty]id:2
01-24 16:33:25.953  2721  3945 I BatteryService_BatteryPropertiesRegistrar: [getProperty]prop.long:-9223372036854775808 ,prop.string:null
01-24 16:33:26.395  1146  1146 D io_stats: !@   8,0 r 3094763 76828064 w 1289896 17542168 d 146573 93707076 f 63083 281754 iot 669248 0 th 0 0 0 pt 0 inp 0 0 20641.900
01-24 16:33:26.396  1146  1146 D io_stats: !@ Read_top(KB): kworker/u16:5(8674) 256 oid.apps.photos(31676) 64
01-24 16:33:26.396  1146  1146 D io_stats: !@ Write_top(KB): kworker/u16:3(8018) 1612 oid.apps.photos(31676) 628 m.omarea.vtools(8380) 124
01-24 16:33:26.890  2721  3787 I BatteryService_BatteryPropertiesRegistrar: [getProperty]id:6
01-24 16:33:26.890  2721  3787 I BatteryService_BatteryPropertiesRegistrar: [getProperty]prop.long:-9223372036854775808 ,prop.string:null
01-24 16:33:26.892  2721  3787 I BatteryService_BatteryPropertiesRegistrar: [getProperty]id:4
01-24 16:33:26.892  2721  3787 I BatteryService_BatteryPropertiesRegistrar: [getProperty]prop.long:-9223372036854775808 ,prop.string:null
01-24 16:33:26.894  2721  3787 I BatteryService_BatteryPropertiesRegistrar: [getProperty]id:6
01-24 16:33:26.894  2721  3787 I BatteryService_BatteryPropertiesRegistrar: [getProperty]prop.long:-9223372036854775808 ,prop.string:null
01-24 16:33:26.895  2721  3787 I BatteryService_BatteryPropertiesRegistrar: [getProperty]id:4
01-24 16:33:26.895  2721  3787 I BatteryService_BatteryPropertiesRegistrar: [getProperty]prop.long:-9223372036854775808 ,prop.string:null
01-24 16:33:27.856  2721  3945 D CustomizedBinderCallsStatsInternal: reportCpuUsage() : 2%
01-24 16:33:27.857  2721  3384 I BinderCallsStats: Collected cpu time : 0us, collected call count : 0 for 943937 ms
01-24 16:33:27.863  2721  3945 D ProcessCpuUsage: [0] 394, {364=257350, 460=7640, 556=30400, 672=1970, 787=1380, 902=680, 1017=600, 1132=360, 1248=110}
01-24 16:33:27.863  2721  3945 D ProcessCpuUsage: [2] 557, {499=247710, 614=24500, 729=7180, 844=4730, 960=6540, 1075=2820, 1190=2210, 1286=220, 1401=1530, 1612=990, 1708=1610, 1920=440}
01-24 16:33:27.863  2721  3945 D ProcessCpuUsage: [5] 549, {499=263910, 614=20650, 729=2890, 844=1410, 960=1420, 1075=890, 1190=1300, 1286=130, 1401=1540, 1497=120, 1612=770, 1708=3240, 1824=230, 1920=2040}
01-24 16:33:27.864  2721  3945 D ProcessCpuUsage: [7] 504, {480=285030, 672=8370, 787=1040, 902=680, 1017=550, 1132=840, 1248=670, 1363=640, 1478=470, 1593=360, 1708=1420, 1939=390}
01-24 16:33:27.959  2721  5134 D FreecessHandler: freeze com.google.android.apps.photos(10596) result : 18
01-24 16:33:27.986  2721  3806 D SGM:GameManager: identifyGamePackage. com.lightningstudio.watchrss, mCurrentUserId: 0, callingMethodInfo: com.samsung.android.game.SemGameManager.isGamePackage(SemGameManager.java:106)
01-24 16:33:27.986  2721  3806 D SGM:SemGameManager: isGamePackage(), pkgName=com.lightningstudio.watchrss, ret=false
01-24 16:33:28.397  1146  1146 D io_stats: !@   8,0 r 3094991 76829976 w 1290001 17542968 d 146573 93707076 f 63084 281756 iot 669504 0 th 0 0 0 pt 0 inp 0 0 20643.902
01-24 16:33:28.843  2721  3580 D ActivityManager: freezing 30666 com.skms.android.agent:remote
01-24 16:33:28.953  2721  6902 I BatteryService_BatteryPropertiesRegistrar: [getProperty]id:2
01-24 16:33:28.953  2721  6902 I BatteryService_BatteryPropertiesRegistrar: [getProperty]prop.long:-9223372036854775808 ,prop.string:null
01-24 16:33:29.378  2721  3399 D BatteryExternalStatsWorker: update stats : procstate-change (10)
01-24 16:33:29.379  2721  3399 D BatteryExternalStatsWorker: Fetch WiFi data
01-24 16:33:29.379  2721  3399 D BatteryExternalStatsWorker: Update Rail Energy data
01-24 16:33:29.389  2721  3399 D BatteryExternalStatsWorker: mStats lock released
01-24 16:33:29.400  2721  3399 D BatteryExternalStatsWorker: Update wifi state
01-24 16:33:29.400  2721  3399 D BatteryExternalStatsWorker: done updateExternalStatsLocked
01-24 16:33:30.082  2721  3589 D ActivityManager: Received BROADCAST intent 0xb51627f Key{broadcastIntent pkg=com.android.bluetooth intent=act=com.android.bluetooth.gatt.REFRESH_BATCHED_SCAN xflg=0x4 flags=0x4000000 u=0} requestCode=0 sent=0 from uid 1000
01-24 16:33:30.398  1146  1146 D io_stats: !@   8,0 r 3095445 76834328 w 1290305 17550344 d 146573 93707076 f 63085 281762 iot 669876 0 th 0 0 0 pt 0 inp 0 0 20645.903
01-24 16:33:30.399  1146  1146 D io_stats: !@ Read_top(KB): oid.apps.photos(31676) 5908 kworker/u16:5(8674) 220 kworker/u16:3(8018) 124
01-24 16:33:30.399  1146  1146 D io_stats: !@ Write_top(KB): oid.apps.photos(31676) 6028 kworker/u16:5(8674) 1924 sait.sohservice(30987) 84
01-24 16:33:31.008  2721  3806 D SGM:GameManager: identifyGamePackage. com.lightningstudio.watchrss, mCurrentUserId: 0, callingMethodInfo: com.samsung.android.game.SemGameManager.isGamePackage(SemGameManager.java:106)
01-24 16:33:31.008  2721  3806 D SGM:SemGameManager: isGamePackage(), pkgName=com.lightningstudio.watchrss, ret=false
01-24 16:33:31.055  2721  5134 D MARs:ActiveTrafficFilter: filter : com.tencent.mobileqq(0)
01-24 16:33:31.055  2721  5134 D FreecessHandler: freeze com.tencent.mobileqq(10462) result : 8
01-24 16:33:31.157  2721  3945 W UriGrantsManagerService: No permission grants found for com.google.android.apps.photos
01-24 16:33:31.158  2721  4844 W UriGrantsManagerService: No permission grants found for com.google.android.apps.photos
01-24 16:33:31.275  2721  4844 W UriGrantsManagerService: No permission grants found for com.google.android.apps.photos
01-24 16:33:31.276  2721  4844 W UriGrantsManagerService: No permission grants found for com.google.android.apps.photos
01-24 16:33:31.330  2721  4844 W UriGrantsManagerService: No permission grants found for com.google.android.apps.photos
01-24 16:33:31.332  2721  4844 W UriGrantsManagerService: No permission grants found for com.google.android.apps.photos
01-24 16:33:31.646  2721  3817 D KNOX_MDM_SettingsProvider: isChangeAllowed() : name = wifi_wcm_qos_sharing_score_summary
01-24 16:33:31.872  2721  3945 I BatteryService_BatteryPropertiesRegistrar: [getProperty]id:2
01-24 16:33:31.872  2721  3945 I BatteryService_BatteryPropertiesRegistrar: [getProperty]prop.long:-9223372036854775808 ,prop.string:null
01-24 16:33:31.876  2721  3945 I BatteryService_BatteryPropertiesRegistrar: [getProperty]id:4
01-24 16:33:31.876  2721  3945 I BatteryService_BatteryPropertiesRegistrar: [getProperty]prop.long:-9223372036854775808 ,prop.string:null
01-24 16:33:31.877  2721  3945 I BatteryService_BatteryPropertiesRegistrar: [getProperty]id:6
01-24 16:33:31.878  2721  3945 I BatteryService_BatteryPropertiesRegistrar: [getProperty]prop.long:-9223372036854775808 ,prop.string:null
01-24 16:33:31.952  2721  3945 I BatteryService_BatteryPropertiesRegistrar: [getProperty]id:2
01-24 16:33:31.953  2721  3945 I BatteryService_BatteryPropertiesRegistrar: [getProperty]prop.long:-9223372036854775808 ,prop.string:null
01-24 16:33:32.400  1146  1146 D io_stats: !@   8,0 r 3096872 76842788 w 1290394 17551280 d 146574 93707288 f 63087 281768 iot 670240 0 th 0 0 0 pt 0 inp 0 0 20647.905
01-24 16:33:33.109  6726  6726 I SDHMS:LOAD: type: LoadsFreqs, value: 0:0:0:538368:1939200:480000:819455:1920000:499200:231:231:231
01-24 16:33:33.354  2721  3945 I AppWidgetServiceImpl: getInstalledProvidersForProfiles lock in com.google.android.apps.photos
01-24 16:33:33.355  2721  3945 I AppWidgetServiceImpl: getInstalledProvidersForProfiles lock exit 2
01-24 16:33:33.358  2721  3384 I AppWidgetServiceImpl: handleSaveMessage 0
01-24 16:33:33.514  2721  3741 D AppWidgetServiceImpl: Trying to notify widget providers changed
01-24 16:33:33.515  2721  3741 D AppWidgetServiceImpl: Trying to notify widget providers changed
01-24 16:33:33.542  2721  3734 D UsbStatsMonitor: 0 0 0 0 0 0 0 0 0 0 0 0 0 0 0 0 0 0 0 0 0 0 0 0 0 0 0 0 0 0 0 0 0 0 0 0 0 0 0 0 0 0 0 0 0 0 0 0 0 0 0 0 0 0 0 0 0 184683593732
01-24 16:33:33.915  2721  3378 E Watchdog: !@Sync: 686 heap(MB): 167 / 192 FD: 1520 [2026-01-24 16:33:33.915] softdog disabled
01-24 16:33:33.974  2721  5134 D FreecessHandler: freeze com.google.android.apps.photos(10596) result : 18
01-24 16:33:34.029  2721  3806 D SGM:GameManager: identifyGamePackage. com.lightningstudio.watchrss, mCurrentUserId: 0, callingMethodInfo: com.samsung.android.game.SemGameManager.isGamePackage(SemGameManager.java:106)
01-24 16:33:34.029  2721  3806 D SGM:SemGameManager: isGamePackage(), pkgName=com.lightningstudio.watchrss, ret=false
01-24 16:33:34.402  1146  1146 D io_stats: !@   8,0 r 3096882 76842876 w 1290417 17551900 d 146574 93707288 f 63088 281773 iot 670288 0 th 0 0 0 pt 0 inp 0 0 20649.907
01-24 16:33:34.403  1146  1146 D io_stats: !@ Read_top(KB): oid.apps.photos(31676) 8128 kworker/u16:1(6389) 324 system_server(2721) 40
01-24 16:33:34.403  1146  1146 D io_stats: !@ Write_top(KB): oid.apps.photos(31676) 876 m.omarea.vtools(8380) 84 earchbox:search(6065) 24
01-24 16:33:34.435  2721  3945 D [SS]BattFunctions: [sendRemainingChargingTimeChangedIntent]remainingChargingTime:10581 ,mLastRemainingChargingTime:10592
01-24 16:33:34.447  4040  4040 D PowerUI : Remaining charging time : 10581
01-24 16:33:34.447  4040  4040 D PowerUI : Charging time is changed, check charging notification
01-24 16:33:34.451  4040  4040 D PowerUI.Notification: showChargingNotice - Battery Level : 20 -> 20, Charging Type : 11 -> 11, Charging Time : 10592 -> 10581, Maximum protection : false -> false, Maximum threshold : 80 -> 80
01-24 16:33:34.453  4040  4040 I NotificationManager: com.android.systemui: notify(2131364006, charging_state, Notification(channel=CHR shortcut=null contentView=null vibrate=null sound=null defaults=0 flags=ONGOING_EVENT|ONLY_ALERT_ONCE color=0x00000000 category=sys groupKey=CHARGING vis=PUBLIC semFlags=0x0 semPriority=0 semMissedCount=0)) as user
01-24 16:33:34.457  2721  3945 W PermissionService: getPermissionFlags: Unknown user -1
01-24 16:33:34.457  2721  3945 W PermissionService: getPermissionFlags: Unknown user -1
01-24 16:33:34.676  2721  2721 I Telecom : SamsungTelecomServiceImpl : isInManagedCall - callingPackage : android / callingUser : UserHandle{0} / hasCrossUserAccess : true
01-24 16:33:34.953  2721  3945 I BatteryService_BatteryPropertiesRegistrar: [getProperty]id:2
01-24 16:33:34.953  2721  3945 I BatteryService_BatteryPropertiesRegistrar: [getProperty]prop.long:-9223372036854775808 ,prop.string:null
01-24 16:33:35.056  6726  7656 I SDHMS:x : SIOP:: AP:308 BAT:269 USB:256 CHG:307 PA:291 CP:296 WIFI:303 CF:297 BLK:0 SUBBAT:247 LRPTHM:278 SKIN:303 SKINF:303 SKINB:284 LRP:303 LRF:303 LRB:284 APT:303 APR:284 RCV:239 SPK:260 CAPR:300 CRCV:237 CSPK:264 CAMT:319 UPSPK:272 DNSPK:255 VAP:295 VWIFI:289 AMB2:241 AVGCUR:957 AVGSYS:291 POWER:3694
01-24 16:33:35.149  2721  3741 D AppWidgetServiceImpl: Trying to notify widget providers changed
01-24 16:33:35.149  2721  3741 D AppWidgetServiceImpl: Trying to notify widget providers changed
01-24 16:33:35.355  3872  3872 I wpa_supplicant: Heartbeat 8373
01-24 16:33:35.617  2721  3589 D ActivityManager: Received BROADCAST intent 0xb51627f Key{broadcastIntent pkg=com.android.bluetooth intent=act=com.android.bluetooth.gatt.REFRESH_BATCHED_SCAN xflg=0x4 flags=0x4000000 u=0} requestCode=0 sent=0 from uid 1000
01-24 16:33:36.405  1146  1146 D io_stats: !@   8,0 r 3096893 76842932 w 1290503 17554516 d 146575 93707292 f 63090 281778 iot 670392 0 th 0 0 0 pt 0 inp 0 0 20651.909
01-24 16:33:37.064  2721  3806 D SGM:GameManager: identifyGamePackage. com.lightningstudio.watchrss, mCurrentUserId: 0, callingMethodInfo: com.samsung.android.game.SemGameManager.isGamePackage(SemGameManager.java:106)
01-24 16:33:37.064  2721  3806 D SGM:SemGameManager: isGamePackage(), pkgName=com.lightningstudio.watchrss, ret=false
01-24 16:33:37.067  2721  5134 D MARs:ActiveTrafficFilter: filter : com.tencent.mobileqq(0)
01-24 16:33:37.067  2721  5134 D FreecessHandler: freeze com.tencent.mobileqq(10462) result : 8
01-24 16:33:37.230  2721  3762 D BackgroundInstallControlService: Package event received: 0
01-24 16:33:37.386  2721  3762 D BackgroundInstallControlService: Package event received: 0
01-24 16:33:37.518  2721  3762 D BackgroundInstallControlService: Package event received: 0
01-24 16:33:37.526  2721  4844 D ActivityManager: sync unfroze 30666 com.skms.android.agent:remote for 4
01-24 16:33:37.527  2721  4844 I ActivityManager: Changes in 99036 19 to 8, 0 to 128
01-24 16:33:37.527  2721  4844 I ActivityManager: Changes in 10122 19 to 8, 0 to 128
01-24 16:33:37.536  2721  4844 W ProcessStats: Tracking association SourceState{314011f com.samsung.android.carkey/10122 ImpBg #76472} whose proc state 6 is better than process ProcessState{b42b2be com.skms.android.agent:remote/1000 pkg=com.skms.android.agent} proc state 15 (11 skipped)
01-24 16:33:37.873  2721  4844 I BatteryService_BatteryPropertiesRegistrar: [getProperty]id:2
01-24 16:33:37.873  2721  4844 I BatteryService_BatteryPropertiesRegistrar: [getProperty]prop.long:-9223372036854775808 ,prop.string:null
01-24 16:33:37.877  2721  4844 I BatteryService_BatteryPropertiesRegistrar: [getProperty]id:4
01-24 16:33:37.877  2721  4844 I BatteryService_BatteryPropertiesRegistrar: [getProperty]prop.long:-9223372036854775808 ,prop.string:null
01-24 16:33:37.879  2721  4844 I BatteryService_BatteryPropertiesRegistrar: [getProperty]id:6
01-24 16:33:37.879  2721  4844 I BatteryService_BatteryPropertiesRegistrar: [getProperty]prop.long:-9223372036854775808 ,prop.string:null
01-24 16:33:37.953  2721  4844 I BatteryService_BatteryPropertiesRegistrar: [getProperty]id:2
01-24 16:33:37.953  2721  4844 I BatteryService_BatteryPropertiesRegistrar: [getProperty]prop.long:-9223372036854775808 ,prop.string:null
01-24 16:33:38.406  1146  1146 D io_stats: !@   8,0 r 3098171 76853948 w 1290591 17555228 d 146575 93707292 f 63093 281794 iot 670708 0 th 0 0 0 pt 0 inp 0 0 20653.910
01-24 16:33:38.406  1146  1146 D io_stats: !@ Read_top(KB): oid.apps.photos(31676) 8888 rs.media.module(6627) 1560 kworker/u16:3(8018) 420
01-24 16:33:38.406  1146  1146 D io_stats: !@ Write_top(KB): kworker/u16:3(8018) 2236 oid.apps.photos(31676) 488 m.omarea.vtools(8380) 104
01-24 16:33:39.629  2721  4844 I ActivityManager: Changes in 99036 8 to 10, 128 to 0
01-24 16:33:39.629  2721  4844 I ActivityManager: Changes in 10596 8 to 10, 128 to 0
01-24 16:33:39.629  2721  4844 I ActivityManager: Changes in 10122 8 to 10, 128 to 0
01-24 16:33:39.978  2721  5134 D FreecessHandler: freeze com.google.android.apps.photos(10596) result : 37
01-24 16:33:40.081  2721  3806 D SGM:GameManager: identifyGamePackage. com.lightningstudio.watchrss, mCurrentUserId: 0, callingMethodInfo: com.samsung.android.game.SemGameManager.isGamePackage(SemGameManager.java:106)
01-24 16:33:40.082  2721  3806 D SGM:SemGameManager: isGamePackage(), pkgName=com.lightningstudio.watchrss, ret=false
01-24 16:33:40.203  2721 19010 I PerProcessNandswap$NandswapMsgHandler: madvise_prefetch for com.google.android.gms
01-24 16:33:40.203  2721  3762 D BackgroundInstallControlService: Package event received: 0
01-24 16:33:40.206  2721  4844 I ActivityManager: Changes in 99036 19 to 5, 0 to 184
01-24 16:33:40.206  2721  4844 I ActivityManager: Changes in 10596 19 to 5, 0 to 144
01-24 16:33:40.207  2721  3762 D BackgroundInstallControlService: Package event received: 0
01-24 16:33:40.207  2721  4844 I ActivityManager: Changes in 10338 19 to 5, 128 to 184
01-24 16:33:40.207  2721  4844 I ActivityManager: Changes in 10122 19 to 5, 0 to 184
01-24 16:33:40.207  2721  3762 D BackgroundInstallControlService: Package event received: 0
01-24 16:33:40.207  2721  3762 D BackgroundInstallControlService: Package event received: 0
01-24 16:33:40.207  2721  3762 D BackgroundInstallControlService: Package event received: 0
01-24 16:33:40.211  2721  3762 D BackgroundInstallControlService: Package event received: 0
01-24 16:33:40.212  2721  3762 D BackgroundInstallControlService: Package event received: 0
01-24 16:33:40.252  2721  4844 W JobScheduler: Job didn't exist in JobStore: 30a4bf3 {androidx.work.systemjobscheduler} #u0a330/391 @androidx.work.systemjobscheduler@com.google.android.providers.media.module/androidx.work.impl.background.systemjob.SystemJobService
01-24 16:33:40.411  1146  1146 D io_stats: !@   8,0 r 3098749 76861524 w 1290653 17557100 d 146575 93707292 f 63094 281799 iot 670936 0 th 0 0 0 pt 0 inp 0 0 20655.915
01-24 16:33:40.953  2721  4844 I BatteryService_BatteryPropertiesRegistrar: [getProperty]id:2
01-24 16:33:40.954  2721  4844 I BatteryService_BatteryPropertiesRegistrar: [getProperty]prop.long:-9223372036854775808 ,prop.string:null
01-24 16:33:41.150  2721  3589 D ActivityManager: Received BROADCAST intent 0xb51627f Key{broadcastIntent pkg=com.android.bluetooth intent=act=com.android.bluetooth.gatt.REFRESH_BATCHED_SCAN xflg=0x4 flags=0x4000000 u=0} requestCode=0 sent=0 from uid 1000
01-24 16:33:42.413  1146  1146 D io_stats: !@   8,0 r 3098749 76861524 w 1290671 17557164 d 146575 93707292 f 63095 281802 iot 670960 0 th 0 0 0 pt 0 inp 0 0 20657.917
01-24 16:33:42.414  1146  1146 D io_stats: !@ Read_top(KB): oid.apps.photos(31676) 4780 kworker/u16:3(8018) 1396 rs.media.module(6627) 852
01-24 16:33:42.414  1146  1146 D io_stats: !@ Write_top(KB): kworker/u16:3(8018) 1524 oid.apps.photos(31676) 256 m.omarea.vtools(8380) 100
01-24 16:33:43.083  2721  5134 D MARs:ActiveTrafficFilter: filter : com.tencent.mobileqq(0)
01-24 16:33:43.083  2721  5134 D FreecessHandler: freeze com.tencent.mobileqq(10462) result : 8
01-24 16:33:43.123  2721  3806 D SGM:GameManager: identifyGamePackage. com.lightningstudio.watchrss, mCurrentUserId: 0, callingMethodInfo: com.samsung.android.game.SemGameManager.isGamePackage(SemGameManager.java:106)
01-24 16:33:43.124  2721  3806 D SGM:SemGameManager: isGamePackage(), pkgName=com.lightningstudio.watchrss, ret=false
01-24 16:33:43.214  6726  6726 I SDHMS:LOAD: type: LoadsFreqs, value: 0:0:0:488447:902400:480000:568319:1190400:499200:231:231:231
01-24 16:33:43.878  2721  4800 I BatteryService_BatteryPropertiesRegistrar: [getProperty]id:2
01-24 16:33:43.878  2721  4800 I BatteryService_BatteryPropertiesRegistrar: [getProperty]prop.long:-9223372036854775808 ,prop.string:null
01-24 16:33:43.880  2721  4800 I BatteryService_BatteryPropertiesRegistrar: [getProperty]id:4
01-24 16:33:43.880  2721  4800 I BatteryService_BatteryPropertiesRegistrar: [getProperty]prop.long:-9223372036854775808 ,prop.string:null
01-24 16:33:43.881  2721  4800 I BatteryService_BatteryPropertiesRegistrar: [getProperty]id:6
01-24 16:33:43.882  2721  4800 I BatteryService_BatteryPropertiesRegistrar: [getProperty]prop.long:-9223372036854775808 ,prop.string:null
01-24 16:33:43.956  2721  4800 I BatteryService_BatteryPropertiesRegistrar: [getProperty]id:2
01-24 16:33:43.956  2721  4800 I BatteryService_BatteryPropertiesRegistrar: [getProperty]prop.long:-9223372036854775808 ,prop.string:null
01-24 16:33:44.415  1146  1146 D io_stats: !@   8,0 r 3098749 76861524 w 1290689 17557228 d 146575 93707292 f 63096 281805 iot 670984 0 th 0 0 0 pt 0 inp 0 0 20659.920
01-24 16:33:44.714  2721  4800 D [SS]BattFunctions: [sendRemainingChargingTimeChangedIntent]remainingChargingTime:10567 ,mLastRemainingChargingTime:10581
01-24 16:33:44.720  4040  4040 D PowerUI : Remaining charging time : 10567
01-24 16:33:44.720  4040  4040 D PowerUI : Charging time is changed, check charging notification
01-24 16:33:44.727  4040  4040 D PowerUI.Notification: showChargingNotice - Battery Level : 20 -> 20, Charging Type : 11 -> 11, Charging Time : 10581 -> 10567, Maximum protection : false -> false, Maximum threshold : 80 -> 80
01-24 16:33:44.729  4040  4040 I NotificationManager: com.android.systemui: notify(2131364006, charging_state, Notification(channel=CHR shortcut=null contentView=null vibrate=null sound=null defaults=0 flags=ONGOING_EVENT|ONLY_ALERT_ONCE color=0x00000000 category=sys groupKey=CHARGING vis=PUBLIC semFlags=0x0 semPriority=0 semMissedCount=0)) as user
01-24 16:33:44.733  2721  4800 W PermissionService: getPermissionFlags: Unknown user -1
01-24 16:33:44.733  2721  4800 W PermissionService: getPermissionFlags: Unknown user -1
01-24 16:33:44.945  2721  2721 I Telecom : SamsungTelecomServiceImpl : isInManagedCall - callingPackage : android / callingUser : UserHandle{0} / hasCrossUserAccess : true
01-24 16:33:45.112  6726  7656 I SDHMS:x : SIOP:: AP:301 BAT:270 USB:256 CHG:304 PA:290 CP:295 WIFI:297 CF:294 BLK:0 SUBBAT:247 LRPTHM:278 SKIN:303 SKINF:303 SKINB:283 LRP:303 LRF:303 LRB:283 APT:303 APR:283 RCV:239 SPK:260 CAPR:300 CRCV:237 CSPK:264 CAMT:318 UPSPK:273 DNSPK:255 VAP:295 VWIFI:290 AMB2:241 AVGCUR:1015 AVGSYS:219 POWER:3918
01-24 16:33:45.356  3872  3872 I wpa_supplicant: Heartbeat 8374
01-24 16:33:46.148  2721  3806 D SGM:GameManager: identifyGamePackage. com.lightningstudio.watchrss, mCurrentUserId: 0, callingMethodInfo: com.samsung.android.game.SemGameManager.isGamePackage(SemGameManager.java:106)
01-24 16:33:46.149  2721  3806 D SGM:SemGameManager: isGamePackage(), pkgName=com.lightningstudio.watchrss, ret=false
01-24 16:33:46.239  2721  3384 I ActivityManager: Changes in 99036 5 to 15, 184 to 0
01-24 16:33:46.240  2721  3384 I ActivityManager: Changes in 10596 5 to 15, 144 to 0
01-24 16:33:46.240  2721  3384 I ActivityManager: Changes in 10338 5 to 15, 184 to 128
01-24 16:33:46.240  2721  3384 I ActivityManager: Changes in 10122 5 to 15, 184 to 0
01-24 16:33:46.417  1146  1146 D io_stats: !@   8,0 r 3098751 76862036 w 1290750 17557952 d 146576 93707296 f 63097 281808 iot 671032 0 th 0 0 0 pt 0 inp 0 0 20661.922
01-24 16:33:46.418  1146  1146 D io_stats: !@ Read_top(KB): kworker/u16:3(8018) 512
01-24 16:33:46.418  1146  1146 D io_stats: !@ Write_top(KB): kworker/u16:5(8674) 640 m.omarea.vtools(8380) 84 jbd2/sda9-8(1093) 20
01-24 16:33:46.683  2721  3589 D ActivityManager: Received BROADCAST intent 0xb51627f Key{broadcastIntent pkg=com.android.bluetooth intent=act=com.android.bluetooth.gatt.REFRESH_BATCHED_SCAN xflg=0x4 flags=0x4000000 u=0} requestCode=0 sent=0 from uid 1000
01-24 16:33:46.954  2721  4800 I BatteryService_BatteryPropertiesRegistrar: [getProperty]id:2
01-24 16:33:46.955  2721  4800 I BatteryService_BatteryPropertiesRegistrar: [getProperty]prop.long:-9223372036854775808 ,prop.string:null
01-24 16:33:47.356  2721  4800 I ActivityManager: Changes in 99036 15 to 8, 0 to 128
01-24 16:33:47.356  2721  4800 I ActivityManager: Changes in 10596 15 to 8, 0 to 128
01-24 16:33:47.356  2721  4800 I ActivityManager: Changes in 10122 15 to 8, 0 to 128
01-24 16:33:47.371  2721  4800 I ActivityManager: Changes in 99036 8 to 10, 128 to 0
01-24 16:33:47.371  2721  4800 I ActivityManager: Changes in 10596 8 to 10, 128 to 0
01-24 16:33:47.371  2721  4800 I ActivityManager: Changes in 10122 8 to 10, 128 to 0
01-24 16:33:48.375  2721 10575 I AfterimageCompensationService: AfcThread mLuminance : 75 , AfpcPeriodCount : 58 , rotation : 0 , AOD : false
01-24 16:33:48.419  1146  1146 D io_stats: !@   8,0 r 3098751 76862036 w 1290777 17558084 d 146576 93707296 f 63099 281812 iot 671100 0 th 0 0 0 pt 0 inp 0 0 20663.923
01-24 16:33:49.115  2721  5134 D FreecessController: FZ : com.tencent.mobileqq(10462) [1537] reason: Bg [cached:O
01-24 16:33:49.115  2721  5134 D FreecessHandler: freeze com.tencent.mobileqq(10462) result : 0
01-24 16:33:49.116  2721  5134 I PowerManagerService: [PWL] SetWakeLockEnableDisable uid = 10462 , disable= true
01-24 16:33:49.116  2721  5134 I PowerManagerService: [PWL] can not change uid =  10462
01-24 16:33:49.175  2721  3806 D SGM:GameManager: identifyGamePackage. com.lightningstudio.watchrss, mCurrentUserId: 0, callingMethodInfo: com.samsung.android.game.SemGameManager.isGamePackage(SemGameManager.java:106)
01-24 16:33:49.175  2721  3806 D SGM:SemGameManager: isGamePackage(), pkgName=com.lightningstudio.watchrss, ret=false
01-24 16:33:49.878  2721  4800 I BatteryService_BatteryPropertiesRegistrar: [getProperty]id:2
01-24 16:33:49.878  2721  4800 I BatteryService_BatteryPropertiesRegistrar: [getProperty]prop.long:-9223372036854775808 ,prop.string:null
01-24 16:33:49.881  2721  4800 I BatteryService_BatteryPropertiesRegistrar: [getProperty]id:4
01-24 16:33:49.881  2721  4800 I BatteryService_BatteryPropertiesRegistrar: [getProperty]prop.long:-9223372036854775808 ,prop.string:null
01-24 16:33:49.882  2721  4800 I BatteryService_BatteryPropertiesRegistrar: [getProperty]id:6
01-24 16:33:49.883  2721  4800 I BatteryService_BatteryPropertiesRegistrar: [getProperty]prop.long:-9223372036854775808 ,prop.string:null
01-24 16:33:49.955  2721  4800 I BatteryService_BatteryPropertiesRegistrar: [getProperty]id:2
01-24 16:33:49.955  2721  4800 I BatteryService_BatteryPropertiesRegistrar: [getProperty]prop.long:-9223372036854775808 ,prop.string:null
01-24 16:33:50.243  9122  9122 V Configuration: Updating configuration, locales updated from [] to [zh_CN_#Hans]
01-24 16:33:50.307  9122  9122 V Configuration: Updating configuration, locales updated from [] to [zh_CN_#Hans]
01-24 16:33:50.421  1146  1146 D io_stats: !@   8,0 r 3101198 76914480 w 1291510 17561784 d 146632 93720436 f 63113 281895 iot 671568 0 th 0 0 0 pt 0 inp 0 0 20665.925
01-24 16:33:50.421  1146  1146 D io_stats: !@ Read_top(KB): sh(9122) 43144 kworker/u16:4(23809) 3916 vendor.qti.medi(1786) 2608
01-24 16:33:50.421  1146  1146 D io_stats: !@ Write_top(KB): f2fs_ckpt-254:5(1318) 692 m.omarea.vtools(8380) 104 sait.sohservice(30987) 40
01-24 16:33:50.440  2721  2721 W ContextImpl: Calling a method in the system process without a qualified user: android.app.ContextImpl.sendBroadcast:1335 vendor.samsung.frameworks.codecsolution.Logging.insertDiagmonLog:14 vendor.samsung.frameworks.codecsolution.Logging.insertLog:6 vendor.samsung.frameworks.codecsolution.Logging.insertLog:1 vendor.samsung.frameworks.codecsolution.SehCodecSolutionService$1.handleMessage:24 
01-24 16:33:50.443  2721  2721 W ContextImpl: Calling a method in the system process without a qualified user: android.app.ContextImpl.sendBroadcast:1335 vendor.samsung.frameworks.codecsolution.Logging.insertDiagmonLog:14 vendor.samsung.frameworks.codecsolution.Logging.insertLog:6 vendor.samsung.frameworks.codecsolution.Logging.insertLog:1 vendor.samsung.frameworks.codecsolution.SehCodecSolutionService$1.handleMessage:24 
01-24 16:33:50.445  6713  6713 W ContextImpl: Calling a method in the system process without a qualified user: android.app.ContextImpl.startService:2068 android.content.ContextWrapper.startService:872 android.content.ContextWrapper.startService:872 com.sec.android.diagmonagent.sa.receiver.CFLogReceiver.onReceive:56 android.app.ActivityThread.handleReceiver:5663 
01-24 16:33:50.451  6713  6713 W ContextImpl: Calling a method in the system process without a qualified user: android.app.ContextImpl.startService:2068 android.content.ContextWrapper.startService:872 android.content.ContextWrapper.startService:872 com.sec.android.diagmonagent.sa.receiver.CFLogReceiver.onReceive:56 android.app.ActivityThread.handleReceiver:5663 
01-24 16:33:50.452  2721  3933 D DisplayManagerService: Virtual Display: creating DisplayDevice with VirtualDisplayAdapter
01-24 16:33:50.453  2721  3933 I DisplayDeviceRepository: Display device added: DisplayDeviceInfo{"scrcpy": uniqueId="virtual:com.android.shell,2000,scrcpy,0", 464 x 464, modeId 15, renderFrameRate 60.0, hasArrSupport false, frameRateCategoryRate null, supportedRefreshRates [], defaultModeId 15, userPreferredModeId -1, supportedModes [{id=15, width=464, height=464, fps=60.0, vsync=60.0, synthetic=false, alternativeRefreshRates=[], supportedHdrTypes=[]}], colorMode 0, supportedColorModes [0], hdrCapabilities null, isForceSdr false, allmSupported false, gameContentTypeSupported false, density 1, 1.0 x 1.0 dpi, appVsyncOff 0, presDeadline 16666666, touch NONE, rotation 0, type VIRTUAL, deviceProductInfo null, state UNKNOWN, committedState UNKNOWN, owner com.android.shell (uid 2000), frameRateOverride , brightnessMinimum 0.0, brightnessMaximum 1.0, brightnessDefault 0.0, brightnessDim -1.0, hdrSdrRatio NaN, FLAG_PRIVATE, installOrientation 0, displayShape DisplayShape{ spec=-662254885 displayWidth=464 displayHeight=464 physicalPixelDisplaySizeRatio=1.0 rotation=0 offsetX=0 offsetY=0 scale=1.0}}
01-24 16:33:50.453  2721  3933 I LogicalDisplayMapper: Applying layout: [{dispId: 0(ON), displayGroupName: , addr: {port=131, model=0x40446d00635302}, mThermalBrightnessThrottlingMapId: null, mRefreshRateZoneId: null, mLeadDisplayId: -1, mLeadDisplayAddress: null, mThermalRefreshRateThrottlingMapId: null, mPowerThrottlingMapId: null}, {dispId: 1(OFF), displayGroupName: , addr: {port=132, model=0x40446deff679a8}, mThermalBrightnessThrottlingMapId: null, mRefreshRateZoneId: null, mLeadDisplayId: -1, mLeadDisplayAddress: null, mThermalRefreshRateThrottlingMapId: null, mPowerThrottlingMapId: null}], Previous layout: [{dispId: 0(ON), displayGroupName: , addr: {port=131, model=0x40446d00635302}, mThermalBrightnessThrottlingMapId: null, mRefreshRateZoneId: null, mLeadDisplayId: -1, mLeadDisplayAddress: null, mThermalRefreshRateThrottlingMapId: null, mPowerThrottlingMapId: null}, {dispId: 1(OFF), displayGroupName: , addr: {port=132, model=0x40446deff679a8}, mThermalBrightnessThrottlingMapId: null, mRefreshRateZoneId: null, mLeadDisplayId: -1, mLeadDisplayAddress: null, mThermalRefreshRateThrottlingMapId: null, mPowerThrottlingMapId: null}]
01-24 16:33:50.454  2721  3933 D LogicalDisplayMapper: applyLayoutLocked[0], oldDisplay=0, newDisplay=0, displayLayout={dispId: 0(ON), displayGroupName: , addr: {port=131, model=0x40446d00635302}, mThermalBrightnessThrottlingMapId: null, mRefreshRateZoneId: null, mLeadDisplayId: -1, mLeadDisplayAddress: null, mThermalRefreshRateThrottlingMapId: null, mPowerThrottlingMapId: null}
01-24 16:33:50.454  2721  3933 D LogicalDisplayMapper: applyLayoutLocked[1], oldDisplay=1, newDisplay=1, displayLayout={dispId: 1(OFF), displayGroupName: , addr: {port=132, model=0x40446deff679a8}, mThermalBrightnessThrottlingMapId: null, mRefreshRateZoneId: null, mLeadDisplayId: -1, mLeadDisplayAddress: null, mThermalRefreshRateThrottlingMapId: null, mPowerThrottlingMapId: null}
