01-24 16:34:38.916  1849  1868 D HeatmapThread: !@ batteryLevel : 20  batteryTemperature : 270 
01-24 16:34:38.916  1849  1868 D HeatmapThread: !@ Heatmap currtime: 29488174
01-24 16:34:38.916  1849  1868 D HeatmapThread: !@ Heatmap prevtime: 29488146
01-24 16:34:38.917  1849  1868 D HeatmapThread: !@ Heatmap plugstarttime: 29488146
01-24 16:34:38.917  1849  1868 D HeatmapThread: !@ Heatmap prevv_dsoh_update_time: 29485277
01-24 16:34:38.917  1849  1868 E HeatmapThread: !@ CAM New BSOH: 96
01-24 16:34:39.125  8380  9394 I NotificationManager: com.omarea.vtools: notify(256, null, Notification(channel=scene-scheduler shortcut=null contentView=com.omarea.vtools/0x7f0d00ca vibrate=null sound=null defaults=0 flags=ONGOING_EVENT|NO_CLEAR|FOREGROUND_SERVICE color=0x00000000 groupKey=silent vis=PRIVATE semFlags=0x0 semPriority=0 semMissedCount=0)) as user
01-24 16:34:39.350  2721  2721 I Telecom : SamsungTelecomServiceImpl : isInManagedCall - callingPackage : android / callingUser : UserHandle{0} / hasCrossUserAccess : true
01-24 16:34:39.361  2721  2721 W BitmapFactory: Null Options, creating a new one.
01-24 16:34:39.392  4528  9255 I HoneySpace.NotificationListener: onNotificationPosted com.omarea.vtools: 0|com.omarea.vtools|256|null|10435: 0
01-24 16:34:39.392  4528  9255 I HoneySpace.NotificationListener: invalid notification: com.omarea.vtools UserHandle{0}: canShowBadge is false
01-24 16:34:39.393  4528  8967 I HoneySpace.PackageEventOperator: [WorkspaceViewModel] badge count is updated. com.omarea.vtools/.activities.ActivityMain#UserHandle{0}|17 : 0
01-24 16:34:39.395  4528 31305 I HoneySpace.PackageEventOperator: [VerticalApplistViewModel] badge count is updated. com.omarea.vtools/.activities.ActivityMain#UserHandle{0}|167 : 0
01-24 16:34:39.405  1854  3840 I VSyncReactor: Current= 120, Period= 120, Distance= 1
01-24 16:34:39.413  1854  3840 I VSyncReactor: Current= 120, Period= 120, Distance= 120
01-24 16:34:39.417  4040  4040 I LockscreenNotificationIconsOnlyController: onNotificationInfoUpdated 0
01-24 16:34:39.417  4040  4040 I AODNotificationManager: updateNotification() 
01-24 16:34:39.422  1854  3840 I VSyncReactor: Current= 120, Period= 120, Distance= 60
01-24 16:34:39.423  1854  1854 D SurfaceFlinger: GPIS:: requestGPISForClientComposition
01-24 16:34:39.424  2721  4844 E libprocessgroup: Failed to write '2-6' to /dev/cpuset/sf/cpus: Permission denied
01-24 16:34:39.427  1854  5052 D NativeSemDvfsManager: acquire:: timeout = 2000 mIsAcquired = 1  mTagName : SurfaceFlinger 
01-24 16:34:39.428  1854  5052 E NativeCustomFrequencyManager: [NativeCFMS] BpCustomFrequencyManager::acquire()
01-24 16:34:39.429  1749  1777 I HYPER-HAL: [RequestManager.cpp]acquire(): Acquired ID : 4075085  [1854 / 1000]    HINT : SF_GPU_MINLOCK    list : [TIMEOUT / 2000] 
01-24 16:34:39.430  1854  3840 I VSyncReactor: Current= 120, Period= 120, Distance= 120
01-24 16:34:39.597  4040  4040 D Bubbles : onEntryUpdated : shouldBubbleUp=false ,key=0|com.omarea.vtools|256|null|10435
01-24 16:34:39.599  4040  4040 D InterruptionStateProvider:  no Heads up : edgelighting enabled app. 0|com.omarea.vtools|256|null|10435
01-24 16:34:39.599  4040  4040 I {OngoingActivityController}: onEntryUpdated and OA data is empty. So update latest task info
01-24 16:34:39.611  4040  4040 D PluginActionManager: stopListening
01-24 16:34:39.612  4040  4040 D PluginActionManager: stopListening
01-24 16:34:39.612  4040  4040 D PluginActionManager: stopListening
01-24 16:34:39.613  4040  4040 D PluginActionManager: startListening
01-24 16:34:39.613  4040  4191 D PluginActionManager: queryAll com.android.systemui.action.PLUGIN_NOTIFICATION_MENU_ROW
01-24 16:34:39.614  4040  4191 D PluginActionManager: Found 0 plugins
01-24 16:34:39.614  4040  4040 D PluginActionManager: startListening
01-24 16:34:39.615  4040  4191 D PluginActionManager: queryAll com.android.systemui.action.PLUGIN_NOTIFICATION_MENU_ROW
01-24 16:34:39.615  4040  4040 D PluginActionManager: startListening
01-24 16:34:39.616  4040  4191 D PluginActionManager: Found 0 plugins
01-24 16:34:39.616  4040  4191 D PluginActionManager: queryAll com.android.systemui.action.PLUGIN_NOTIFICATION_MENU_ROW
01-24 16:34:39.617  4040  4191 D PluginActionManager: Found 0 plugins
01-24 16:34:39.620  4040  4040 I View    : setRequestedFrameRate frameRate=-2.0, this=StatusBarIconView(slot='com.omarea.vtools/0x0' alpha=1.0 icon=StatusBarIcon(icon=Icon(typ=RESOURCE pkg=com.omarea.vtools id=0x7f080172) visible user=0 ) visibleState=ICON iconColor=#ff000000 staticDrawableColor=#ff000000 decorColor=#ff000000 animationStartColor=#0 currentSetColor=#ff000000 notification=StatusBarNotification(pkg=com.omarea.vtools user=UserHandle{0} id=0 tag=0|com.omarea.vtools|g:Aggregate_NormalNotificationSection key=0|com.omarea.vtools|0|0|com.omarea.vtools|g:Aggregate_NormalNotificationSection|10435|0|com.omarea.vtools|g:Aggregate_NormalNotificationSection: Notification(channel=vtool-boot shortcut=null contentView=null vibrate=null sound=null defaults=0 flags=ONGOING_EVENT|NO_CLEAR|LOCAL_ONLY|GROUP_SUMMARY|AUTOGROUP_SUMMARY color=0x00000000 groupKey=0|com.omarea.vtools|g:Aggregate_NormalNotificationSection vis=PRIVATE semFlags=0x0 semPriority=0 semMissedCount=0))), caller=com.android.systemui.statusbar.StatusBarIconView.onAttachedToWindow:6 android.view.View.dispatchAttachedToWindow:24320 android.view.ViewGroup.addViewInner:5582 android.view.ViewGroup.addView:5358 android.view.ViewGroup.addView:5298 
01-24 16:34:39.627  4040  4040 W RefactorFlag: New code path expects SceneContainerFlag to be enabled.
01-24 16:34:39.628  4040  4040 D ExpandableNotifRow: mMaxSmallHeight different before reInflateViews mMaxSmallHeight: 144 mTempSmallHeight:0 0|com.omarea.vtools|256|null|10435
01-24 16:34:39.633  4040  4040 I LockscreenNotificationIconsOnlyController: onNotificationInfoUpdated 0
01-24 16:34:39.633  4040  4040 I AODNotificationManager: updateNotification() 
01-24 16:34:39.638  4040  4040 D ExpandableNotifRow: mMaxSmallHeight different before reInflateViews mMaxSmallHeight: 144 mTempSmallHeight:0 0|com.omarea.vtools|256|null|10435
01-24 16:34:39.638  4040  4040 D ExpandableNotifRow: mMaxSmallHeight different before reInflateViews mMaxSmallHeight: 144 mTempSmallHeight:0 0|com.omarea.vtools|256|null|10435
01-24 16:34:39.649  4040  4040 W RefactorFlag: New code path expects SceneContainerFlag to be enabled.
01-24 16:34:39.650  4040  4040 D ExpandableNotifRow: mMaxSmallHeight different before reInflateViews mMaxSmallHeight: 144 mTempSmallHeight:0 0|com.omarea.vtools|256|null|10435
01-24 16:34:39.654  4040  4040 I LockscreenNotificationIconsOnlyController: onNotificationInfoUpdated 0
01-24 16:34:39.655  4040  4040 I AODNotificationManager: updateNotification() 
01-24 16:34:39.685  1749  9352 I HYPER-HAL: [RequestManager.cpp]releaseLocked(): Released ID : 3755189
01-24 16:34:39.909  1849  1868 E HeatmapThread: ECT Thread time in milliseconds: 1769290479
01-24 16:34:39.913  1849  1868 D HeatmapThread: !@ batteryplugType : 2
01-24 16:34:39.913  1849  1868 D HeatmapThread: !@ batteryLevel : 20  batteryTemperature : 270 
01-24 16:34:39.913  1849  1868 D HeatmapThread: !@ Heatmap currtime: 29488174
01-24 16:34:39.914  1849  1868 D HeatmapThread: !@ Heatmap prevtime: 29488146
01-24 16:34:39.914  1849  1868 D HeatmapThread: !@ Heatmap plugstarttime: 29488146
01-24 16:34:39.914  1849  1868 D HeatmapThread: !@ Heatmap prevv_dsoh_update_time: 29485277
01-24 16:34:39.914  1849  1868 E HeatmapThread: !@ CAM New BSOH: 96
01-24 16:34:40.004  1729  5590 I vendor.qti.bluetooth@1.1-ibs_handler: ProcessIbsCmd: Received IBS_WAKE_IND: 0xFD
01-24 16:34:40.004  1729  5590 D vendor.qti.bluetooth@1.1-ibs_handler: SerialClockVote: vote for UART CLK ON
01-24 16:34:40.005  1729  5590 D vendor.qti.bluetooth@1.1-wake_lock: Acquire wakelock is acquired 
01-24 16:34:40.005  1729  5590 I vendor.qti.bluetooth@1.1-ibs_handler: ProcessIbsCmd: Writing IBS_WAKE_ACK
01-24 16:34:40.015  4272  5614 I ScanController: onScanResult to scannerId: 7- eventType=0x0, addressType=1, address=XX:XX:XX:XX:CF:95, primaryPhy=1, secondaryPhy=1, advertisingSid=0x2, txPower=127, rssi=-85, periodicAdvInt=0x0
01-24 16:34:40.054  1729  5590 I vendor.qti.bluetooth@1.1-ibs_handler: ProcessIbsCmd: Received IBS_SLEEP_IND: 0xFE
01-24 16:34:40.055  1729  5590 D vendor.qti.bluetooth@1.1-ibs_handler: SerialClockVote: vote for UART CLK OFF
01-24 16:34:40.205  1729  4848 D vendor.qti.bluetooth@1.1-wake_lock: Release wakelock is released 
01-24 16:34:40.425  2721  2721 E libprocessgroup: Failed to write '0-1,5-6' to /dev/cpuset/sf/cpus: Permission denied
01-24 16:34:40.464  1146  1146 D io_stats: !@   8,0 r 3103023 76974876 w 1292612 17583088 d 146828 93725552 f 63192 282006 iot 673008 0 th 0 0 0 pt 0 inp 0 0 20715.968
01-24 16:34:40.467  1786  9176 I StatsHandler: [avcE_55] Stats: Pending(0) i/p-done(0) Works: Q: 122/Done 122|Work-Rate: Q(0.0/s Avg=2.4/s) Done(0.000/s Avg=2.435/s)| Stream: 10.00fps 100.1Kbps
01-24 16:34:40.467  1786  9176 I StatsHandler: [avcE_55] Mem-usage:  [In-2D: 7 bufs 6.398 MB] [1D-41: 43 bufs 0.672 MB] [1D-42: 11 bufs 7.262 MB] | Total: 14.332 MB
01-24 16:34:40.730  2721  6300 D SemWifiUsabilityStatsMonitor: onWifiUsabilityStats - seqNum 604, isSameBssidAndFreq true
01-24 16:34:40.732  2721  3789 D InsDataManager: onOutageCountUpdate() - Outage Data: 0, LQ : Y. Outage Triggered: false
01-24 16:34:40.733  2721  3789 D InsDataManager: Trying to save initial normal data.
01-24 16:34:40.734  4040  4159 D Tile.WifiTile: handleUpdateState isTransient=false transientEnabling =false cb.isTransient=false state.state = 2 mStateBeforeClick.value =false enabled =true
01-24 16:34:40.734  2721  3789 D SensorCollector: syncMappedBuffers: 0, 0, 0
01-24 16:34:40.734  2721  3789 D InsDataManager: trimBuffers start.
01-24 16:34:40.734  2721  3789 D InsDataManager: trimBuffers - nsmBuffer size: 26
01-24 16:34:40.734  2721  3789 D InsDataManager: Too short for collecting additional normal data
01-24 16:34:40.735  2721  3789 D SemInsManager: {"bssid": "e90563b25620","rssi": -57.0,"latency": 0.0,"outage_count": 0,"lq_callback_triggered": true,"outage_log": "Unreliable statistics: -57.0 / 0 / 0 / 0 / 0 || e90563b25620: 0.000 / 0.000 / @ || N N / 0 0 / Y 2.0 / Y X 0 / 20716235 0 || Invalid""Magnetic Sensor Events size": "0""Pressure Sensor Events size": "0"}
01-24 16:34:40.736  4528  4667 I HoneySpace.StatusIconTracker: invokeEvent() called with: event = Wifi(visible=true, resId=2131236019, activityId=2131236054)
01-24 16:34:40.739  2721  3806 D SGM:GameManager: identifyGamePackage. com.lightningstudio.watchrss, mCurrentUserId: 0, callingMethodInfo: com.samsung.android.game.SemGameManager.isGamePackage(SemGameManager.java:106)
01-24 16:34:40.739  2721  3806 D SGM:SemGameManager: isGamePackage(), pkgName=com.lightningstudio.watchrss, ret=false
01-24 16:34:40.747  1854  3840 I VSyncReactor: Current= 120, Period= 120, Distance= 1
01-24 16:34:40.748  1854  1854 D SurfaceFlinger: GPIS:: requestGPISForClientComposition
01-24 16:34:40.749  2721  4844 E libprocessgroup: Failed to write '2-6' to /dev/cpuset/sf/cpus: Permission denied
01-24 16:34:40.755  1854  3840 I VSyncReactor: Current= 120, Period= 120, Distance= 120
01-24 16:34:40.909  1849  1868 E HeatmapThread: ECT Thread time in milliseconds: 1769290480
01-24 16:34:40.914  1849  1868 D HeatmapThread: !@ batteryplugType : 2
01-24 16:34:40.914  1849  1868 D HeatmapThread: !@ batteryLevel : 20  batteryTemperature : 270 
01-24 16:34:40.914  1849  1868 D HeatmapThread: !@ Heatmap currtime: 29488174
01-24 16:34:40.915  1849  1868 D HeatmapThread: !@ Heatmap prevtime: 29488146
01-24 16:34:40.915  1849  1868 D HeatmapThread: !@ Heatmap plugstarttime: 29488146
01-24 16:34:40.916  1849  1868 D HeatmapThread: !@ Heatmap prevv_dsoh_update_time: 29485277
01-24 16:34:40.916  1849  1868 E HeatmapThread: !@ CAM New BSOH: 96
01-24 16:34:40.955  2721  3786 I SemWifiServiceDetector: Service det. suspended: T / T / 7816
01-24 16:34:40.960  2721  4844 I BatteryService_BatteryPropertiesRegistrar: [getProperty]id:2
01-24 16:34:40.960  2721  4844 I BatteryService_BatteryPropertiesRegistrar: [getProperty]prop.long:-9223372036854775808 ,prop.string:null
01-24 16:34:41.130  1739 31114 I sensors-hal: handle_sns_std_sensor_event:409, [SSC_LIGHT] P: 13(13),c:0,b:59,m:2,cl:0,l:13,s:0,l0:192,l1:48,s0:0,s1:0,acl:1,opr:0.08,f(r):100,u(bl):100,if:0,wi:0,si:0,po:0(N:0)
01-24 16:34:41.432  1749  9426 I HYPER-HAL: [RequestManager.cpp]releaseLocked(): Released ID : 4075085
01-24 16:34:41.752  2721  2721 E libprocessgroup: Failed to write '0-1,5-6' to /dev/cpuset/sf/cpus: Permission denied
01-24 16:34:41.833  1729  5590 I vendor.qti.bluetooth@1.1-ibs_handler: ProcessIbsCmd: Received IBS_WAKE_IND: 0xFD
01-24 16:34:41.834  1729  5590 D vendor.qti.bluetooth@1.1-ibs_handler: SerialClockVote: vote for UART CLK ON
01-24 16:34:41.834  1729  5590 D vendor.qti.bluetooth@1.1-wake_lock: Acquire wakelock is acquired 
01-24 16:34:41.834  1729  5590 I vendor.qti.bluetooth@1.1-ibs_handler: ProcessIbsCmd: Writing IBS_WAKE_ACK
01-24 16:34:41.871  4272  5614 I ScanController: onScanResult to scannerId: 7- eventType=0x10, addressType=1, address=XX:XX:XX:XX:95:79, primaryPhy=1, secondaryPhy=0, advertisingSid=0xff, txPower=127, rssi=-82, periodicAdvInt=0x0
01-24 16:34:41.895  9122  9159 D BufferPoolAccessor2.0: bufferpool2 0xb4000073063afcb8 : 5(19200 size) total buffers - 4(15360 size) used buffers - 2557/2562 (recycle/alloc) - 7/5115 (fetch/transfer)
01-24 16:34:41.896  4272  5614 I ScanController: onScanResult to scannerId: 7- eventType=0x10, addressType=1, address=XX:XX:XX:XX:3E:3F, primaryPhy=1, secondaryPhy=0, advertisingSid=0xff, txPower=127, rssi=-91, periodicAdvInt=0x0
01-24 16:34:41.909  1849  1868 E HeatmapThread: ECT Thread time in milliseconds: 1769290481
01-24 16:34:41.916  1849  1868 D HeatmapThread: !@ batteryplugType : 2
01-24 16:34:41.916  1849  1868 D HeatmapThread: !@ batteryLevel : 20  batteryTemperature : 270 
01-24 16:34:41.916  1849  1868 D HeatmapThread: !@ Heatmap currtime: 29488174
01-24 16:34:41.916  1849  1868 D HeatmapThread: !@ Heatmap prevtime: 29488146
01-24 16:34:41.916  1849  1868 D HeatmapThread: !@ Heatmap plugstarttime: 29488146
01-24 16:34:41.917  1849  1868 D HeatmapThread: !@ Heatmap prevv_dsoh_update_time: 29485277
01-24 16:34:41.917  1849  1868 E HeatmapThread: !@ CAM New BSOH: 96
01-24 16:34:41.934  1729  5590 I vendor.qti.bluetooth@1.1-ibs_handler: ProcessIbsCmd: Received IBS_SLEEP_IND: 0xFE
01-24 16:34:41.935  1729  5590 D vendor.qti.bluetooth@1.1-ibs_handler: SerialClockVote: vote for UART CLK OFF
01-24 16:34:41.938  2492  9167 D BufferPoolAccessor2.0: bufferpool2 0xb400006f73955bc8 : 3(7500 size) total buffers - 1(3000 size) used buffers - 2559/2562 (recycle/alloc) - 2/2560 (fetch/transfer)
01-24 16:34:41.966  1729  5590 I vendor.qti.bluetooth@1.1-ibs_handler: ProcessIbsCmd: Received IBS_WAKE_IND: 0xFD
01-24 16:34:41.966  1729  5590 D vendor.qti.bluetooth@1.1-ibs_handler: SerialClockVote: vote for UART CLK ON
01-24 16:34:41.967  1729  5590 I vendor.qti.bluetooth@1.1-ibs_handler: ProcessIbsCmd: Writing IBS_WAKE_ACK
01-24 16:34:41.970  4272  5614 I ScanController: onScanResult to scannerId: 6- eventType=0x1b, addressType=1, address=XX:XX:XX:XX:CA:D0, primaryPhy=1, secondaryPhy=0, advertisingSid=0xff, txPower=127, rssi=-64, periodicAdvInt=0x0
01-24 16:34:41.973  6051  7342 I NearbyDiscovery: (REDACTED) BloomFilterAdvManager: Detected bloom filter but too far away, ignoring. %sm, %s
01-24 16:34:42.008  1729  5590 I vendor.qti.bluetooth@1.1-ibs_handler: ProcessIbsCmd: Received IBS_SLEEP_IND: 0xFE
01-24 16:34:42.008  1729  5590 D vendor.qti.bluetooth@1.1-ibs_handler: SerialClockVote: vote for UART CLK OFF
01-24 16:34:42.014  2721  3589 D ActivityManager: Received BROADCAST intent 0xf7293ff Key{broadcastIntent pkg=com.tencent.mm intent=xflg=0x4 cmp=com.tencent.mm/.booter.MMReceivers$AlarmReceiver flags=0x4000000 u=95} requestCode=110 sent=0 from uid 1000
01-24 16:34:42.019  2721  3385 I ActivityManager: Changes in 9510461 10 to 10, 0 to 128
01-24 16:34:42.020  2721  3589 D ActivityManager: Received BROADCAST intent 0xb51627f Key{broadcastIntent pkg=com.android.bluetooth intent=act=com.android.bluetooth.gatt.REFRESH_BATCHED_SCAN xflg=0x4 flags=0x4000000 u=0} requestCode=0 sent=0 from uid 1000
01-24 16:34:42.021  1839  1839 V APM_AudioPolicyManager: setAppState(portId:35, state:2)
01-24 16:34:42.023  4272  5648 I bt_shim_scanner: system/main/shim/le_scanning_manager.cc:418 BatchscanReadReports: in shim layer
01-24 16:34:42.025  1729  1729 D vendor.qti.bluetooth@1.1-ibs_handler: SerialClockVote: vote for UART CLK ON
01-24 16:34:42.025  1729  1729 I vendor.qti.bluetooth@1.1-ibs_handler: DeviceWakeUp: Writing IBS_WAKE_IND
01-24 16:34:42.031  1729  5590 I vendor.qti.bluetooth@1.1-ibs_handler: ProcessIbsCmd: Received IBS_WAKE_ACK: 0xFC
01-24 16:34:42.031  1729  5590 I vendor.qti.bluetooth@1.1-ibs_handler: ProcessIbsCmd: Signal wack_cond_
01-24 16:34:42.031  1729  1729 D vendor.qti.bluetooth@1.1-ibs_handler: DeviceWakeUp: Unblocked from waiting for FC, pthread_cond_timedwait ret = 0
01-24 16:34:42.032  1729  5590 I vendor.qti.bluetooth@1.1-ibs_handler: ProcessIbsCmd: Received IBS_WAKE_IND: 0xFD
01-24 16:34:42.032  1729  5590 I vendor.qti.bluetooth@1.1-ibs_handler: ProcessIbsCmd: Writing IBS_WAKE_ACK
01-24 16:34:42.036  2721  4844 I ActivityManager: Changes in 9510461 10 to 10, 128 to 0
01-24 16:34:42.038  1839  1839 V APM_AudioPolicyManager: setAppState(portId:35, state:2)
01-24 16:34:42.086  1729  5590 I vendor.qti.bluetooth@1.1-ibs_handler: ProcessIbsCmd: Received IBS_SLEEP_IND: 0xFE
01-24 16:34:42.465  1146  1146 D io_stats: !@   8,0 r 3103026 76974888 w 1292663 17583504 d 146828 93725552 f 63193 282010 iot 673052 0 th 0 0 0 pt 0 inp 0 0 20717.969
01-24 16:34:42.465  1146  1146 D io_stats: !@ Read_top(KB): tencent.mm:push(21921) 12 .gms.persistent(6051) 8 .gms.persistent(6248) 4
01-24 16:34:42.465  1146  1146 D io_stats: !@ Write_top(KB): kworker/u16:5(8674) 232 sait.sohservice(30987) 108 m.omarea.vtools(8380) 80
01-24 16:34:42.909  1849  1868 E HeatmapThread: ECT Thread time in milliseconds: 1769290482
01-24 16:34:42.915  1849  1868 D HeatmapThread: !@ batteryplugType : 2
01-24 16:34:42.916  1849  1868 D HeatmapThread: !@ batteryLevel : 20  batteryTemperature : 270 
01-24 16:34:42.917  1849  1868 D HeatmapThread: !@ Heatmap currtime: 29488174
01-24 16:34:42.917  1849  1868 D HeatmapThread: !@ Heatmap prevtime: 29488146
01-24 16:34:42.917  1849  1868 D HeatmapThread: !@ Heatmap plugstarttime: 29488146
01-24 16:34:42.918  1849  1868 D HeatmapThread: !@ Heatmap prevv_dsoh_update_time: 29485277
01-24 16:34:42.918  1849  1868 E HeatmapThread: !@ CAM New BSOH: 96
01-24 16:34:43.046  1729  5593 I vendor.qti.bluetooth@1.1-ibs_handler: DeviceSleep: TX Awake, Sending SLEEP_IND
01-24 16:34:43.046  1729  5593 D vendor.qti.bluetooth@1.1-ibs_handler: SerialClockVote: vote for UART CLK OFF
01-24 16:34:43.197  1729  4848 D vendor.qti.bluetooth@1.1-wake_lock: Release wakelock is released 
01-24 16:34:43.575  1739  4028 I sensors-hal: handle_sns_client_event:207, auto_rotation_debug_2 mode,255,last,255, type,2,0 main,0.627,0.292,9.772 sub,0.330,0.187,9.724, ar,0, h_ic,0, s,2, ver,14, pedo,1,e,1,i,3
01-24 16:34:43.642  1729  5590 I vendor.qti.bluetooth@1.1-ibs_handler: ProcessIbsCmd: Received IBS_WAKE_IND: 0xFD
01-24 16:34:43.642  1729  5590 D vendor.qti.bluetooth@1.1-ibs_handler: SerialClockVote: vote for UART CLK ON
01-24 16:34:43.643  1729  5590 D vendor.qti.bluetooth@1.1-wake_lock: Acquire wakelock is acquired 
01-24 16:34:43.644  1729  5590 I vendor.qti.bluetooth@1.1-ibs_handler: ProcessIbsCmd: Writing IBS_WAKE_ACK
01-24 16:34:43.653  4272  5614 I ScanController: onScanResult to scannerId: 7- eventType=0x10, addressType=1, address=XX:XX:XX:XX:3E:3F, primaryPhy=1, secondaryPhy=0, advertisingSid=0xff, txPower=127, rssi=-85, periodicAdvInt=0x0
01-24 16:34:43.657  4272  5614 I ScanController: onScanResult to scannerId: 7- eventType=0x0, addressType=1, address=XX:XX:XX:XX:B6:B4, primaryPhy=1, secondaryPhy=1, advertisingSid=0x2, txPower=127, rssi=-77, periodicAdvInt=0x0
01-24 16:34:43.693  1729  5590 I vendor.qti.bluetooth@1.1-ibs_handler: ProcessIbsCmd: Received IBS_SLEEP_IND: 0xFE
01-24 16:34:43.693  1729  5590 D vendor.qti.bluetooth@1.1-ibs_handler: SerialClockVote: vote for UART CLK OFF
01-24 16:34:43.750  2270  2270 I CNSS    : /sys/wifi/max_chipset_log_size doesn't exist
01-24 16:34:43.754  1729  5590 I vendor.qti.bluetooth@1.1-ibs_handler: ProcessIbsCmd: Received IBS_WAKE_IND: 0xFD
01-24 16:34:43.755  1729  5590 D vendor.qti.bluetooth@1.1-ibs_handler: SerialClockVote: vote for UART CLK ON
01-24 16:34:43.755  1729  5590 I vendor.qti.bluetooth@1.1-ibs_handler: ProcessIbsCmd: Writing IBS_WAKE_ACK
01-24 16:34:43.757  4272  5614 I ScanController: onScanResult to scannerId: 6- eventType=0x1b, addressType=1, address=XX:XX:XX:XX:CA:D0, primaryPhy=1, secondaryPhy=0, advertisingSid=0xff, txPower=127, rssi=-66, periodicAdvInt=0x0
01-24 16:34:43.760  6051  7342 I NearbyDiscovery: (REDACTED) BloomFilterAdvManager: Detected bloom filter but too far away, ignoring. %sm, %s
01-24 16:34:43.767  2721  6300 D SemWifiUsabilityStatsMonitor: onWifiUsabilityStats - seqNum 605, isSameBssidAndFreq true
01-24 16:34:43.768  2721  3789 D InsDataManager: onOutageCountUpdate() - Outage Data: 0, LQ : Y. Outage Triggered: false
01-24 16:34:43.768  2721  3789 D InsDataManager: Trying to save initial normal data.
01-24 16:34:43.769  2721  3789 D SensorCollector: syncMappedBuffers: 0, 0, 0
01-24 16:34:43.769  2721  3789 D InsDataManager: trimBuffers start.
01-24 16:34:43.770  2721  3789 D InsDataManager: trimBuffers - nsmBuffer size: 26
01-24 16:34:43.770  2721  3789 D InsDataManager: Too short for collecting additional normal data
01-24 16:34:43.772  2721  3789 D SemInsManager: {"bssid": "e90563b25620","rssi": -57.0,"latency": 0.0,"outage_count": 0,"lq_callback_triggered": true,"outage_log": "Unreliable statistics: -57.0 / 0 / 0 / 0 / 0 || e90563b25620: 0.000 / 0.000 / @ || N N / 0 0 / Y 2.0 / Y X 0 / 20719271 0 || Invalid""Magnetic Sensor Events size": "0""Pressure Sensor Events size": "0"}
01-24 16:34:43.776  2721  3806 D SGM:GameManager: identifyGamePackage. com.lightningstudio.watchrss, mCurrentUserId: 0, callingMethodInfo: com.samsung.android.game.SemGameManager.isGamePackage(SemGameManager.java:106)
01-24 16:34:43.775  6726  6726 I SDHMS:LOAD: type: LoadsFreqs, value: 0:0:0:572159:672000:480000:559103:614400:499200:422:422:422
01-24 16:34:43.777  2721  3806 D SGM:SemGameManager: isGamePackage(), pkgName=com.lightningstudio.watchrss, ret=false
01-24 16:34:43.796  1729  5590 I vendor.qti.bluetooth@1.1-ibs_handler: ProcessIbsCmd: Received IBS_SLEEP_IND: 0xFE
01-24 16:34:43.796  1729  5590 D vendor.qti.bluetooth@1.1-ibs_handler: SerialClockVote: vote for UART CLK OFF
01-24 16:34:43.909  1849  1868 E HeatmapThread: ECT Thread time in milliseconds: 1769290483
01-24 16:34:43.913  2721  4844 I BatteryService_BatteryPropertiesRegistrar: [getProperty]id:2
01-24 16:34:43.913  2721  4844 I BatteryService_BatteryPropertiesRegistrar: [getProperty]prop.long:-9223372036854775808 ,prop.string:null
01-24 16:34:43.915  1849  1868 D HeatmapThread: !@ batteryplugType : 2
01-24 16:34:43.915  2721  4844 I BatteryService_BatteryPropertiesRegistrar: [getProperty]id:4
01-24 16:34:43.916  1849  1868 D HeatmapThread: !@ batteryLevel : 20  batteryTemperature : 270 
01-24 16:34:43.916  2721  4844 I BatteryService_BatteryPropertiesRegistrar: [getProperty]prop.long:-9223372036854775808 ,prop.string:null
01-24 16:34:43.916  1849  1868 D HeatmapThread: !@ Heatmap currtime: 29488174
01-24 16:34:43.916  1849  1868 D HeatmapThread: !@ Heatmap prevtime: 29488146
01-24 16:34:43.916  1849  1868 D HeatmapThread: !@ Heatmap plugstarttime: 29488146
01-24 16:34:43.916  1849  1868 D HeatmapThread: !@ Heatmap prevv_dsoh_update_time: 29485277
01-24 16:34:43.916  1849  1868 E HeatmapThread: !@ CAM New BSOH: 96
01-24 16:34:43.917  2721  4844 I BatteryService_BatteryPropertiesRegistrar: [getProperty]id:6
01-24 16:34:43.917  2721  4844 I BatteryService_BatteryPropertiesRegistrar: [getProperty]prop.long:-9223372036854775808 ,prop.string:null
01-24 16:34:43.947  1729  4848 D vendor.qti.bluetooth@1.1-wake_lock: Release wakelock is released 
01-24 16:34:43.961  2721  4844 I BatteryService_BatteryPropertiesRegistrar: [getProperty]id:2
01-24 16:34:43.962  2721  4844 I BatteryService_BatteryPropertiesRegistrar: [getProperty]prop.long:-9223372036854775808 ,prop.string:null
01-24 16:34:44.250  1739 31114 I sensors-hal: handle_sns_std_sensor_event:409, [SSC_LIGHT] P: 12(12),c:0,b:59,m:2,cl:0,l:12,s:0,l0:192,l1:48,s0:0,s1:0,acl:1,opr:0.08,f(r):100,u(bl):100,if:0,wi:0,si:0,po:0(N:0)
01-24 16:34:44.466  1146  1146 D io_stats: !@   8,0 r 3103026 76974888 w 1292680 17583568 d 146828 93725552 f 63194 282013 iot 673076 0 th 0 0 0 pt 0 inp 0 0 20719.970
01-24 16:34:44.909  1849  1868 E HeatmapThread: ECT Thread time in milliseconds: 1769290484
01-24 16:34:44.914  1849  1868 D HeatmapThread: !@ batteryplugType : 2
01-24 16:34:44.915  1849  1868 D HeatmapThread: !@ batteryLevel : 20  batteryTemperature : 270 
01-24 16:34:44.916  1849  1868 D HeatmapThread: !@ Heatmap currtime: 29488174
01-24 16:34:44.916  1849  1868 D HeatmapThread: !@ Heatmap prevtime: 29488146
01-24 16:34:44.916  1849  1868 D HeatmapThread: !@ Heatmap plugstarttime: 29488146
01-24 16:34:44.916  1849  1868 D HeatmapThread: !@ Heatmap prevv_dsoh_update_time: 29485277
01-24 16:34:44.916  1849  1868 E HeatmapThread: !@ CAM New BSOH: 96
01-24 16:34:45.125  8380  9394 I NotificationManager: com.omarea.vtools: notify(256, null, Notification(channel=scene-scheduler shortcut=null contentView=com.omarea.vtools/0x7f0d00ca vibrate=null sound=null defaults=0 flags=ONGOING_EVENT|NO_CLEAR|FOREGROUND_SERVICE color=0x00000000 groupKey=silent vis=PRIVATE semFlags=0x0 semPriority=0 semMissedCount=0)) as user
01-24 16:34:45.203  2721  4844 D InputDispatcher: Inject motion (9435/2000): action=0x0, time=20720707000000, f=0x0, d=0 dsdx=1.000000 dtdx=0.000000
01-24 16:34:45.205  2721  3600 I InputDispatcher: Delivering touch to (4528): action: 0x4, f=0x0, d=0, 'a9c8494', t=1 
01-24 16:34:45.205  2721  3600 I InputDispatcher: Delivering touch to (4040): action: 0x4, f=0x0, d=0, '6e96ed2', t=1 
01-24 16:34:45.205  2721  3600 I InputDispatcher: Delivering touch to (3330): action: 0x0, f=0x0, d=0, '1734865', t=1 +(0,-38)*(0.25)
01-24 16:34:45.206  2721  3600 D PowerManagerService: [api] userActivityFromNative : touch displayId=0 eventTime=20720707
01-24 16:34:45.208  2721  3600 D PowerManagerService: UserActivityStateListenerState: 1
01-24 16:34:45.208  3330  3330 I VRI[MainActivity]@88aa8da: ViewPostIme pointer 0
01-24 16:34:45.209  2721  3367 I GestureDetector: obtain mCurrentDownEvent. id: -92501751 caller: com.android.server.wm.SystemGesturesPointerEventListener.onPointerEvent:17 com.android.server.wm.PointerEventDispatcher.onInputEvent:51 android.view.InputEventReceiver.dispatchInputEvent:392 
01-24 16:34:45.209  3330  3330 I VRI[MainActivity]@88aa8da: call setFrameRateCategory for touch hint category=high hint, reason=touch, vri=VRI[MainActivity]@88aa8da
01-24 16:34:45.209  2721  3367 I GestureDetector: obtain mCurrentDownEvent. id: -92501751 caller: com.android.server.wm.SystemPerformancePointerEventListener.onPointerEvent:13 com.android.server.wm.PointerEventDispatcher.onInputEvent:51 android.view.InputEventReceiver.dispatchInputEvent:392 
01-24 16:34:45.210  2721  4844 D InputDispatcher: Inject motion (9435/2000): action=0x1, time=20720707000000, f=0x0, d=0 dsdx=1.000000 dtdx=0.000000
01-24 16:34:45.211  2721  3600 I InputDispatcher: Delivering touch to (3330): action: 0x1, f=0x0, d=0, '1734865', t=1 +(0,-38)*(0.25)
01-24 16:34:45.211  3330  3330 I VRI[MainActivity]@88aa8da: ViewPostIme pointer 1
01-24 16:34:45.209  4528  4528 I HoneySpace.TaskbarView@138592109: operateTouchOutside()
01-24 16:34:45.213  4528  4528 I HoneySpace.TaskbarView@138592109: animateShowHide() show = [false -> false] force = false, progress = 0.0, last requested = false, immediate = false
01-24 16:34:45.213  4528  4528 I HoneySpace.TaskbarControllerImpl@OneUI: updateTaskbarState() : floatingTaskbarState:Hidden
01-24 16:34:45.213  4528  4528 I HoneySpace.TaskbarControllerImpl@OneUI: updateTaskbarState() touchRegionHeight to 77
01-24 16:34:45.213  4528  4528 I HoneySpace.TaskbarControllerImpl@OneUI: updateTouchRect bottom = 360, view bottom = 360, cutout = 0, touchHeight = 30, bounds  bottom = 466, system bottom = 0, insets bottom = 30, sideWidth = 59
01-24 16:34:45.213  4528  4528 I HoneySpace.TaskbarView@138592109: animateShowHide() skip already requested visibility
01-24 16:34:45.213  1854  1854 I SurfaceFlinger: [com.lightningstudio.watchrss/com.lightningstudio.watchrss.MainActivity$_3330#601] setFrameRateCategory: HighHint
01-24 16:34:45.213  2721  3367 I GestureDetector: obtain mCurrentMotionEventRaw. action: 1 id: -612713205
01-24 16:34:45.214  2721  3367 I GestureDetector: obtain mCurrentMotionEventRaw. action: 1 id: -612713205
01-24 16:34:45.214  6726  6726 I SemDvfsHyPerManager: acquire hyper - TATouchBoost/6726@30, type = -999
01-24 16:34:45.214  1854  3840 I VSyncReactor: Current= 120, Period= 120, Distance= 0
01-24 16:34:45.214  4528  4528 I HoneySpace.GestureInputHandler: inputConsumers = [com.honeyspace.gesture.inputconsumer.InputConsumer$Companion$NO_OP$1@e257847]
01-24 16:34:45.214  4528  4528 I HoneySpace.InputSession: inputConsumers = NO_OP
01-24 16:34:45.215  6726  6726 I SemDvfsHyPerManager: acquire hyper - TA_TOUCH_SHARE/6726@31, type = -999
01-24 16:34:45.215  4528  4528 I HoneySpace.InputSession: open
01-24 16:34:45.216  2721  4844 D ActivityTaskManager: startActivityAsUser: callingPid=3330, callingUid=10351, caller=com.android.server.wm.ActivityTaskManagerService.startActivity:123 android.app.IActivityTaskManager$Stub.onTransact:1493 com.android.server.wm.ActivityTaskManagerService.onTransact:1 android.os.Binder.execTransactInternal:1457 android.os.Binder.execTransact:1401 <bottom of call stack> <bottom of call stack> 
01-24 16:34:45.216  4528  4528 I HoneySpace.GestureInputHandler: reset
01-24 16:34:45.216  4528  4528 I HoneySpace.InputSession: close
01-24 16:34:45.216  4528  4528 I HoneySpace.TaskbarControllerImpl@OneUI: touchRegion = SkRegion((0,330,466,360))
01-24 16:34:45.217  1749  1777 I HYPER-HAL: [RequestManager.cpp]acquire(): Acquired ID : 22825176  [6726 / 30]    HINT :      list : [TABoost / 1] [TIMEOUT / 1500] 
01-24 16:34:45.218  2721  4844 W Thanox-Core: AppLaunchStateManager, aboutToLaunch: Pkg{pkgName='com.lightningstudio.watchrss', userId=0}
01-24 16:34:45.219  2721  4844 W Thanox-Core: mayEnableAppOnStartActivityIntent activityPackages: [com.lightningstudio.watchrss]
01-24 16:34:45.220  2721  4844 W Thanox-Core: mayEnableAppOnStartActivityIntent pkg: Pkg{pkgName='com.lightningstudio.watchrss', userId=0}
01-24 16:34:45.220  1749  1777 I HYPER-HAL: [RequestManager.cpp]acquire(): Acquired ID : 22831934  [6726 / 31]    HINT : TA_TOUCH_SHARE    list : [TIMEOUT / 1500] 
01-24 16:34:45.222  1854  3840 I VSyncReactor: Current= 120, Period= 120, Distance= 120
01-24 16:34:45.222  2721  4844 D ActivityTaskManager: DesktopModeLaunchParamsModifier: task=null activity=null task null, skipping
01-24 16:34:45.223  2721  4844 D ActivityTaskManager: TaskLaunchParamsModifier:task=null activity=null display-area-from-source=DefaultTaskDisplayArea_d0@182269126 display-id=0 task-display-area-windowing-mode=1 suggested-display-area=DefaultTaskDisplayArea_d0@182269126
01-24 16:34:45.224  2721  4844 W Thanox-Core: ActivityStartInterceptor. intercept
01-24 16:34:45.224  2721  4844 W Thanox-Core: ActivityStartInterceptor, callingUid: 0
01-24 16:34:45.224  2721  4844 W Thanox-Core: ActivityStartInterceptor activityInfoActivityInfo{34d970d com.lightningstudio.watchrss.ProfileActivity}
01-24 16:34:45.224  2721  4844 W Thanox-Core: ActivityStartInterceptor, callingPackage: com.lightningstudio.watchrss
01-24 16:34:45.224  2721  4844 W Thanox-Core: ActivityStartInterceptor, userId: 0
01-24 16:34:45.224  2721  4844 W Thanox-Core: ActivityStartInterceptor launchOtherAppMode: 0
01-24 16:34:45.224  2721  4844 D ActivityTaskManager: Non-opaque activity is created, styleTranslucent=true, r=ActivityRecord{220034754 u0 com.lightningstudio.watchrss/.ProfileActivity
01-24 16:34:45.226  2721  4844 W OptProp : Cannot read opt property android.window.PROPERTY_COMPAT_ALLOW_USER_ASPECT_RATIO_OVERRIDE
01-24 16:34:45.226  2721  4844 W OptProp : Cannot read opt property android.window.PROPERTY_COMPAT_ALLOW_USER_ASPECT_RATIO_FULLSCREEN_OVERRIDE
01-24 16:34:45.226  2721  4844 W OptProp : Cannot read opt property android.window.PROPERTY_COMPAT_ALLOW_RESIZEABLE_ACTIVITY_OVERRIDES
01-24 16:34:45.226  2721  4844 W OptProp : Cannot read opt property android.window.PROPERTY_COMPAT_ALLOW_MIN_ASPECT_RATIO_OVERRIDE
01-24 16:34:45.227  2721  4844 D WindowManager: Transition is created, t=TransitionRecord{9268010 id=-1 type=OPEN flags=0x0}, caller=com.android.server.wm.Transition.<init>:182 com.android.server.wm.TransitionController.createAndStartCollecting:106 com.android.server.wm.ActivityStarter.executeRequest:3537 java.lang.reflect.Method.invoke:-2 qFKUBH.ivlPs.H.VJI.K.oLb.e.ur.HookBridge.invokeOriginalMethod:-2 
01-24 16:34:45.227  2721  4844 D BLASTSyncEngine: SyncGroup is created, id=28, name=Transition-OPEN, caller=com.android.server.wm.BLASTSyncEngine$SyncGroup.<init>:52 com.android.server.wm.TransitionController.moveToCollecting:79 com.android.server.wm.TransitionController.createAndStartCollecting:109 com.android.server.wm.ActivityStarter.executeRequest:3537 java.lang.reflect.Method.invoke:-2 qFKUBH.ivlPs.H.VJI.K.oLb.e.ur.HookBridge.invokeOriginalMethod:-2 org.lsposed.lspd.impl.LSPosedBridge$NativeHooker.callback:189 
01-24 16:34:45.228  2721  4844 W BLASTSyncEngine: setSyncMethod, id=28, method=0, caller=com.android.server.wm.TransitionController.moveToCollecting:91 com.android.server.wm.TransitionController.createAndStartCollecting:109 com.android.server.wm.ActivityStarter.executeRequest:3537 
01-24 16:34:45.228  2721  4844 V WindowManager: Start collecting in Transition: TransitionRecord{9268010 id=28 type=OPEN flags=0x0}, caller=com.android.server.wm.TransitionController.createAndStartCollecting:109 com.android.server.wm.ActivityStarter.executeRequest:3537 java.lang.reflect.Method.invoke:-2 qFKUBH.ivlPs.H.VJI.K.oLb.e.ur.HookBridge.invokeOriginalMethod:-2 org.lsposed.lspd.impl.LSPosedBridge$NativeHooker.callback:189 
01-24 16:34:45.228  2721  4844 V WindowManager: Collecting in transition 28: ActivityRecord{220034754 u0 com.lightningstudio.watchrss/.ProfileActivity t-1}, caller=com.android.server.wm.TransitionController.collect:7 com.android.server.wm.ActivityStarter.startActivityUnchecked:192 com.android.server.wm.ActivityStarter.executeRequest:3581 java.lang.reflect.Method.invoke:-2 qFKUBH.ivlPs.H.VJI.K.oLb.e.ur.HookBridge.invokeOriginalMethod:-2 
01-24 16:34:45.228  2721  4844 D ActivityTaskManager: DesktopModeLaunchParamsModifier: task=null activity=ActivityRecord{220034754 u0 com.lightningstudio.watchrss/.ProfileActivity t-1} task null, skipping
01-24 16:34:45.228  2721  4844 D ActivityTaskManager: TaskLaunchParamsModifier:task=null activity=ActivityRecord{220034754 u0 com.lightningstudio.watchrss/.ProfileActivity t-1} display-area-from-source=DefaultTaskDisplayArea_d0@182269126 display-id=0 task-display-area-windowing-mode=1 suggested-display-area=DefaultTaskDisplayArea_d0@182269126
01-24 16:34:45.229  2721  4844 D ActivityTaskManager: DesktopModeLaunchParamsModifier: task=Task{bdb56c6 #1909 type=standard A=10351:com.lightningstudio.watchrss} activity=ActivityRecord{220034754 u0 com.lightningstudio.watchrss/.ProfileActivity t-1} non-desktop, skipping
01-24 16:34:45.229  2721  4844 D ActivityTaskManager: TaskLaunchParamsModifier:task=Task{bdb56c6 #1909 type=standard A=10351:com.lightningstudio.watchrss} activity=ActivityRecord{220034754 u0 com.lightningstudio.watchrss/.ProfileActivity t-1} display-area-from-source=DefaultTaskDisplayArea_d0@182269126 display-id=0 task-display-area-windowing-mode=1 suggested-display-area=DefaultTaskDisplayArea_d0@182269126 inherit-from-source=fullscreen non-freeform-task-display-area display-area=DefaultTaskDisplayArea_d0@182269126 default-portrait freeform-size-mismatch=Rect(128, 175 - 338, 385)
01-24 16:34:45.230  2721  4844 I SemDvfsHyPerManager: acquire hyper - AMS_ACT_START/2721@16, type = -999
01-24 16:34:45.230  2721  4844 D ActivityManagerPerformance: AMP_acquire() ACT_START
01-24 16:34:45.230  1749  1777 I HYPER-HAL: [RequestManager.cpp]acquire(): Acquired ID : 3746969  [2721 / 16]    HINT : AMS_ACT_START    list : 
01-24 16:34:45.231  2721  4844 D ActivityTaskManager: DesktopModeLaunchParamsModifier: task=Task{bdb56c6 #1909 type=standard A=10351:com.lightningstudio.watchrss} activity=ActivityRecord{220034754 u0 com.lightningstudio.watchrss/.ProfileActivity t-1} non-desktop, skipping
01-24 16:34:45.231  2721  4844 D ActivityTaskManager: TaskLaunchParamsModifier:task=Task{bdb56c6 #1909 type=standard A=10351:com.lightningstudio.watchrss} activity=ActivityRecord{220034754 u0 com.lightningstudio.watchrss/.ProfileActivity t-1} display-area-from-source=DefaultTaskDisplayArea_d0@182269126 display-id=0 task-display-area-windowing-mode=1 suggested-display-area=DefaultTaskDisplayArea_d0@182269126 inherit-from-source=fullscreen non-freeform-task-display-area display-area=DefaultTaskDisplayArea_d0@182269126 default-portrait freeform-size-mismatch=Rect(128, 175 - 338, 385)
01-24 16:34:45.232  2721  4844 W OptProp : Cannot read opt property android.window.PROPERTY_COMPAT_ALLOW_ORIENTATION_OVERRIDE
01-24 16:34:45.234  1854  3840 I SurfaceFlinger: id=658 createSurf, flag=84004, ActivityRecord{220034754 u0 com.lightningstudio.watchrss/.ProfileActivity t1909}#658
01-24 16:34:45.236  2721  4844 V WindowManager: Checking theme of starting window: 0x7f110169
01-24 16:34:45.236  2721  4844 V WindowManager: Translucent=true Floating=false ShowWallpaper=false Disable=false
01-24 16:34:45.236  2721  4844 D ActivityTaskManager: addStartingWindow: type=0 typeParameter=2c
01-24 16:34:45.237  2721  4844 D ActivityTaskManager: scheduleTopResumedActivityChanged, onTop=false, r=ActivityRecord{197043361 u0 com.lightningstudio.watchrss/.MainActivity t1909}, caller=com.android.server.wm.ActivityTaskSupervisor.scheduleTopResumedActivityStateLossIfNeeded:19 com.android.server.wm.ActivityTaskSupervisor.updateTopResumedActivityIfNeeded:20 com.android.server.wm.TaskFragment.setResumedActivity:75 com.android.server.wm.ActivityRecord.setState:91 java.lang.reflect.Method.invoke:-2 qFKUBH.ivlPs.H.VJI.K.oLb.e.ur.HookBridge.invokeOriginalMethod:-2 
01-24 16:34:45.239  1854  1854 D SurfaceFlinger: GPIS:: requestGPISForClientComposition
01-24 16:34:45.239  2721  4844 V WindowManager: Collecting in transition 28: ActivityRecord{220034754 u0 com.lightningstudio.watchrss/.ProfileActivity t1909}, caller=com.android.server.wm.Transition.collectExistenceChange:40 com.android.server.wm.ActivityStarter.handleStartResult:761 com.android.server.wm.ActivityStarter.startActivityUnchecked:218 com.android.server.wm.ActivityStarter.executeRequest:3581 java.lang.reflect.Method.invoke:-2 
01-24 16:34:45.239  2721  4841 E libprocessgroup: Failed to write '2-6' to /dev/cpuset/sf/cpus: Permission denied
01-24 16:34:45.240  2721  4844 V WindowManager: Requesting StartTransition: TransitionRecord{9268010 id=28 type=OPEN flags=0x0 c=[
01-24 16:34:45.240  2721  4844 V WindowManager:    ChangeInfo{d18732f container=DefaultTaskDisplayArea_d0@182269126 flags=0x0}
01-24 16:34:45.240  2721  4844 V WindowManager:    ChangeInfo{bdb8d3c container=Task{bdb56c6 #1909 type=standard A=10351:com.lightningstudio.watchrss} flags=0x0}
01-24 16:34:45.240  2721  4844 V WindowManager:    ChangeInfo{9eb9ac5 container=ActivityRecord{220034754 u0 com.lightningstudio.watchrss/.ProfileActivity t1909} flags=0x0}
01-24 16:34:45.240  2721  4844 V WindowManager:    ChangeInfo{bd71c1a container=Display{#0 state=ON size=466x466 ROTATION_0} flags=0x0}
01-24 16:34:45.240  2721  4844 V WindowManager: ]
01-24 16:34:45.240  2721  4844 V WindowManager: }, caller=com.android.server.wm.ActivityStarter.handleStartResult:982 com.android.server.wm.ActivityStarter.startActivityUnchecked:218 com.android.server.wm.ActivityStarter.executeRequest:3581 java.lang.reflect.Method.invoke:-2 qFKUBH.ivlPs.H.VJI.K.oLb.e.ur.HookBridge.invokeOriginalMethod:-2 
01-24 16:34:45.242  2721  4844 I Pageboost: stop alp
01-24 16:34:45.242  2721  4844 I ActivityTaskManager: START u0 {xflg=0x4 cmp=com.lightningstudio.watchrss/.ProfileActivity} with LAUNCH_MULTIPLE from uid 10351 (sr=197043361) (BAL_ALLOW_VISIBLE_WINDOW) result code=0
01-24 16:34:45.243  5188  5188 E pageboostd: Received HALT command code 2
01-24 16:34:45.245  4040  4100 V WindowManagerShell: Transition requested (#28): android.os.BinderProxy@13fc946 TransitionRequestInfo { type = OPEN, triggerTask = TaskInfo{userId=0 taskId=1909 effectiveUid=10351 displayId=0 isRunning=true baseIntent=Intent { act=android.intent.action.MAIN cat=[android.intent.category.LAUNCHER] flg=0x10200000 cmp=com.lightningstudio.watchrss/.MainActivity } baseActivity=ComponentInfo{com.lightningstudio.watchrss/com.lightningstudio.watchrss.MainActivity} topActivity=ComponentInfo{com.lightningstudio.watchrss/com.lightningstudio.watchrss.ProfileActivity} origActivity=null realActivity=ComponentInfo{com.lightningstudio.watchrss/com.lightningstudio.watchrss.MainActivity} numActivities=2 lastActiveTime=173859300 supportsMultiWindow=true resizeMode=1 isResizeable=true minWidth=-1 minHeight=-1 maxWidth=-1 maxHeight=-1 defaultMinSize=220 desktopDefaultMinSize=304 token=WCT{android.window.IWindowContainerToken$Stub$Proxy@9a03707} topActivityType=1 pictureInPictureParams=null shouldDockBigOverlays=false launchIntoPipHostTaskId=-1 lastParentTaskIdBeforePip=-1 displayCutoutSafeInsets=Rect(0, 0 - 0, 0) topActivityInfo=ActivityInfo{65c034 com.lightningstudio.watchrss.ProfileActivity} launchCookies=[android.os.BinderProxy@6117eee] positionInParent=Point(0, 0) parentTaskId=-1 isFocused=true isVisible=true isVisibleRequested=true isTopActivityNoDisplay=false isSleeping=false locusId=null displayAreaFeatureId=1 isTopActivityTransparent=true isActivityStackTransparent=false lastNonFullscreenBounds=Rect(128, 175 - 338, 385) capturedLink=null capturedLinkTimestamp=0 requestedVisibleTypes=-9 topActivityRequestOpenInBrowserEducationTimestamp=0 appCompatTaskInfo=AppCompatTaskInfo { topActivityInSizeCompat=false eligibleForLetterboxEducation= false isLetterboxEducationEnabled= false isLetterboxDoubleTapEnabled= false eligibleForUserAspectRatioButton= true topActivityBoundsLetterboxed= false isFromLetterboxDoubleTap= false topActivityLetterboxVerticalPosition= -1 topActivityLetterboxHorizontalPosition= -1 topActivityLetterboxWidth=-1 topActivityLetterboxHeight=-1 topActivityAppBounds=Rect(0, 0 - 466, 466) isUserFullscreenOverrideEnabled=false isSystemFullscreenOverrideEnabled=false hasMinAspectRatioOverride=false topActivityLetterboxBounds=null cameraCompatTaskInfo=CameraCompatTaskInfo { freeformCameraCompatMode=inactive} topActivityBounds=null topActivityInDisplayCompat=false singleTapFromLetterbox=false} topActivityMainWindowFrame=null originallySupportedMultiWindow=true hasWallpaper=false rootAffinity=10351:com.lightningstudio.watchrss isTopTaskInStage=false CoverLauncherWidgetTask=false LaunchedFromAppsCoverLauncherTask=false LaunchedFromMultistarCoverLauncherTask=false isAllowedSeamlessRotation=false isTopTransparentActivity=false isAliasManaged=false hasConfigChanged=false snappingGuideBounds=null isAiKeyRemoveAppTask=false lastDesktopWindowingBounds=null lastExternalDesktopWindowingBounds=null isTopFullScreenWindow=true isFullSizeWindow=trueisHandleImmersive=true safeCutoutInsets=Rect(-100000, -100000 - 100000, 100000)}, pipChange = null, remoteTransition = null, displayChange = null, flags = 0, debugId = 28 }
01-24 16:34:45.245  1854  5052 D NativeSemDvfsManager: acquire:: timeout = 2000 mIsAcquired = 1  mTagName : SurfaceFlinger 
01-24 16:34:45.246  4040  4100 V ShellDesktopMode: DesktopTasksController: isDesktopModeShowing: hasVisibleTasks=false hasTopTransparentFullscreenTask=false
01-24 16:34:45.246  4040  4100 V ShellDesktopMode: DesktopTasksController: isDesktopModeShowing: hasVisibleTasks=false hasTopTransparentFullscreenTask=false
01-24 16:34:45.246  4040  4100 D ShellSplitScreen: logExit: no-op, mLoggerSessionId is null
01-24 16:34:45.247  1854  5052 E NativeCustomFrequencyManager: [NativeCFMS] BpCustomFrequencyManager::acquire()
01-24 16:34:45.247  1854  1854 I SurfaceFlinger: [ActivityRecord{220034754 u0 com.lightningstudio.watchrss/.ProfileActivity t1909}#658] attach to parent LayerHierarchy{RequestedLayerState{Task=1909#584 parentId=11 z=4} 3 children}
01-24 16:34:45.247  1749  1777 I HYPER-HAL: [RequestManager.cpp]acquire(): Acquired ID : 4075085  [1854 / 1000]    HINT : SF_GPU_MINLOCK    list : [TIMEOUT / 2000] 
01-24 16:34:45.249  4040  4100 D ShellDesktopMode: handleRequest: TransitionRequestInfo {type=1, tid=1909, debugId=28}
01-24 16:34:45.251  4040  4100 V ShellDesktopMode: DesktopTasksController: handleFullscreenTaskLaunch
01-24 16:34:45.251  4040  4100 V ShellDesktopMode: DesktopTasksController: isDesktopModeShowing: hasVisibleTasks=false hasTopTransparentFullscreenTask=false
01-24 16:34:45.251  4040  4100 V ShellDesktopMode: DesktopTasksController: handleRequest result=null
01-24 16:34:45.254  2721  4841 V WindowManager: Collecting in transition 28: ActivityRecord{220034754 u0 com.lightningstudio.watchrss/.ProfileActivity t1909}, caller=com.android.server.wm.TransitionController.collect:7 com.android.server.wm.ActivityRecord.setVisibility:132 com.android.server.wm.ActivityRecord.makeVisibleIfNeeded:36 com.android.server.wm.EnsureActivitiesVisibleHelper.setActivityVisibilityState:298 com.android.server.wm.EnsureActivitiesVisibleHelper.process:281 
01-24 16:34:45.254  2721  3762 D BackgroundInstallControlService: Package event received: 0
01-24 16:34:45.255  2721  4841 V WindowManager: Computed rotation=ROTATION_0 (0) for display id=0 based on lastOrientation=SCREEN_ORIENTATION_UNSPECIFIED (-1) and oldRotation=ROTATION_0 (0), caller=com.android.server.wm.DisplayRotation.updateOrientation:79 com.android.server.wm.DisplayContent.updateOrientation:41 com.android.server.wm.DisplayContent.updateOrientationAndComputeConfig:48 com.android.server.wm.RootWindowContainer.ensureVisibilityAndConfig:7 com.android.server.wm.ActivityTaskSupervisor.realStartActivityLocked:195 com.android.server.wm.ActivityTaskSupervisor.startSpecificActivity:27 
01-24 16:34:45.256  2721  4841 V WindowManager: Collecting in transition 28: ActivityRecord{220034754 u0 com.lightningstudio.watchrss/.ProfileActivity t1909}, caller=com.android.server.wm.TransitionController.collect:7 com.android.server.wm.ActivityRecord.setVisibility:132 com.android.server.wm.ActivityTaskSupervisor.realStartActivityLocked:222 com.android.server.wm.ActivityTaskSupervisor.startSpecificActivity:27 com.android.server.wm.TaskFragment.resumeTopActivity:2104 
01-24 16:34:45.257  2721  4841 D SGM:FgCheckThread: notifyAppCreated(), packageName: com.lightningstudio.watchrss, userId: 0, sendRet: true
01-24 16:34:45.257  2721  3627 D SGM:FgCheckThread: onLooperPrepared(), msg: MSG_APP_CREATE, pkgName: com.lightningstudio.watchrss, userId: 0
01-24 16:34:45.258  1786  9197 W qdgralloc: getInterlacedFlag: getMetaData returned 3, defaulting to interlaced_flag = 0
01-24 16:34:45.258  2721  4841 D InputDispatcher: Focused application(0): ActivityRecord{220034754 u0 com.lightningstudio.watchrss/.ProfileActivity t1909}
01-24 16:34:45.258  1786  9197 W qdgralloc: getInterlacedFlag: getMetaData returned 3, defaulting to interlaced_flag = 0
01-24 16:34:45.259  2721  4841 D WindowManager: Changing focus from Window{1734865 u0 com.lightningstudio.watchrss/com.lightningstudio.watchrss.MainActivity} to null displayId=0 Callers=com.android.server.wm.ActivityTaskManagerService.setLastResumedActivityUncheckLocked:264 com.android.server.wm.ActivityTaskSupervisor.updateTopResumedActivityIfNeeded:51 com.android.server.wm.TaskFragment.setResumedActivity:75 com.android.server.wm.ActivityRecord.setState:116 
01-24 16:34:45.260  2721  4841 V SystemKeyManager: updateFocusedWindow() is called, 
01-24 16:34:45.261  2721  4841 D ActivityTaskManager: scheduleTopResumedActivityChanged, onTop=true, r=ActivityRecord{220034754 u0 com.lightningstudio.watchrss/.ProfileActivity t1909}, caller=com.android.server.wm.ActivityTaskSupervisor.scheduleTopResumedActivityStateIfNeeded:18 com.android.server.wm.ActivityTaskSupervisor.updateTopResumedActivityIfNeeded:54 com.android.server.wm.TaskFragment.setResumedActivity:75 com.android.server.wm.ActivityRecord.setState:116 java.lang.reflect.Method.invoke:-2 qFKUBH.ivlPs.H.VJI.K.oLb.e.ur.HookBridge.invokeOriginalMethod:-2 
01-24 16:34:45.262  1786  9197 W qdgralloc: getInterlacedFlag: getMetaData returned 3, defaulting to interlaced_flag = 0
01-24 16:34:45.262  1786  9197 W qdgralloc: getInterlacedFlag: getMetaData returned 3, defaulting to interlaced_flag = 0
01-24 16:34:45.264  9122  9166 D PipelineWatcher: onInputBufferReleased: frameIndex not found (122); ignored
01-24 16:34:45.264  2721  4841 D SurfaceComposerClient: setCornerRadius ## 1734865 com.lightningstudio.watchrss/com.lightningstudio.watchrss.MainActivity#600 cornerRadius=0.000000
01-24 16:34:45.264  9122  9166 D PipelineWatcher: onInputBufferReleased: frameIndex not found (123); ignored
