01-24 16:50:41.361  2721  3375 V InputMethodManagerService: setWindowStateInner, windowToken=android.os.BinderProxy@3b531f5, state=ImeTargetWindowState{ imeToken android.os.Binder@2c6b560 imeFocusChanged true hasEditorFocused false requestedImeVisible false imeDisplayId 0 softInputModeState STATE_UNSPECIFIED|ADJUST_PAN|IS_FORWARD_NAVIGATION isStartInputByGainFocus true}
01-24 16:50:41.361  2721  3375 I ImeTracker: system_server:62013b4e: onCancelled at PHASE_SERVER_SHOULD_HIDE
01-24 16:50:41.361  2721  3375 V InputMethodManagerService: hideCurrentInputLocked : canceled, shouldHideSoftInput=false, mInputShown=false, mImeWindowVis=0
01-24 16:50:41.361  2721  3376 D SurfaceComposerClient: setCornerRadius ## 1dd1b8a com.lightningstudio.watchrss/com.lightningstudio.watchrss.ProfileActivity#778 cornerRadius=0.000000
01-24 16:50:41.362  6557  6557 I Module  : DeviceLockedStatusModuleProvider$Module.updateDeviceLockedStatus():103 repeatCheckTimes = 1, locked = false
01-24 16:50:41.362  2721  3376 D SurfaceComposerClient: setCornerRadius ## b0732b3 com.lightningstudio.watchrss/com.lightningstudio.watchrss.MainActivity#756 cornerRadius=0.000000
01-24 16:50:41.363 11725 11751 D PipelineWatcher: onInputBufferReleased: frameIndex not found (558); ignored
01-24 16:50:41.364  2721  4856 W PackageConfigPersister: App-specific configuration not found for packageName: com.lightningstudio.watchrss and userId: 0
01-24 16:50:41.364  1786 11772 W qdgralloc: getInterlacedFlag: getMetaData returned 3, defaulting to interlaced_flag = 0
01-24 16:50:41.364  1854  1854 I SurfaceFlinger: [Surface(name=17c56bc InputMethod)/@0x1fec154 - animation-leash of insets_animation#785] attach to parent LayerHierarchy{RequestedLayerState{WindowToken{560e468 type=2011 android.os.Binder@c853b8b}#151 parentId=16} 2 children}
01-24 16:50:41.364  1786 11772 W qdgralloc: getInterlacedFlag: getMetaData returned 3, defaulting to interlaced_flag = 0
01-24 16:50:41.369 11725 11751 D PipelineWatcher: onInputBufferReleased: frameIndex not found (559); ignored
01-24 16:50:41.372  1854  1854 I SurfaceFlinger: RequestedLayer [Surface(name=17c56bc InputMethod)/@0[...]mation-leash of insets_animation#785] hidden!! flag  from(1) --> to(0)
01-24 16:50:41.373  1854  1854 E SurfaceFlinger: alpha changed 1.000 -> 0.000 - Surface(name=17c56bc InputMethod)/@0x1fec154 - animation-leash of insets_animation#785
01-24 16:50:41.373  1854  1854 I SurfaceFlinger: [LayerHierarchy{RequestedLayerState{ImeContainer#16 parentId=777 relativeParentId=778 z=1} 1 children}] reparent to LayerHierarchy{RequestedLayerState{ActivityRecord{250791399 u0 com.lightningstudio.watchrss/.ProfileActivity t1910}#777 parentId=783 z=3} 3 children}
01-24 16:50:41.373  1854  1854 I SurfaceFlinger: [LayerHierarchy{RequestedLayerState{ImeContainer#16 parentId=777 relativeParentId=778 z=1} 1 children}] RelativeParent to LayerHierarchy{RequestedLayerState{1dd1b8a com.lightningstudio.watchrss/com.lightningstudio.watchrss.ProfileActivity#778 parentId=777} 2 children}
01-24 16:50:41.373  1854  1854 I SurfaceFlinger: [LayerHierarchy{RequestedLayerState{17c56bc InputMethod#153 parentId=785} no children}] reparent to LayerHierarchy{RequestedLayerState{Surface(name=17c56bc InputMethod)/@0x1fec154 - animation-leash of insets_animation#785 parentId=151} 1 children}
01-24 16:50:41.373  1854  1854 I SurfaceFlinger: [LayerHierarchy{RequestedLayerState{Surface(name=17c56bc InputMethod)/@0x1fec154 - animation-leash of insets_animation#776} no children}] reparent to OffscreenRoot
01-24 16:50:41.373  1854  1854 I SurfaceFlinger: [LayerHierarchy{RequestedLayerState{Surface(name=17c56bc InputMethod)/@0x1fec154 - animation-leash of insets_animation#776} no children}] RelativeParent to null
01-24 16:50:41.373  1786 11772 W qdgralloc: getInterlacedFlag: getMetaData returned 3, defaulting to interlaced_flag = 0
01-24 16:50:41.373  1786 11772 W qdgralloc: getInterlacedFlag: getMetaData returned 3, defaulting to interlaced_flag = 0
01-24 16:50:41.375  1854  2204 I SurfaceFlinger: id=776 Removed Surface(name=17c56bc InputMethod)/@0x1fec154 - animation-leash of insets_animation#776 (193)
01-24 16:50:41.375  1786 11772 W qdgralloc: getInterlacedFlag: getMetaData returned 3, defaulting to interlaced_flag = 0
01-24 16:50:41.376  1786 11772 W qdgralloc: getInterlacedFlag: getMetaData returned 3, defaulting to interlaced_flag = 0
01-24 16:50:41.376 11725 11751 D PipelineWatcher: onInputBufferReleased: frameIndex not found (560); ignored
01-24 16:50:41.378 11725 11751 D PipelineWatcher: onInputBufferReleased: frameIndex not found (561); ignored
01-24 16:50:41.380 11930 12033 I PandoraEx.PMonitorTrace: updateLaunchIdCache, launchId: DE494B316FAF0EAB2A305D4A44058271, isMainProcess: true
01-24 16:50:41.380 11930 12033 I PandoraEx.AppVersionHelper: parseMetaData, appVersionFromMeta: , buildNoFromMeta: 30025_7116
01-24 16:50:41.380  6557  6557 I InputMethodService: scheduleImeSurfaceRemoval: removeImeSurface is posted.
01-24 16:50:41.381  1854  1854 I SurfaceFlinger: destroyed Surface(name=17c56bc InputMethod)/@0x1fec154 - animation-leash of insets_animation#776 form LifecycleManager
01-24 16:50:41.381  1854  1854 I SurfaceFlinger: id=776 onLayerDestroyed from LayerHierarchyBuilder(RequestedLayerState{Surface(name=17c56bc InputMethod)/@0x1fec154 - animation-leash of insets_animation#776 !handle})
01-24 16:50:41.382  1854  1854 I Layer   : id=776 Destroyed Surface(name=17c56bc InputMethod)/@0x1fec154 - animation-leash of insets_animation#776
01-24 16:50:41.389  1786 11772 W qdgralloc: getInterlacedFlag: getMetaData returned 3, defaulting to interlaced_flag = 0
01-24 16:50:41.390  1786 11772 W qdgralloc: getInterlacedFlag: getMetaData returned 3, defaulting to interlaced_flag = 0
01-24 16:50:41.390   738   758 W NetworkConnectionChecke: Unknown host google.com
01-24 16:50:41.390   738   758 I NetworkConnectionChecke: Network connection: false
01-24 16:50:41.390  2721  3845 D NetdEventListenerService: DNS Requested by 100, 10202(com.google.audio.hearing.visualization.accessibility.scribe), 4(FAIL), isBlocked=true, 0ms
01-24 16:50:41.391 11930 12033 I PandoraEx.ReporterMachine: start, isStarted: false, PMonitor.hasAgreeUserPolicy = true
01-24 16:50:41.391 11930 12033 D PandoraEx.PMonitorReporterMachine: reportCacheData mainProcess
01-24 16:50:41.391 11930 12252 D PandoraEx.UVEventReport: ignore dau report because of sample rate
01-24 16:50:41.392 11930 12033 D PandoraEx.ext.d.Report: start = false
01-24 16:50:41.393  1786 11772 W qdgralloc: getInterlacedFlag: getMetaData returned 3, defaulting to interlaced_flag = 0
01-24 16:50:41.394  1786 11772 W qdgralloc: getInterlacedFlag: getMetaData returned 3, defaulting to interlaced_flag = 0
01-24 16:50:41.393 11725 11751 D PipelineWatcher: onInputBufferReleased: frameIndex not found (562); ignored
01-24 16:50:41.395 11930 12033 I PandoraEx.JsonUpload: url: https://compliance.tdos.qq.com/compliance/v1/config/900035564/
01-24 16:50:41.396 11725 11751 D PipelineWatcher: onInputBufferReleased: frameIndex not found (563); ignored
01-24 16:50:41.405  1786 11772 W qdgralloc: getInterlacedFlag: getMetaData returned 3, defaulting to interlaced_flag = 0
01-24 16:50:41.405 11930 12043 D PandoraEx.MeasureCore: exist same version RAFTComConfig{comName='RFix-Android', comVersion='2.1.1-beta1'}
01-24 16:50:41.405  1786 11772 W qdgralloc: getInterlacedFlag: getMetaData returned 3, defaulting to interlaced_flag = 0
01-24 16:50:41.406 11930 12043 D PandoraEx.ATTAReporter: Req https://h.trace.qq.com/kv msg {"attaid":"08500061666","token":"3978713261","type":"batch","version":"v1.0.0","datas":["com_name=RFix-Android&com_ver=2.1.1-beta1&rate=5&sli_type=launch&app_id=com.tencent.mobileqq&app_name=QQ&app_ver=9.2.20&sdk_ver=0.5.2.16&platform=Android"]}
01-24 16:50:41.408  1786 11772 W qdgralloc: getInterlacedFlag: getMetaData returned 3, defaulting to interlaced_flag = 0
01-24 16:50:41.408  1786 11772 W qdgralloc: getInterlacedFlag: getMetaData returned 3, defaulting to interlaced_flag = 0
01-24 16:50:41.409 11725 11751 D PipelineWatcher: onInputBufferReleased: frameIndex not found (564); ignored
01-24 16:50:41.411 11930 12031 D RFix.RFixQualityReporter: reportEvent eventName=Launch eventSuccess=true eventCode=null eventCodeExt=null eventTimeCost=11 configId=0 configType=0 patchType= patchVersion=null
01-24 16:50:41.413 11725 11751 D PipelineWatcher: onInputBufferReleased: frameIndex not found (565); ignored
01-24 16:50:41.416  4040  4100 V WindowManagerShell: Transition animation finished (aborted=false), notifying core (#33) android.os.BinderProxy@af82415@0
01-24 16:50:41.416  4040  4100 I SurfaceControlRegistry: apply, t=FinishTransaction_SyncId<33>, caller=android.view.SurfaceControl$Transaction.apply:3459 android.view.SurfaceControl$Transaction.apply:3447 android.view.SurfaceControl$Transaction.apply:3397 com.android.wm.shell.transition.Transitions.onFinish:315 com.android.wm.shell.transition.Transitions$$ExternalSyntheticLambda7.onTransitionFinished:12 com.android.wm.shell.transition.DefaultTransitionHandler$$ExternalSyntheticLambda2.run:36 
01-24 16:50:41.418  2721  4856 V WindowManager: Finish Transition: TransitionRecord{aaa383d id=33 type=OPEN flags=0x0 c=[
01-24 16:50:41.418  2721  4856 V WindowManager:    ChangeInfo{873b700 container=Task{697e09c #1910 type=standard A=10351:com.lightningstudio.watchrss} flags=0x0}
01-24 16:50:41.418  2721  4856 V WindowManager:    ChangeInfo{5071b39 container=DefaultTaskDisplayArea_d0@182269126 flags=0x0}
01-24 16:50:41.418  2721  4856 V WindowManager:    ChangeInfo{568257e container=ActivityRecord{250791399 u0 com.lightningstudio.watchrss/.ProfileActivity t1910} flags=0x0}
01-24 16:50:41.418  2721  4856 V WindowManager:    ChangeInfo{6388adf container=Display{#0 state=ON size=466x466 ROTATION_0} flags=0x0}
01-24 16:50:41.418  2721  4856 V WindowManager: ]
01-24 16:50:41.418  2721  4856 V WindowManager: }, caller=com.android.server.wm.WindowOrganizerController.finishTransitionInner:31 com.android.server.wm.WindowOrganizerController.finishAllTransitions:60 android.window.IWindowOrganizerController$Stub.onTransact:283 
01-24 16:50:41.418  2721  3366 V WindowManager: Finish Transition (#33): created at 01-24 16:50:40.983 collect-started=1.48ms request-sent=17.979ms started=26.52ms ready=41.773ms sent=314.232ms commit=20.346ms finished=435.2ms
01-24 16:50:41.420  2721  4856 D ChangeTransitionController: onTransitionFinished: TransitionRecord{aaa383d id=33 type=OPEN flags=0x0 c=[
01-24 16:50:41.420  2721  4856 D ChangeTransitionController:    ChangeInfo{873b700 container=Task{697e09c #1910 type=standard A=10351:com.lightningstudio.watchrss} flags=0x0}
01-24 16:50:41.420  2721  4856 D ChangeTransitionController:    ChangeInfo{5071b39 container=DefaultTaskDisplayArea_d0@182269126 flags=0x0}
01-24 16:50:41.420  2721  4856 D ChangeTransitionController:    ChangeInfo{568257e container=ActivityRecord{250791399 u0 com.lightningstudio.watchrss/.ProfileActivity t1910} flags=0x0}
01-24 16:50:41.420  2721  4856 D ChangeTransitionController:    ChangeInfo{6388adf container=Display{#0 state=ON size=466x466 ROTATION_0} flags=0x0}
01-24 16:50:41.420  2721  4856 D ChangeTransitionController: ]
01-24 16:50:41.420  2721  4856 D ChangeTransitionController: }
01-24 16:50:41.422  1854  1854 I SurfaceFlinger: [Display 0 name="内置屏幕"#50] setFrameRateCategory: Default
01-24 16:50:41.423  1854  1854 I SurfaceFlinger: [LayerHierarchy{RequestedLayerState{Transition Root: ActivityRecord{250791399 u0 com.lightningstudio.watchrss/.ProfileActivity t1910}#783 z=1} 1 children}] reparent to OffscreenRoot
01-24 16:50:41.423  1854  1854 I SurfaceFlinger: [LayerHierarchy{RequestedLayerState{Transition Root: ActivityRecord{250791399 u0 com.lightningstudio.watchrss/.ProfileActivity t1910}#783 z=1} 1 children}] RelativeParent to null
01-24 16:50:41.423  1854  1854 I SurfaceFlinger: [LayerHierarchy{RequestedLayerState{ActivityRecord{250791399 u0 com.lightningstudio.watchrss/.ProfileActivity t1910}#777 parentId=740 z=1} 3 children}] reparent to LayerHierarchy{RequestedLayerState{Task=1910#740 parentId=11 z=4} 3 children}
01-24 16:50:41.424  1854  1854 I SurfaceFlinger: id=783 Removed Transition Root: ActivityRecord{250791399 u0 com.lightningstudio.watchrss/.ProfileActivity t1910}#783 (192)
01-24 16:50:41.424  4040  4100 V WindowManagerShell: Track 0 became idle
01-24 16:50:41.424  4040  4100 V WindowManagerShell: All active transition animations finished
01-24 16:50:41.425 11930 12031 D RFix.RFixATTAReporter: reportToATTA params={app_version=9.2.20, event_time_cost=11, client_model=SM-F9560, client_type=Android, client_brand=samsung, time_track9=null, process_name=com.tencent.mobileqq, event_code=null, sdk_version=2.1.1-beta1, patch_type=, client_version=36, config_type=0, patch_version=null, ext3=null, ext2=null, ext1=false, sdk_appid=4cd6974be1, event_code_ext=null, device_id=, attaid=0ac00056535, time_track1=7, time_track2=-1, time_track3=null, report_type=Sample, time_track4=null, time_track5=null, time_track6=null, time_track7=null, token=5422841524, time_track8=null, app_name=QQ, user_id=2947159526, config_id=0, app_bundle=com.tencent.mobileqq, event_name=Launch, time_track10=null, event_success=1}
01-24 16:50:41.426  2721  3375 I DisplayDeviceRepository: Display device changed render timings: "内置屏幕", renderFrameRate=120.00001, presentationDeadlineNanos=9333333, appVsyncOffsetNanos=8333333, frameRateOverrides=[]
01-24 16:50:41.429  4528 11608 I HoneySpace.Memory-Monitor: current state = 2, didTrim = false
01-24 16:50:41.430  2721  3376 D SurfaceComposerClient: setCornerRadius ## 1dd1b8a com.lightningstudio.watchrss/com.lightningstudio.watchrss.ProfileActivity#778 cornerRadius=0.000000
01-24 16:50:41.430  2721  3376 D SurfaceComposerClient: setCornerRadius ## b0732b3 com.lightningstudio.watchrss/com.lightningstudio.watchrss.MainActivity#756 cornerRadius=0.000000
01-24 16:50:41.431  1854  1854 I SurfaceFlinger: destroyed Transition Root: ActivityRecord{250791399 u0 com.lightningstudio.watchrss/.ProfileActivity t1910}#783 form LifecycleManager
01-24 16:50:41.431  1854  1854 I SurfaceFlinger: id=783 onLayerDestroyed from LayerHierarchyBuilder(RequestedLayerState{Transition Root: ActivityRecord{250791399 u0 com.lightningstudio.watchrss/.ProfileActivity t1910}#783 !handle z=1})
01-24 16:50:41.431  4040  4040 D SystemUIService: SYSUI_RAM_OPTIMIZATION onTrimMemory=20
01-24 16:50:41.432  4040  4040 D CentralSurfaces: SYSUI_RAM_OPTIMIZATION onTrimMemory=20
01-24 16:50:41.432  1786 11772 W qdgralloc: getInterlacedFlag: getMetaData returned 3, defaulting to interlaced_flag = 0
01-24 16:50:41.432  4040  4181 D HWUI    : CacheManager::trimMemory(20)
01-24 16:50:41.432  1854  1854 I Layer   : id=783 Destroyed Transition Root: ActivityRecord{250791399 u0 com.lightningstudio.watchrss/.ProfileActivity t1910}#783
01-24 16:50:41.432  1786 11772 W qdgralloc: getInterlacedFlag: getMetaData returned 3, defaulting to interlaced_flag = 0
01-24 16:50:41.435 11930 12019 D NativeMonitorConfig: start to update config:nativeMonitorOpened:0|switchFlag:0|soWhiteList:null|androidVersionBlackList:null|timeLimited:1000000|countLimited:1000|memoryLimited:5242880|processBlackList:null|tmChance:0|openBacktrace64:0|soLoadReportRate:10|soLoadDDReportRate:1|soLoadIllegalReportRate:1|isBanIllegalSoLoad:0|soMonitorBlacklist:[]|needCleanSoRegexList:[]|allSoLoadReportRate:0
01-24 16:50:41.435 11930 12019 D NativeTrafficMonitorHelper: init from OpenNativeTrafficMonitor
01-24 16:50:41.436 11930 12019 D NativeTrafficMonitorHelper: stepUpNativeTrafficMonitor
01-24 16:50:41.436 11930 12019 D MSF.D.AppNetInfoNewImpl: registerNetInfoHandler 6bdbb72
01-24 16:50:41.436 11930 12019 D NativeTrafficMonitorHelper: startToInitNativeTrafficMonitorWithConfig isPublicVersion[true]
01-24 16:50:41.436  1786 11772 W qdgralloc: getInterlacedFlag: getMetaData returned 3, defaulting to interlaced_flag = 0
01-24 16:50:41.436 11725 11751 D PipelineWatcher: onInputBufferReleased: frameIndex not found (566); ignored
01-24 16:50:41.436 11930 12019 D NativeTrafficMonitorCon: {"isInitNativeTrafficMonitor":true,"isEnableMonitor":true,"isEnableGlobalMonitor":true,"mobileLogThreshold":10000000,"nextMobileLogTimes":2,"wifiLogThreshold":10000000,"nextWifiLogTimes":2,"mobileReportThreshold":200000000,"wifiReportThreshold":200000000,"globalThreadInfoThreshold":50000000,"globalMonitorTime":600,"globalMobileLogThreshold":50000000,"nextGlobalMobileLogTimes":2,"globalWifiLogThreshold":50000000,"nextGlobalWifiLogTimes":2,"globalMobileReportThreshold":500000000,"globalWifiReportThreshold":500000000,"blackList":["halley.downloader","com.tencent.oskplayer","com.tencent.gamecenter.wadl.sdk"]}
01-24 16:50:41.437  1786 11772 W qdgralloc: getInterlacedFlag: getMetaData returned 3, defaulting to interlaced_flag = 0
01-24 16:50:41.437 11930 12019 D NativeTrafficMonitorCon: onParsed
01-24 16:50:41.438 11930 12019 D NativeTrafficMonitorHelper: realInitNativeTrafficMonitorWithConfig start, NativeTrafficMonitorConfig{isInitNativeTrafficMonitor=true, isEnableMonitor=true, isEnableGlobalMonitor=true, mobileReportThreshold=200000000, nextMobileLogTimes=2, wifiReportThreshold=200000000, nextWifiLogTimes=2, mobileLogThreshold=10000000, wifiLogThreshold=10000000, globalThreadInfoThreshold=50000000, globalMonitorTime=600, globalMobileReportThreshold=500000000, nextGlobalMobileLogTimes=2, globalWifiReportThreshold=500000000, nextGlobalWifiLogTimes=2, globalMobileLogThreshold=50000000, globalWifiLogThreshold=50000000, blackList=[halley.downloader, com.tencent.oskplayer, com.tencent.gamecenter.wadl.sdk]}
01-24 16:50:41.439 11930 12019 D NativeTrafficMonitorHelper: [realInitNativeTrafficMonitorWithConfig] registerResult: true
01-24 16:50:41.439  1786 11772 W qdgralloc: getInterlacedFlag: getMetaData returned 3, defaulting to interlaced_flag = 0
01-24 16:50:41.439  1786 11772 W qdgralloc: getInterlacedFlag: getMetaData returned 3, defaulting to interlaced_flag = 0
01-24 16:50:41.440 11725 11751 D PipelineWatcher: onInputBufferReleased: frameIndex not found (567); ignored
01-24 16:50:41.442 11725 11751 D PipelineWatcher: onInputBufferReleased: frameIndex not found (568); ignored
01-24 16:50:41.442 11930 12019 D LIBNATIVE-MEMORY-LIBRARY-LIB: native-lib.cpp:initJniHook(55) >> mark: 1265477296, mark2: 1265477328
01-24 16:50:41.443 11930 12019 E TrafficMonitorLibrary: HookSocket_Above_P start
01-24 16:50:41.444 11930 12019 E TrafficMonitorLibrary: HookSocket_Above_P succeed
01-24 16:50:41.444 11930 12019 D NativeTrafficMonitorHelper: realInitNativeTrafficMonitorWithConfig isMobileNet: false
01-24 16:50:41.444 11930 12019 D NativeTrafficMonitorHelper: initSysTrafficSum
01-24 16:50:41.446 11930 12019 D [TT].TrafficMonitor: initTrafficMonitor
01-24 16:50:41.449  2721  3845 D NetdEventListenerService: DNS Requested by 100, 10462(com.tencent.mobileqq), SUCCESS, 40ms
01-24 16:50:41.454  1786 11772 W qdgralloc: getInterlacedFlag: getMetaData returned 3, defaulting to interlaced_flag = 0
01-24 16:50:41.454  1786 11772 W qdgralloc: getInterlacedFlag: getMetaData returned 3, defaulting to interlaced_flag = 0
01-24 16:50:41.456  1749 12244 I HYPER-HAL: [RequestManager.cpp]releaseLocked(): Released ID : 3752448
01-24 16:50:41.456  1786 11772 W qdgralloc: getInterlacedFlag: getMetaData returned 3, defaulting to interlaced_flag = 0
01-24 16:50:41.456  1786 11772 W qdgralloc: getInterlacedFlag: getMetaData returned 3, defaulting to interlaced_flag = 0
01-24 16:50:41.457 11725 11751 D PipelineWatcher: onInputBufferReleased: frameIndex not found (569); ignored
01-24 16:50:41.458  2721  3845 D NetdEventListenerService: DNS Requested by 100, 10462(com.tencent.mobileqq), SUCCESS, 60ms
01-24 16:50:41.459 11725 11751 D PipelineWatcher: onInputBufferReleased: frameIndex not found (570); ignored
01-24 16:50:41.517 11930 12190 W SQLiteLog: (28) double-quoted string literal: "b0ede3b41ebcab03fc45269028e07db3"
01-24 16:50:41.518 11930 12190 W SQLiteLog: (28) double-quoted string literal: "a6e10620a0a9afc93145c19cc9eef496"
01-24 16:50:41.530  1749  1777 I HYPER-HAL: [RequestManager.cpp]acquire(): Acquired ID : 2053622  [1755 / 271]    HINT :      list : [TID_LOW_LATENCY / 0] [TID / 12061] [TID / 12062] [TID / 11962] [TID / 12048] 
01-24 16:50:41.531  1749  1777 I HYPER-HAL: [RequestManager.cpp]acquire(): Acquired ID : 2055650  [1755 / 272]    HINT :      list : [UCLAMP_MIN_BOOST / 0] [TID / 12061] [TID / 12062] [TID / 11962] [TID / 12048] 
01-24 16:50:41.531  1749  1777 I HYPER-HAL: [RequestManager.cpp]releaseLocked(): Released ID : 2053622
01-24 16:50:41.532  1749  1777 I HYPER-HAL: [RequestManager.cpp]releaseLocked(): Released ID : 2055650
01-24 16:50:41.555  1786 11772 W qdgralloc: getInterlacedFlag: getMetaData returned 3, defaulting to interlaced_flag = 0
01-24 16:50:41.556  1786 11772 W qdgralloc: getInterlacedFlag: getMetaData returned 3, defaulting to interlaced_flag = 0
01-24 16:50:41.568 11725 11751 D PipelineWatcher: onInputBufferReleased: frameIndex not found (571); ignored
01-24 16:50:41.593  4528 11609 I HoneySpace.TaskbarControllerImpl@OneUI: update taskbar height = 0
01-24 16:50:41.594  2721  4800 D KNOX_MDM_SettingsProvider: isChangeAllowed() : name = task_bar_current_size
01-24 16:50:41.594  2721  4800 D KNOX_MDM_SettingsProvider: edmUri: content://com.sec.knox.provider/RestrictionPolicy3
01-24 16:50:41.594  2721  4800 D KNOX_MDM_SettingsProvider: projectionArgs: isSettingsChangesAllowed
01-24 16:50:41.594  2721  4800 D KNOX_MDM_SettingsProvider: selectionArgs: false
01-24 16:50:41.594  2721  4800 D KNOX_MDM_SettingsProvider: selectionArgs: 10164
01-24 16:50:41.594  2721  4800 D SecContentProvider: query(), uri = 17 selection = isSettingsChangesAllowed
01-24 16:50:41.594  2721  4800 D SecContentProvider: called from com.sec.android.app.launcher
01-24 16:50:41.594  2721  4800 D RestrictionPolicy: isSettingsChangesAllowedAsUser, userId 0 : true
01-24 16:50:41.594  2721  4800 D KNOX_MDM_SettingsProvider: ret = 1
01-24 16:50:41.595  4528  4528 I HoneySpace.TaskbarControllerImpl@OneUI: updateTouchRect bottom = 360, view bottom = 360, cutout = 0, touchHeight = 30, bounds  bottom = 466, system bottom = 0, insets bottom = 30, sideWidth = 59
01-24 16:50:41.596  4528  4528 I HoneySpace.TaskbarControllerImpl@OneUI: touchRegion = SkRegion((0,330,466,360))
01-24 16:50:41.656  1786 11772 W qdgralloc: getInterlacedFlag: getMetaData returned 3, defaulting to interlaced_flag = 0
01-24 16:50:41.657  1786 11772 W qdgralloc: getInterlacedFlag: getMetaData returned 3, defaulting to interlaced_flag = 0
01-24 16:50:41.668 11725 11751 D PipelineWatcher: onInputBufferReleased: frameIndex not found (572); ignored
01-24 16:50:41.757  1786 11772 W qdgralloc: getInterlacedFlag: getMetaData returned 3, defaulting to interlaced_flag = 0
01-24 16:50:41.758  1786 11772 W qdgralloc: getInterlacedFlag: getMetaData returned 3, defaulting to interlaced_flag = 0
01-24 16:50:41.770 11725 11751 D PipelineWatcher: onInputBufferReleased: frameIndex not found (573); ignored
01-24 16:50:41.776 11962 12261 D ProfileInstaller: Installing profile for com.lightningstudio.watchrss
01-24 16:50:41.791  1786  2620 D BufferPoolAccessor2.0: bufferpool2 0xb4000073435f7f88 : 39(638976 size) total buffers - 39(638976 size) used buffers - 0/39 (recycle/alloc) - 0/0 (fetch/transfer)
01-24 16:50:41.792  1786  2620 D BufferPoolAccessor2.0: evictor expired: 1, evicted: 1
01-24 16:50:41.858  1786 11772 W qdgralloc: getInterlacedFlag: getMetaData returned 3, defaulting to interlaced_flag = 0
01-24 16:50:41.858  1786 11772 W qdgralloc: getInterlacedFlag: getMetaData returned 3, defaulting to interlaced_flag = 0
01-24 16:50:41.868 11725 11751 D PipelineWatcher: onInputBufferReleased: frameIndex not found (574); ignored
01-24 16:50:41.881  6557  6557 I InputMethodService: removeImeSurface
01-24 16:50:41.881  6557  6557 I InputMethodService: cancelImeSurfaceRemoval: removeCallbacks
01-24 16:50:41.899  1537  1998 V MSF.C.MSFCore[@PS]: [Event] MSFPacketStatistics.cpp(300)::DoCheckRequestTimeout->current rtts:0.000
01-24 16:50:41.910  1849  1868 E HeatmapThread: ECT Thread time in milliseconds: 1769291441
01-24 16:50:41.916  1849  1868 D HeatmapThread: !@ batteryplugType : 2
01-24 16:50:41.916  1849  1868 D HeatmapThread: !@ batteryLevel : 28  batteryTemperature : 266 
01-24 16:50:41.917  1849  1868 D HeatmapThread: !@ Heatmap currtime: 29488190
01-24 16:50:41.917  1849  1868 D HeatmapThread: !@ Heatmap prevtime: 29488176
01-24 16:50:41.917  1849  1868 D HeatmapThread: !@ Heatmap plugstarttime: 29488180
01-24 16:50:41.917  1849  1868 D HeatmapThread: !@ Heatmap prevv_dsoh_update_time: 29485277
01-24 16:50:41.917  1849  1868 E HeatmapThread: !@ CAM New BSOH: 96
01-24 16:50:41.941  2721  3384 I ActivityManager: Changes in 10576 5 to 15, 144 to 0
01-24 16:50:41.942  1839 14446 V APM_AudioPolicyManager: setAppState(portId:52, state:2)
01-24 16:50:41.960  1786 11772 W qdgralloc: getInterlacedFlag: getMetaData returned 3, defaulting to interlaced_flag = 0
01-24 16:50:41.960  1786 11772 W qdgralloc: getInterlacedFlag: getMetaData returned 3, defaulting to interlaced_flag = 0
01-24 16:50:41.973 11725 11751 D PipelineWatcher: onInputBufferReleased: frameIndex not found (575); ignored
01-24 16:50:42.000  2721  2721 E libprocessgroup: Failed to write '0-1,5-6' to /dev/cpuset/sf/cpus: Permission denied
01-24 16:50:42.060  1786 11772 W qdgralloc: getInterlacedFlag: getMetaData returned 3, defaulting to interlaced_flag = 0
01-24 16:50:42.061  1786 11772 W qdgralloc: getInterlacedFlag: getMetaData returned 3, defaulting to interlaced_flag = 0
01-24 16:50:42.073 11725 11751 D PipelineWatcher: onInputBufferReleased: frameIndex not found (576); ignored
01-24 16:50:42.161  1786 11772 W qdgralloc: getInterlacedFlag: getMetaData returned 3, defaulting to interlaced_flag = 0
01-24 16:50:42.162  1786 11772 W qdgralloc: getInterlacedFlag: getMetaData returned 3, defaulting to interlaced_flag = 0
01-24 16:50:42.175 11725 11751 D PipelineWatcher: onInputBufferReleased: frameIndex not found (577); ignored
01-24 16:50:42.203  2721  3600 W InputDispatcher: channel b0732b3 com.lightningstudio.watchrss/com.lightningstudio.watchrss.MainActivity~ dropping inconsistent event: DispatchEntry{resolvedFlags=0, targetFlags=0x0, transform=transform (ROT_0) (SCALE TRANSLATE)
01-24 16:50:42.203  2721  3600 W InputDispatcher:     0.2511  -0.0000  0.0000
01-24 16:50:42.203  2721  3600 W InputDispatcher:     -0.0000  0.2511  -38.1638
01-24 16:50:42.203  2721  3600 W InputDispatcher:     0.0000  0.0000  1.0000
01-24 16:50:42.203  2721  3600 W InputDispatcher: } original: MotionEvent
01-24 16:50:42.204  2721  3600 I InputDispatcher: Delivering touch to (11962): action: 0x9, f=0x0, d=0, '1dd1b8a', t=3 +(0,-38)*(0.25)
01-24 16:50:42.204  2721  3600 D PowerManagerService: [api] userActivityFromNative : other, HOVER displayId=0 eventTime=21677706
01-24 16:50:42.208  2721  3616 D SemInputTaasTestCaseB: [sec_input] CASEB : tool type change pre(1) : cur(3) : Virtual TOOL_TYPE_MOUSE com.lightningstudio.watchrss.ProfileActivity
01-24 16:50:42.208  2721  3616 D SemInputDeviceHqmData: increaseCount mCaseACount:50 mCaseBCount:50 tempStr:50 50 2026/0124/16:50:42 B com.lightningstudio.watchrss.ProfileActivity com.lightningstudio.watchrss && Virtual
01-24 16:50:42.209  2721  3615 D SemInputDevice:TAAS: WriteTask: [01-24 16:50:42.209]
01-24 16:50:42.210  1799  1815 I sysinput:Taas: operator():58, start
01-24 16:50:42.212  1799  1815 I sysinput:aidl: onReportInformation:93, 11, Write@0
01-24 16:50:42.213  2721  3615 D SysinputHAL_AIDL: writeTaas: ret=0
01-24 16:50:42.214 11962 11962 I VRI[ProfileActivity]@1c8eeab: updatePointerIcon : PointerIcon{type=NOT_SPECIFIED, hotspotX=0.0, hotspotY=0.0}
01-24 16:50:42.214  1854  3840 I VSyncReactor: Current= 120, Period= 120, Distance= 1
01-24 16:50:42.215  2721  4800 W PointerChoreographer: Invalid device id -1. Cannot set pointer icon.
01-24 16:50:42.216 11962 11962 I VRI[ProfileActivity]@1c8eeab: call setFrameRateCategory for touch hint category=high hint, reason=touch, vri=VRI[ProfileActivity]@1c8eeab
01-24 16:50:42.223  1854  3840 I VSyncReactor: Current= 120, Period= 120, Distance= 120
01-24 16:50:42.223  1854  1854 I SurfaceFlinger: [com.lightningstudio.watchrss/com.lightningstudio.watchrss.ProfileActivity$_11962#779] setFrameRateCategory: HighHint
01-24 16:50:42.263  1786 11772 W qdgralloc: getInterlacedFlag: getMetaData returned 3, defaulting to interlaced_flag = 0
01-24 16:50:42.264  1786 11772 W qdgralloc: getInterlacedFlag: getMetaData returned 3, defaulting to interlaced_flag = 0
01-24 16:50:42.277 11725 11751 D PipelineWatcher: onInputBufferReleased: frameIndex not found (578); ignored
01-24 16:50:42.363  1786 11772 W qdgralloc: getInterlacedFlag: getMetaData returned 3, defaulting to interlaced_flag = 0
01-24 16:50:42.364  1786 11772 W qdgralloc: getInterlacedFlag: getMetaData returned 3, defaulting to interlaced_flag = 0
01-24 16:50:42.365  1729  5590 I vendor.qti.bluetooth@1.1-ibs_handler: ProcessIbsCmd: Received IBS_WAKE_IND: 0xFD
01-24 16:50:42.366  1729  5590 D vendor.qti.bluetooth@1.1-ibs_handler: SerialClockVote: vote for UART CLK ON
01-24 16:50:42.366  1729  5590 D vendor.qti.bluetooth@1.1-wake_lock: Acquire wakelock is acquired 
01-24 16:50:42.366  1729  5590 I vendor.qti.bluetooth@1.1-ibs_handler: ProcessIbsCmd: Writing IBS_WAKE_ACK
01-24 16:50:42.377 11725 11751 D PipelineWatcher: onInputBufferReleased: frameIndex not found (579); ignored
01-24 16:50:42.378  4272  5614 I ScanController: onScanResult to scannerId: 6- eventType=0x1b, addressType=1, address=XX:XX:XX:XX:4D:5C, primaryPhy=1, secondaryPhy=0, advertisingSid=0xff, txPower=127, rssi=-81, periodicAdvInt=0x0
01-24 16:50:42.387 11962 12048 W qdgralloc: getInterlacedFlag: getMetaData returned 3, defaulting to interlaced_flag = 0
01-24 16:50:42.394   738   758 W NetworkConnectionChecke: Unknown host google.com
01-24 16:50:42.394   738   758 I NetworkConnectionChecke: Network connection: false
01-24 16:50:42.398  1854  1854 D SurfaceFlinger: GPIS:: requestGPISForClientComposition
01-24 16:50:42.400  2721  4800 E libprocessgroup: Failed to write '2-6' to /dev/cpuset/sf/cpus: Permission denied
01-24 16:50:42.402 11962 12048 W qdgralloc: getInterlacedFlag: getMetaData returned 3, defaulting to interlaced_flag = 0
01-24 16:50:42.408  1786 11772 W qdgralloc: getInterlacedFlag: getMetaData returned 3, defaulting to interlaced_flag = 0
01-24 16:50:42.409  1786 11772 W qdgralloc: getInterlacedFlag: getMetaData returned 3, defaulting to interlaced_flag = 0
01-24 16:50:42.412 11725 11751 D PipelineWatcher: onInputBufferReleased: frameIndex not found (580); ignored
01-24 16:50:42.416  1729  5590 I vendor.qti.bluetooth@1.1-ibs_handler: ProcessIbsCmd: Received IBS_SLEEP_IND: 0xFE
01-24 16:50:42.416  1729  5590 D vendor.qti.bluetooth@1.1-ibs_handler: SerialClockVote: vote for UART CLK OFF
01-24 16:50:42.422  1786 11772 W qdgralloc: getInterlacedFlag: getMetaData returned 3, defaulting to interlaced_flag = 0
01-24 16:50:42.422  1786 11772 W qdgralloc: getInterlacedFlag: getMetaData returned 3, defaulting to interlaced_flag = 0
01-24 16:50:42.425 11725 11751 D PipelineWatcher: onInputBufferReleased: frameIndex not found (581); ignored
01-24 16:50:42.479  1729  5590 I vendor.qti.bluetooth@1.1-ibs_handler: ProcessIbsCmd: Received IBS_WAKE_IND: 0xFD
01-24 16:50:42.479  1729  5590 D vendor.qti.bluetooth@1.1-ibs_handler: SerialClockVote: vote for UART CLK ON
01-24 16:50:42.479  1729  5590 I vendor.qti.bluetooth@1.1-ibs_handler: ProcessIbsCmd: Writing IBS_WAKE_ACK
01-24 16:50:42.485  4272  5614 I ScanController: onScanResult to scannerId: 7- eventType=0x10, addressType=1, address=XX:XX:XX:XX:F4:5C, primaryPhy=1, secondaryPhy=0, advertisingSid=0xff, txPower=127, rssi=-86, periodicAdvInt=0x0
01-24 16:50:42.509  4272  5614 I ScanController: onScanResult to scannerId: 7- eventType=0x1a, addressType=1, address=XX:XX:XX:XX:18:4C, primaryPhy=1, secondaryPhy=0, advertisingSid=0xff, txPower=127, rssi=-66, periodicAdvInt=0x0
01-24 16:50:42.516  2721  3790 I SemWifiCtlFeatureMediator: Trf ratio: 0.0% (0.07 / 262.01) v ( NR) || Query: BW false (false) 1.0 1.0 1.0 / NSS true (false) 1.0 1.0 1.0 
01-24 16:50:42.517  3872  3872 D wpa_sslib: value for nss and chains 1 1
01-24 16:50:42.518  3872  3872 I wpa_sslib: oem_data_cmd=59
01-24 16:50:42.519  2721  3810 D SemWifiResourceManager: setTxMode: Tx Mode = 3, Switch required = true, Granted = true, TxModeReduced = true, avgTxMbps = 0.007, avgRxMbps = 0.012, peakTxMbps = 0.149, peakRxMbps = 0.234, AvgRssi = -55, AvgCu = 22
01-24 16:50:42.523  1786 11772 W qdgralloc: getInterlacedFlag: getMetaData returned 3, defaulting to interlaced_flag = 0
01-24 16:50:42.524  1786 11772 W qdgralloc: getInterlacedFlag: getMetaData returned 3, defaulting to interlaced_flag = 0
01-24 16:50:42.527  4272  5614 I ScanController: onScanResult to scannerId: 6- eventType=0x1b, addressType=1, address=XX:XX:XX:XX:4D:5C, primaryPhy=1, secondaryPhy=0, advertisingSid=0xff, txPower=127, rssi=-82, periodicAdvInt=0x0
01-24 16:50:42.537 11725 11751 D PipelineWatcher: onInputBufferReleased: frameIndex not found (582); ignored
01-24 16:50:42.564  1729  5590 I vendor.qti.bluetooth@1.1-ibs_handler: ProcessIbsCmd: Received IBS_SLEEP_IND: 0xFE
01-24 16:50:42.564  1729  5590 D vendor.qti.bluetooth@1.1-ibs_handler: SerialClockVote: vote for UART CLK OFF
01-24 16:50:42.589  1537  2017 D MSF.BeforeInfoSyncControl: endControlTask
01-24 16:50:42.590  1537  2017 D MSF.BeforeInfoSyncControl: [endControlTask] handle Msg ssoSeq: 16145, serviceCmd: trpc.group_pro.configdistribution.ConfigDistributionSvr.SsoGetNoLoginConfig, MSFCommand: unknown
01-24 16:50:42.590  1537  2017 D GuardManager: onEvent:6, 0, 0
01-24 16:50:42.590  1537  1996 D MSFSwitchUtils: isNTLoginMergeEnable = false
01-24 16:50:42.590  1537  1996 D FEKitManager: invoke isNeedSign start
01-24 16:50:42.591  1854  5052 D NativeSemDvfsManager: acquire:: timeout = 2000 mIsAcquired = 1  mTagName : SurfaceFlinger 
01-24 16:50:42.591  1854  5052 E NativeCustomFrequencyManager: [NativeCFMS] BpCustomFrequencyManager::acquire()
01-24 16:50:42.591  1786 11772 W qdgralloc: getInterlacedFlag: getMetaData returned 3, defaulting to interlaced_flag = 0
01-24 16:50:42.592  1786 11772 W qdgralloc: getInterlacedFlag: getMetaData returned 3, defaulting to interlaced_flag = 0
01-24 16:50:42.592  1537  1996 D FEKitManager: invoke isNeedSign end
01-24 16:50:42.592  1537  1996 D FEKitManager: invoke getSign start
01-24 16:50:42.592  1749  1777 I HYPER-HAL: [RequestManager.cpp]acquire(): Acquired ID : 4075085  [1854 / 1000]    HINT : SF_GPU_MINLOCK    list : [TIMEOUT / 2000] 
01-24 16:50:42.593  1537  1996 D FEKitManager: invoke getSign end
01-24 16:50:42.594  1537  1996 D MSF.C.NewSender: netSend Msg:ToServiceMsg serviceCmd:trpc.group_pro.configdistribution.ConfigDistributionSvr.SsoGetNoLoginConfig, MSFCommand:unknown, ssoSeq:16145, appSeq:90, uin:2947159526, timeout:30000, needResp:true, len:217, enableQuickSend:false, quickSendStrategy:0, isSupportRetry:false, uid:u_bOXuqZEoKij0o-TqyU6WGQ, options: 3, packetType: 0
01-24 16:50:42.594  1537  1998 V MSF.C.MSFCore[@SL]: [Event] PacketModule.cpp(3701)::setReserveFields->WiFi BSSID:Pennsylvania-未知,
01-24 16:50:42.594  1537  1998 V MSF.C.MSFCore[@PK]: [Event] PacketModule.cpp(3729)::setReserveFields->qimei:551c54600100283321e227f9100015519c08
01-24 16:50:42.594  1537  1998 V MSF.C.MSFCore[@PK]: [Event] PacketModule.cpp(3758)::setReserveFields->nt_core_version:100
01-24 16:50:42.595  1537  1998 V MSF.C.MSFCore[@XX]: [Event] PacketModule.cpp(2333)::CreateRequestBase->seqno:16145, imei:578039301752143, uid:u_bOXuqZEoKij0o-TqyU6WGQ, ssoHeaderEnc:0, ssoHeaderCompress:0, protocol:v12, newconnFlag:1, isNtReq:0, reserveFieldsLen:95
01-24 16:50:42.595  1537  1998 V MSF.C.MSFCore[@PK]: [Event] PacketModule.cpp(810)::onToSendPacket->send, pcmd:trpc.group_pro.configdistribution.ConfigDistributionSvr.SsoGetNoLoginConfig, seqId:16145, send priority:50, timeout:31, answer flag:1, headerFlag:0, resend num:0, trace:, packet size:524 - 9.2.20.11650, connId:232, compress:0 - 1.00
01-24 16:50:42.595  1537  2017 D MSF.BeforeInfoSyncControl: [endControlTask] handle Msg ssoSeq: 16146, serviceCmd: , MSFCommand: gm_GuardEvent
01-24 16:50:42.595  1537  2017 D MSF.BeforeInfoSyncControl: [reportCmdDuringControl] NORMAL MSG CMD: , MSFCommand: gm_GuardEvent, Seq: 2
01-24 16:50:42.596  1537  2017 D MSF.BeforeInfoSyncControl: [reportCmdDuringControl] NORMAL MSG CMD: trpc.group_pro.configdistribution.ConfigDistributionSvr.SsoGetNoLoginConfig, MSFCommand: unknown, Seq: 1
01-24 16:50:42.596 11725 11751 D PipelineWatcher: onInputBufferReleased: frameIndex not found (583); ignored
01-24 16:50:42.601  1537  1876 D WTReporter: checkAndReporterUinError uin = 2947159526
01-24 16:50:42.601  1537  2009 D WTReporter: checkAndReporterUinError uin = 2947159526
01-24 16:50:42.601  1537  1876 D WTReporter: checkAndReporterUinError uin = 3391146750
01-24 16:50:42.601  1537  2009 D WTReporter: checkAndReporterUinError uin = 3391146750
01-24 16:50:42.606  1786 11772 W qdgralloc: getInterlacedFlag: getMetaData returned 3, defaulting to interlaced_flag = 0
01-24 16:50:42.606  1786 11772 W qdgralloc: getInterlacedFlag: getMetaData returned 3, defaulting to interlaced_flag = 0
01-24 16:50:42.610 11725 11751 D PipelineWatcher: onInputBufferReleased: frameIndex not found (584); ignored
01-24 16:50:42.708  1786 11772 W qdgralloc: getInterlacedFlag: getMetaData returned 3, defaulting to interlaced_flag = 0
01-24 16:50:42.708  1786 11772 W qdgralloc: getInterlacedFlag: getMetaData returned 3, defaulting to interlaced_flag = 0
01-24 16:50:42.715  1729  4848 D vendor.qti.bluetooth@1.1-wake_lock: Release wakelock is released 
01-24 16:50:42.721 11725 11751 D PipelineWatcher: onInputBufferReleased: frameIndex not found (585); ignored
01-24 16:50:42.753  1786 11761 I StatsHandler: [avcE_57] Stats: Pending(0) i/p-done(0) Works: Q: 586/Done 586|Work-Rate: Q(37.0/s Avg=13.0/s) Done(36.998/s Avg=13.002/s)| Stream: 70.83fps 286.6Kbps
01-24 16:50:42.753  1786 11761 I StatsHandler: [avcE_57] Mem-usage:  [In-2D: 5 bufs 4.570 MB] [1D-45: 39 bufs 0.609 MB] [1D-46: 7 bufs 4.621 MB] | Total: 9.801 MB
01-24 16:50:42.767  2721  4856 I BatteryService_BatteryPropertiesRegistrar: [getProperty]id:2
01-24 16:50:42.767  2721  4856 I BatteryService_BatteryPropertiesRegistrar: [getProperty]prop.long:-9223372036854775808 ,prop.string:null
01-24 16:50:42.774  2721  4856 I BatteryService_BatteryPropertiesRegistrar: [getProperty]id:4
01-24 16:50:42.774  2721  4856 I BatteryService_BatteryPropertiesRegistrar: [getProperty]prop.long:-9223372036854775808 ,prop.string:null
01-24 16:50:42.775  2721  4856 I BatteryService_BatteryPropertiesRegistrar: [getProperty]id:6
01-24 16:50:42.775  2721  4856 I BatteryService_BatteryPropertiesRegistrar: [getProperty]prop.long:-9223372036854775808 ,prop.string:null
01-24 16:50:42.808  1786 11772 W qdgralloc: getInterlacedFlag: getMetaData returned 3, defaulting to interlaced_flag = 0
01-24 16:50:42.809  1786 11772 W qdgralloc: getInterlacedFlag: getMetaData returned 3, defaulting to interlaced_flag = 0
01-24 16:50:42.821 11725 11751 D PipelineWatcher: onInputBufferReleased: frameIndex not found (586); ignored
01-24 16:50:42.900  1537  1998 V MSF.C.MSFCore[@PS]: [Event] MSFPacketStatistics.cpp(300)::DoCheckRequestTimeout->current rtts:0.000
01-24 16:50:42.909  1849  1868 E HeatmapThread: ECT Thread time in milliseconds: 1769291442
01-24 16:50:42.909  1786 11772 W qdgralloc: getInterlacedFlag: getMetaData returned 3, defaulting to interlaced_flag = 0
01-24 16:50:42.910  1786 11772 W qdgralloc: getInterlacedFlag: getMetaData returned 3, defaulting to interlaced_flag = 0
01-24 16:50:42.914  1849  1868 D HeatmapThread: !@ batteryplugType : 2
01-24 16:50:42.914  1849  1868 D HeatmapThread: !@ batteryLevel : 28  batteryTemperature : 266 
01-24 16:50:42.914  1849  1868 D HeatmapThread: !@ Heatmap currtime: 29488190
01-24 16:50:42.914  1849  1868 D HeatmapThread: !@ Heatmap prevtime: 29488176
01-24 16:50:42.914  1849  1868 D HeatmapThread: !@ Heatmap plugstarttime: 29488180
01-24 16:50:42.914  1849  1868 D HeatmapThread: !@ Heatmap prevv_dsoh_update_time: 29485277
01-24 16:50:42.915  1849  1868 E HeatmapThread: !@ CAM New BSOH: 96
01-24 16:50:42.922 11725 11751 D PipelineWatcher: onInputBufferReleased: frameIndex not found (587); ignored
01-24 16:50:42.960  1537  1998 V MSF.C.MSFCore[@PK]: [Event] PacketModule.cpp(1625)::onRecvPacket->recv, pcmd:trpc.group_pro.configdistribution.ConfigDistributionSvr.SsoGetNoLoginConfig, time cost:365, sso route cost:8, seqId:16145, uin:2947159526, retCode:0, packet size:39 - 9.2.20.11650 connId: 232
01-24 16:50:42.961  1537  1999 D MSF.C.NewSender: [onMSFPacketState], MSFResponse: MSFResponseAdapter{mState=3,mSeq=16145,mUin=2947159526,mUid=,mUinType=0,mCmd=trpc.group_pro.configdistribution.ConfigDistributionSvr.SsoGetNoLoginConfig,mRecvData=[B@81860f7,mSendTime=1769291442594,mWriteSocketTime=1769291442595,mRecvTime=1769291442960,mRecvWay=12,mIsBadNetwork=false,mTrpcRetcode=0,mTrpcFuncRetCode=0,mTrpcErrMsg=[B@5f6bb64,mFailReason=0,mTransInfo={client_conn_seq=[B@a7e71cd},mSecSignFlag=2,mIsSecSigCmd=false,mHasReserveFields=true,mSsoRet=0,mSsoErrTips=,mIsUinDyed=false,mIsRecvFromMainConn=false,}
01-24 16:50:42.962 11930 12033 D PandoraEx.ConfigManager: config responseJson={"status":2,"msg":"没有找到配置","data":"{}"}
01-24 16:50:42.963 11930 12033 D PandoraEx.DynamicConfig: signature=62967ccd782740064b6c09e6331359c7
01-24 16:50:42.964 11930 12033 D PandoraEx.ConfigManager: try to save an config, it: {"timestamp":1769291442963,"signature":"62967ccd782740064b6c09e6331359c7","sampleRate":-1,"md5":"","totalReportLimit":-1,"sceneSampleRate":[],"configs":[]}
01-24 16:50:42.966 11930 12033 I PandoraEx.RuleConfig: globalConfigType=COMPLIANCE_TEST
01-24 16:50:42.967 11930 12033 I PandoraEx.SampleHelper: getTodaySampleState[old]=false
01-24 16:50:42.967 11930 12033 I PandoraEx.SampleHelper: lastRate=1.0E-4, currentRate=1.0E-4, lastSampleStatus=false
01-24 16:50:42.967 11930 12033 I PandoraEx.SampleHelper: onConfigUpdate, isOpenReport=false
01-24 16:50:42.967 11930 12033 I PandoraEx.SampleHelper: onConfigUpdate, currentSampleInfo: scene=deny_retry, rate=0.1, maxReport=10
01-24 16:50:42.967 11930 12033 I PandoraEx.SampleHelper: onConfigUpdate, currentSampleInfo: scene=normal, rate=0.1, maxReport=10
01-24 16:50:42.967 11930 12033 I PandoraEx.SampleHelper: onConfigUpdate, currentSampleInfo: scene=before, rate=0.25, maxReport=10
01-24 16:50:42.967 11930 12033 I PandoraEx.SampleHelper: onConfigUpdate, currentSampleInfo: scene=func_app_download, rate=0.001, maxReport=5
01-24 16:50:42.967 11930 12033 I PandoraEx.SampleHelper: onConfigUpdate, currentSampleInfo: scene=func_http_plain_user, rate=0.001, maxReport=30
01-24 16:50:42.967 11930 12033 I PandoraEx.SampleHelper: onConfigUpdate, currentSampleInfo: scene=back, rate=0.1, maxReport=20
01-24 16:50:42.967 11930 12033 I PandoraEx.SampleHelper: onConfigUpdate, currentSampleInfo: scene=global, rate=1.0E-4, maxReport=50
01-24 16:50:42.967 11930 12033 I PandoraEx.SampleHelper: onConfigUpdate, currentSampleInfo: scene=func_http_plain_event, rate=0.01, maxReport=5
01-24 16:50:42.967 11930 12033 I PandoraEx.SampleHelper: onConfigUpdate, currentSampleInfo: scene=func_jump_interrupt, rate=0.005, maxReport=0
01-24 16:50:42.967 11930 12033 I PandoraEx.SampleHelper: onConfigUpdate, currentSampleInfo: scene=func_auto_monitor, rate=0.001, maxReport=5
01-24 16:50:42.967 11930 12033 I PandoraEx.SampleHelper: onConfigUpdate, currentSampleInfo: scene=func_receiver_monitor, rate=0.001, maxReport=2
01-24 16:50:42.967 11930 12033 I PandoraEx.SampleHelper: onConfigUpdate, currentSampleInfo: scene=func_invoke_user, rate=1.0E-4, maxReport=10
01-24 16:50:42.967 11930 12033 I PandoraEx.SampleHelper: onConfigUpdate, currentSampleInfo: scene=func_invoke_api, rate=0.002, maxReport=10
01-24 16:50:42.967 11930 12033 I PandoraEx.SampleHelper: onConfigUpdate, currentSampleInfo: scene=func_traffic_user, rate=0.001, maxReport=30
01-24 16:50:42.967 11930 12033 I PandoraEx.SampleHelper: onConfigUpdate, currentSampleInfo: scene=func_dynamic_resource, rate=0.001, maxReport=0
01-24 16:50:42.967 11930 12033 I PandoraEx.SampleHelper: onConfigUpdate, currentSampleInfo: scene=func_screenshot_monitor, rate=0.001, maxReport=2
01-24 16:50:42.967 11930 12033 I PandoraEx.SampleHelper: onConfigUpdate, currentSampleInfo: scene=func_net_stack_event, rate=0.01, maxReport=5
01-24 16:50:42.967 11930 12033 I PandoraEx.SampleHelper: onConfigUpdate, currentSampleInfo: scene=func_traffic_event, rate=0.01, maxReport=5
01-24 16:50:42.968 11930 12033 I PandoraEx.SampleHelper: onConfigUpdate, currentSampleInfo: scene=mod_no_perm, rate=0.2, maxReport=15
01-24 16:50:42.968 11930 12033 I PandoraEx.SampleHelper: onConfigUpdate, currentSampleInfo: scene=high_freq, rate=0.1, maxReport=20
01-24 16:50:42.968 11930 12033 I PandoraEx.SampleHelper: onConfigUpdate, currentSampleInfo: scene=silence, rate=0.2, maxReport=15
01-24 16:50:42.968 11930 12033 I PandoraEx.SampleHelper: onConfigUpdate, currentSampleInfo: scene=illegal_scene, rate=0.05, maxReport=10
01-24 16:50:42.968 11930 12033 I PandoraEx.SampleHelper: onConfigUpdate, currentSampleInfo: scene=secondary_sample, rate=0.5, maxReport=0
01-24 16:50:42.972  1537  1962 D FEKitManager: [FEKitManager] set and save sec_sign_flag = 2
01-24 16:50:42.972  1537  1962 D MSF.C.SsoRespHandlerAdapter: netRecv Msg:FromServiceMsg serviceCmd:trpc.group_pro.configdistribution.ConfigDistributionSvr.SsoGetNoLoginConfig, MSFCommand:unknown, ssoSeq:16145, appSeq:90, uin:2947159526, failCode:1000, errorMsg:, len:39 costTime:366 SignalStrengths wifi:31 gsm:-3 cdma:2147483647 net:2
01-24 16:50:42.972  1537  1962 D MSF.J.MsfCore:  addRespToQueue, Msg:FromServiceMsg serviceCmd:trpc.group_pro.configdistribution.ConfigDistributionSvr.SsoGetNoLoginConfig, MSFCommand:unknown, ssoSeq:16145, appSeq:90, uin:2947159526, failCode:1000, errorMsg:, len:39
01-24 16:50:42.973  1537  1992 D MSF.S.RespHandler: com.tencent.mobileqq add resp to queue, MSG:FromServiceMsg serviceCmd:trpc.group_pro.configdistribution.ConfigDistributionSvr.SsoGetNoLoginConfig, MSFCommand:unknown, ssoSeq:16145, appSeq:90, uin:2947159526, failCode:1000, errorMsg:, len:39
01-24 16:50:42.973  1537  1938 D MSF.S.AppProcessManager: tryDispatchMsg to process:com.tencent.mobileqq, IMsfServiceCallbacker:com.tencent.qphone.base.remote.IMsfServiceCallbacker$Stub$Proxy@b0bb515, needBoot:false, msgCount:1, queueSize:1, Msg:FromServiceMsg serviceCmd:trpc.group_pro.configdistribution.ConfigDistributionSvr.SsoGetNoLoginConfig, MSFCommand:unknown, ssoSeq:16145, appSeq:90, uin:2947159526, failCode:1000, errorMsg:, len:39
01-24 16:50:42.974  1854  1854 D SurfaceFlinger: GPIS:: requestGPISForClientComposition
01-24 16:50:42.974  2721  4856 E libprocessgroup: Failed to write '2-6' to /dev/cpuset/sf/cpus: Permission denied
01-24 16:50:42.975  1537  1875 D WTReporter: checkAndReporterUinError uin = 2947159526
01-24 16:50:42.975  1537  1875 D WTReporter: checkAndReporterUinError uin = 3391146750
01-24 16:50:42.975 11930 11956 D MSF.D.Proxy: onReceiveResp, FromMsg:FromServiceMsg serviceCmd:trpc.group_pro.configdistribution.ConfigDistributionSvr.SsoGetNoLoginConfig, msName:unknown, ssoSeq:16145, appSeq:90, failCode:1000
01-24 16:50:42.976  1537  1875 D MSF.C.TokenChecker: checkToken wtSigLost = false changeTokenIfSigLost = true
01-24 16:50:42.977  1537  1938 I MSF.S.AppProcessManager: SendToApp process:com.tencent.mobileqq Msg: FromServiceMsg serviceCmd:trpc.group_pro.configdistribution.ConfigDistributionSvr.SsoGetNoLoginConfig, MSFCommand:unknown, ssoSeq:16145, appSeq:90, uin:2947159526, failCode:1000, errorMsg:, len:39 cost =4 needBoot=false, queueSize = 1
01-24 16:50:42.977 11930 12198 D FreesiaServlet: onReceive from trpc.group_pro.configdistribution.ConfigDistributionSvr.SsoGetNoLoginConfig with code: 1000
01-24 16:50:42.978  1537  1875 D MSF.C.TokenChecker: checkToken for *6750 now: 1769291442975 lastCheckWebviewKeyTime: 1769288786000 needChangeToken: false isInstant:false
01-24 16:50:42.978 11930 12198 D FreesiaServlet: onReveive seq: 7598973971532095588, interval: 10
01-24 16:50:42.978  1537  1875 D MSF.C.TokenChecker: checkToken wtSigLost = false changeTokenIfSigLost = true
01-24 16:50:42.979  1537  1875 D MSF.C.TokenChecker: checkToken for *9526 now: 1769291442975 lastCheckWebviewKeyTime: 1769289380000 needChangeToken: true isInstant:false
01-24 16:50:42.980  1537  1875 D MSF.C.TokenChecker: checkToken renew webKey for *9526 isNewVersion: true delayTime: 1381349
01-24 16:50:42.982  1786 11772 W qdgralloc: getInterlacedFlag: getMetaData returned 3, defaulting to interlaced_flag = 0
01-24 16:50:42.983  1786 11772 W qdgralloc: getInterlacedFlag: getMetaData returned 3, defaulting to interlaced_flag = 0
01-24 16:50:42.985 11725 11751 D PipelineWatcher: onInputBufferReleased: frameIndex not found (588); ignored
01-24 16:50:43.007  1786 11772 W qdgralloc: getInterlacedFlag: getMetaData returned 3, defaulting to interlaced_flag = 0
01-24 16:50:43.007  1786 11772 W qdgralloc: getInterlacedFlag: getMetaData returned 3, defaulting to interlaced_flag = 0
01-24 16:50:43.010 11725 11751 D PipelineWatcher: onInputBufferReleased: frameIndex not found (589); ignored
01-24 16:50:43.022  1786 11772 W qdgralloc: getInterlacedFlag: getMetaData returned 3, defaulting to interlaced_flag = 0
01-24 16:50:43.022  1786 11772 W qdgralloc: getInterlacedFlag: getMetaData returned 3, defaulting to interlaced_flag = 0
01-24 16:50:43.025 11725 11751 D PipelineWatcher: onInputBufferReleased: frameIndex not found (590); ignored
01-24 16:50:43.050  1739 31114 I sensors-hal: handle_sns_std_sensor_event:409, [SSC_LIGHT] P: 16(16),c:0,b:59,m:2,cl:0,l:16,s:0,l0:208,l1:32,s0:0,s1:0,acl:1,opr:0.07,f(r):100,u(bl):100,if:0,wi:0,si:0,po:0(N:0)
