01-24 16:33:50.454  2721  3933 I LogicalDisplayMapper: Setting new display group 0 for display 6, from previous group: null, for reason: 3
01-24 16:33:50.455  2721  3933 D DisplayPowerController[6]: saveBrightnessInfo: brt:0.0 adjBrt:0.0 min:1.0 max:1.0 hbm:0 tp:Infinity throttler:0 isAnimating:false
01-24 16:33:50.455  2721  3933 W DisplayPowerController[6]: Screen brightness nits configuration is unavailable; falling back
01-24 16:33:50.456  2721  3933 D DisplayPowerController[6]: setUpAutoBrightness: mDisplayId=6 mUseSoftwareAutoBrightnessConfig=true
01-24 16:33:50.456  2721  3933 D BrightnessMappingStrategy: x: null y: null
01-24 16:33:50.456  2721  3933 D BrightnessMappingStrategy: x: null y: null
01-24 16:33:50.456  2721  3933 D BrightnessMappingStrategy: x: null y: null
01-24 16:33:50.456  2721  3933 D BrightnessMappingStrategy: x: null y: null
01-24 16:33:50.456  2721  3933 D BrightnessMappingStrategy: x: null y: null
01-24 16:33:50.456  2721  3933 D BrightnessMappingStrategy: x: null y: null
01-24 16:33:50.456  2721  3933 D DisplayPowerController[6]: Create new DPC instance, mDisplayId=6 AutomaticBrightnessController=null defaultModeBrightnessMapper=null
01-24 16:33:50.457  2721  3455 I HighBrightnessModeController: mSupportHdrSolution: true
01-24 16:33:50.457  2721  3366 D BrightnessThermalClamper: New thermal throttling status = 0
01-24 16:33:50.458  2721  3762 D BackgroundInstallControlService: Package event received: 0
01-24 16:33:50.458  2721  3455 D DisplayPowerController[6]: onDisplayChanged: mIsEnabled=true mIsInTransition=false mDualScreenPolicy=0 mDisplayDevice=com.android.server.display.VirtualDisplayAdapter$VirtualDisplayDevice@a5f03cd
01-24 16:33:50.458  2721  3455 D BrightnessThermalClamper: Thermal status observer already started
01-24 16:33:50.458  2721  3375 D DisplayManagerService: Delivering display group event: groupId=0, event=2
01-24 16:33:50.458  2721  3375 D PowerManagerService: onDisplayGroupChanged: groupId=0
01-24 16:33:50.460  2721  3376 I DisplayDevice: [6] Layerstack set to 6 for virtual:com.android.shell,2000,scrcpy,0
01-24 16:33:50.460  2721  3376 D DisplayDevice: setProjectionLocked, orientation=0, layerStackRect=Rect(0, 0 - 464, 464), displayRect=Rect(0, 0 - 464, 464) for virtual:com.android.shell,2000,scrcpy,0
01-24 16:33:50.462  2721  3375 D PowerManagerService: displayReady: false groupId=0
01-24 16:33:50.463  2721  3455 D DisplayPowerController[6]: [api] handleBrightnessModeChange: shouldUseAutoBrightness= true
01-24 16:33:50.463  2721  3455 D DisplayPowerController[6]: animateScreenStateChange: target=ON, mIsEnabled=true
01-24 16:33:50.463  2721  3455 D DisplayPowerController[6]: mWindowManagerPolicy.screenTurningOn() +
01-24 16:33:50.463  2721  3455 I PhoneWindowManager: Display 6 turning on...
01-24 16:33:50.463  2721  3455 D WALLPAPER_SVC:WallpaperData: getWallpaperFile: file = /data/system/users/0/wallpaper_orig 
01-24 16:33:50.463  2721  3455 D WALLPAPER_SVC:WallpaperData: getWallpaperFile: file = /data/system/users/0/wallpaper_orig 
01-24 16:33:50.464  2721  3455 D WALLPAPER_SVC:WallpaperManagerService: notifyScreenTurningOn: displayId= 6 , target data= WallpaperData@a54887a, id: 18, which: 5, file mod: 1765172084383, info: null, engine(s): Proxy@d9bff89, type = 0, userId = 0, uri= null, allowBackup= true, wallpaperComponent = ComponentInfo{com.android.systemui/com.android.systemui.wallpapers.ImageWallpaper}, nextWallpaperComponent = ComponentInfo{com.android.systemui/com.android.systemui.wallpapers.ImageWallpaper} 
01-24 16:33:50.464  2721  3455 D WALLPAPER_SVC:WallpaperData: getWallpaperFile: file = /data/system/users/0/wallpaper_lock_images/wallpaper_lock_orig 
01-24 16:33:50.464  2721  3455 D WALLPAPER_SVC:WallpaperData: getWallpaperFile: file = /data/system/users/0/wallpaper_lock_images/wallpaper_lock_orig 
01-24 16:33:50.464  2721  3367 V WindowManager: Display added displayId=6
01-24 16:33:50.466  2721  3933 D RestrictionPolicy: userId: 0, isMicrophoneEnabledAsUser : true
01-24 16:33:50.467  2721  3455 D WALLPAPER_SVC:WallpaperManagerService: notifyScreenTurningOn: displayId= 6 , target data= WallpaperData@759cbda, id: 16, which: 6, file mod: 1765171605675, info: null, engine(s): Proxy@7f20c73, type = 0, userId = 0, uri= null, allowBackup= true, wallpaperComponent = ComponentInfo{com.android.systemui/com.android.systemui.wallpapers.ImageWallpaper}, nextWallpaperComponent = ComponentInfo{com.android.systemui/com.android.systemui.wallpapers.ImageWallpaper} 
01-24 16:33:50.475  2721  3367 I WindowManager: systemReady() >> KnoxZT startEnableTouchEvent called for Display Id : 6
01-24 16:33:50.477  2721  2721 D WALLPAPER_SVC:WallpaperManagerService: onDisplayAdded, 6 
01-24 16:33:50.480  2721  3367 D InsetsController: Setting requestedVisibleTypes to -12 (was -9)
01-24 16:33:50.481  2721  3367 D InsetsController: Setting requestedVisibleTypes to -656 (was -9)
01-24 16:33:50.482  2721  3367 V WindowManager: rotationForOrientation(orient=SCREEN_ORIENTATION_UNSPECIFIED (-1), last=ROTATION_0 (0)); user=ROTATION_0 (0) 
01-24 16:33:50.482  2721  3367 D WindowManager: rotationForOrientation, orientationSource=null
01-24 16:33:50.482  2721  3367 V WindowManager: Computed rotation=ROTATION_0 (0) for display id=6 based on lastOrientation=SCREEN_ORIENTATION_UNSPECIFIED (-1) and oldRotation=ROTATION_0 (0), caller=com.android.server.wm.DisplayContent.onParentChanged:28 com.android.server.wm.WindowContainer.setParent:78 com.android.server.wm.WindowContainer.addChild:23 com.android.server.wm.RootWindowContainer.getDisplayContentOrCreate:30 com.android.server.wm.RootWindowContainer.onDisplayAdded:34 android.hardware.display.DisplayManagerGlobal$DisplayListenerDelegate.handleDisplayEventInner:2183 
01-24 16:33:50.483  2721  3367 I WindowManager: [d6] Override config changes=20a05df8 {0.0 ?mcc0mnc ?localeList ?layoutDir sw74240dp w74240dp h74240dp 1dpi xlrg port ?uimode ?night -touch -keyb/v/h -nav/h winConfig={ mBounds=Rect(0, 0 - 464, 464) mAppBounds=Rect(0, 0 - 464, 464) mMaxBounds=Rect(0, 0 - 464, 464) mDisplayRotation=ROTATION_0 mWindowingMode=fullscreen mActivityType=undefined mAlwaysOnTop=undefined mRotation=ROTATION_0 mStageConfig=undefined mEmbedActivityMode=undefined mPopOver=undefined mOverlappingWithCutout=false mFlexPanelMode=off} ?fontWeightAdjustment ff=0 bf=-1 bts=0 cst=1.0 nightDim=-1 dt/? themeSeq=0}, callers=com.android.server.wm.DisplayContent.updateDisplayOverrideConfigurationLocked:24 com.android.server.wm.DisplayContent.sendNewConfiguration:133 com.android.server.wm.DisplayContent.reconfigureDisplayLocked:163 com.android.server.wm.DisplayContent.onParentChanged:31 com.android.server.wm.WindowContainer.setParent:78 
01-24 16:33:50.484  2721  3367 I MultiTaskingController: onConfigurationChangedLocked: display#6, configChanges=0x20a05df8, scaleW=Infinity, scaleH=Infinity, prevScreenBounds=Rect(0, 0 - 0, 0), nextScreenBounds=Rect(0, 0 - 464, 464)
01-24 16:33:50.484  2721  3367 V WindowManager: Content Recording: Successfully created a ContentRecordingSession for displayId=6 to mirror content from displayId=0
01-24 16:33:50.485  2721  4800 D StatusBarManagerService: isSecCustomTile : componentName =ComponentInfo{com.samsung.android.app.aodservice/com.samsung.android.app.aodservice.settings.AODTileService}
01-24 16:33:50.486  4040  4100 W DisplayController: Skipping Display Configuration change on non-added display.
01-24 16:33:50.487  2721  3367 V WindowManager: Content Recording: Display 6 has no content and is on, so start recording for state 0
01-24 16:33:50.489  2721  3367 V WindowManager: Content Recording: Apply transformations of shift 0 x 0, scale 0.995708167552948 x 0.995708167552948, crop (aka recorded content size) 466 x 466 for display 6; display has size 74240 x 74240; surface has size 464 x 464
01-24 16:33:50.489  2721  3367 I MediaProjectionManagerService: Cannot log MediaProjectionTargetChanged atom due to null projection
01-24 16:33:50.491  2721  3367 V WindowManager: Content Recording: Display 6 was already recording, so apply transformations if necessary
01-24 16:33:50.498  2721  3367 D WindowManager: onDisplayAdded, displayId=6 display=Display id 6: DisplayInfo{"scrcpy", displayId 6, displayGroupId 0, FLAG_PRIVATE, real 464 x 464, largest app 464 x 464, smallest app 464 x 464, appVsyncOff 0, presDeadline 16666666, mode 15, renderFrameRate 60.0, hasArrSupport false, frameRateCategoryRate null, supportedRefreshRates [], defaultMode 15, REFRESH_RATE_MODE_SEAMLESS, userPreferredModeId -1, supportedModes [{id=15, width=464, height=464, fps=60.0, vsync=60.0, synthetic=false, alternativeRefreshRates=[], supportedHdrTypes=[]}], appsSupportedModes [{id=15, width=464, height=464, fps=60.0, vsync=60.0, synthetic=false, alternativeRefreshRates=[], supportedHdrTypes=[]}], hdrCapabilities null, isForceSdr false, userDisabledHdrTypes [], minimalPostProcessingSupported false, rotation 0, state UNKNOWN, committedState UNKNOWN, type VIRTUAL, uniqueId "virtual:com.android.shell,2000,scrcpy,0", app 464 x 464, density 1 (1.0 x 1.0) dpi, layerStack 6, colorMode 0, supportedColorModes [0], deviceProductInfo null, owner com.android.shell (uid 2000), removeMode 1, refreshRateOverride 60.0, brightnessMinimum 0.0, brightnessMaximum 1.0, brightnessDefault 0.0, brightnessDim -1.0, installOrientation ROTATION_0, layoutLimitedRefreshRate null, hdrSdrRatio not_available, thermalRefreshRateThrottling {}, thermalBrightnessThrottlingDataId default, canHostTasks false}, DisplayMetrics{density=0.00625, width=464, height=464, scaledDensity=0.00625, xdpi=1.0, ydpi=1.0}, isValid=true
01-24 16:33:50.498  2721  3367 I WindowManager: notifyDisplayReady() >> KnoxZT startEnableTouchEvent called for Display Id : 6
01-24 16:33:50.499  2721  3455 D WindowManager: All windows drawn!
01-24 16:33:50.499  2721  3455 I DisplayPowerController: Window Manager Policy screenTurningOn complete
01-24 16:33:50.499  2721  3455 D DisplayPowerController[6]: mWindowManagerPolicy.screenTurningOn() -
01-24 16:33:50.499  2721  3455 I DisplayBrightnessStrategySelector: Changing the DisplayBrightnessStrategy from InvalidBrightnessStrategy to FallbackBrightnessStrategy for display 6
01-24 16:33:50.499  2721  3455 W DisplayPowerController[6]: Animating brightness: target=0(0.00), rate=0.000, rateAtHbm=0.000, reason=manual[0]
01-24 16:33:50.499  2721  3367 I PointerIconCache: Reloading pointer icons due to density change on display: 6
01-24 16:33:50.500  2721  3455 D DisplayPowerController[6]: saveBrightnessInfo: brt:0.0 adjBrt:0.0 min:0.0 max:1.0 hbm:0 tp:Infinity throttler:0 isAnimating:false
01-24 16:33:50.500  2721  3455 V DisplayPowerController[6]: Brightness [0.0] reason changing to: 'manual', previous reason: '0'.
01-24 16:33:50.500  2721  3455 I DisplayPowerController[6]: BrightnessEvent: brt=0.0 (0.0%), nits= -1.0, lux=-1.0, reason=manual, strat=FallbackBrightnessStrategy, state=ON, stateReason=MOTION, policy=BRIGHT, flags=, initBrt=NaN, rcmdBrt=NaN, preBrt=NaN, preLux=0.0, wasShortTermModelActive=false, autoBrightness=true (default), unclampedBrt=0.0, hbmMax=1.0, hbmMode=off, thrmMax=1.0, rbcStrength=-1, powerFactor=1.0, physDisp=scrcpy(virtual:com.android.shell,2000,scrcpy,0), logicalId=6, slowChange=false, rampSpeed=0.0
01-24 16:33:50.500  2721  9185 D DisplayManagerService: !@display_state requestDisplayStateInternal: UNKNOWN -> ON displayId=6
01-24 16:33:50.501  2721  9185 D VirtualDisplayAdapter: Changing state of virtual display scrcpy from UNKNOWN to ON
01-24 16:33:50.501  2721  9185 D VirtualDisplayAdapter: Requesting power mode for display scrcpy to 2
01-24 16:33:50.501  2721  3455 D BrightnessThermalClamper: Thermal status observer already started
01-24 16:33:50.502  2721  3455 D BrightnessThermalClamper: Thermal status observer already started
01-24 16:33:50.503  2721  3455 D DisplayPowerController[6]: animateScreenStateChange: target=ON, mIsEnabled=true
01-24 16:33:50.503  2721  3455 I PhoneWindowManager: Display 6 turned on...
01-24 16:33:50.503  2721  3455 D WALLPAPER_SVC:WallpaperData: getWallpaperFile: file = /data/system/users/0/wallpaper_orig 
01-24 16:33:50.503  2721  3455 D WALLPAPER_SVC:WallpaperData: getWallpaperFile: file = /data/system/users/0/wallpaper_orig 
01-24 16:33:50.504  2721  3455 D WALLPAPER_SVC:WallpaperManagerService: notifyScreenTurnedOn: displayId= 6 , target data= WallpaperData@a54887a, id: 18, which: 5, file mod: 1765172084383, info: null, engine(s): Proxy@d9bff89, type = 0, userId = 0, uri= null, allowBackup= true, wallpaperComponent = ComponentInfo{com.android.systemui/com.android.systemui.wallpapers.ImageWallpaper}, nextWallpaperComponent = ComponentInfo{com.android.systemui/com.android.systemui.wallpapers.ImageWallpaper} 
01-24 16:33:50.504  2721  3455 D WALLPAPER_SVC:WallpaperData: getWallpaperFile: file = /data/system/users/0/wallpaper_lock_images/wallpaper_lock_orig 
01-24 16:33:50.504  2721  3455 D WALLPAPER_SVC:WallpaperData: getWallpaperFile: file = /data/system/users/0/wallpaper_lock_images/wallpaper_lock_orig 
01-24 16:33:50.504  2721  2721 D SGM:GameManager: onDisplayChanged. displyId: 6, state: 0
01-24 16:33:50.506  2721  3455 D WALLPAPER_SVC:WallpaperManagerService: notifyScreenTurnedOn: displayId= 6 , target data= WallpaperData@759cbda, id: 16, which: 6, file mod: 1765171605675, info: null, engine(s): Proxy@7f20c73, type = 0, userId = 0, uri= null, allowBackup= true, wallpaperComponent = ComponentInfo{com.android.systemui/com.android.systemui.wallpapers.ImageWallpaper}, nextWallpaperComponent = ComponentInfo{com.android.systemui/com.android.systemui.wallpapers.ImageWallpaper} 
01-24 16:33:50.506  2721  3367 I WindowManager: enableTouchListener debugmode:false
01-24 16:33:50.506  2721  3367 I WindowManager: TouchEventView is already added
01-24 16:33:50.506  2721  3367 W PhoneWindowManager: All windows drawn on display 6
01-24 16:33:50.507  2721  3367 D WindowManager: DeferredDisplayUpdater: applying DisplayInfo(464 x 464) immediately
01-24 16:33:50.507  2721  3367 V WindowManager: Content Recording: Display 6 state was (0), is now (0), so update recording?
01-24 16:33:50.508  2721  3455 D PowerManagerService: displayReady: true groupId=0
01-24 16:33:50.522  2721  3375 I DisplayDeviceRepository: Display device changed state: "scrcpy", ON
01-24 16:33:50.523  2721  3455 D BrightnessThermalClamper: Thermal status observer already started
01-24 16:33:50.524  2721  3375 E ModeChangeObserver: Changed display not found
01-24 16:33:50.525  2721  2721 D SGM:GameManager: onDisplayChanged. displyId: 6, state: 2
01-24 16:33:50.526  2721  3367 D WindowManager: DeferredDisplayUpdater: applying DisplayInfo(464 x 464) immediately
01-24 16:33:50.527  2721  3367 V WindowManager: Content Recording: Display 6 state was (0), is now (2), so update recording?
01-24 16:33:50.536  2721  3375 D BrightnessSynchronizer: onDisplayChanged() : displayId=6
01-24 16:33:50.537  2721  3375 E ModeChangeObserver: Changed display not found
01-24 16:33:50.546  2721  4800 W ForegroundServiceTypeLoggerModule: API event end called before start!
01-24 16:33:50.560  9141  9141 V Configuration: Updating configuration, locales updated from [] to [zh_CN_#Hans]
01-24 16:33:50.591  9141  9141 V Configuration: Updating configuration, locales updated from [] to [zh_CN_#Hans]
01-24 16:33:50.689  2721  3600 D PowerManagerService: [api] userActivityFromNative : other, HOVER displayId=0 eventTime=20666190
01-24 16:33:50.723  2721  3754 E MR2SystemProvider: Could not map this selected device attribute type to an available route: 25. Available types: [1, 2, 25, 18]
01-24 16:33:50.723  2721  3754 D MR2SystemProvider: Updating system provider info : MediaRouteProviderInfo { uniqueId=null, routes=[MediaRoute2Info{ id=ROUTE_ID_BUILTIN_SPEAKER, name=手机, type=BUILTIN_SPEAKER, routingTypes=REMOTE, isSystem=true, features=[android.media.route.feature.LIVE_AUDIO, android.media.route.feature.LOCAL_PLAYBACK], iconUri=null, description=null, connectionState=2, clientPackageName=null, volume(current=14, max=15, handling=VARIABLE(1)), address=, deduplicationIds=, providerId=null, isVisibilityRestricted=false, allowedPackages=, mRequiredPermissions=(), suitabilityStatus=0 }] }
01-24 16:33:50.728  2721  2721 I Telecom : WiredHeadsetManager: ACTION_HEADSET_PLUG event, plugged in: false, : WHC.oADA@Ch4
01-24 16:33:50.733  2721  3754 E MR2SystemProvider: Could not map this selected device attribute type to an available route: 25. Available types: [1, 2, 25, 18]
01-24 16:33:50.733  2721  3754 D MR2SystemProvider: Updating system provider info : MediaRouteProviderInfo { uniqueId=null, routes=[MediaRoute2Info{ id=ROUTE_ID_BUILTIN_SPEAKER, name=手机, type=BUILTIN_SPEAKER, routingTypes=REMOTE, isSystem=true, features=[android.media.route.feature.LIVE_AUDIO, android.media.route.feature.LOCAL_PLAYBACK], iconUri=null, description=null, connectionState=2, clientPackageName=null, volume(current=14, max=15, handling=VARIABLE(1)), address=, deduplicationIds=, providerId=null, isVisibilityRestricted=false, allowedPackages=, mRequiredPermissions=(), suitabilityStatus=0 }] }
01-24 16:33:50.733  2721  3754 D MR2SystemProvider: Updating system provider info : MediaRouteProviderInfo { uniqueId=null, routes=[MediaRoute2Info{ id=ROUTE_ID_BUILTIN_SPEAKER, name=手机, type=BUILTIN_SPEAKER, routingTypes=REMOTE, isSystem=true, features=[android.media.route.feature.LIVE_AUDIO, android.media.route.feature.LOCAL_PLAYBACK], iconUri=null, description=null, connectionState=2, clientPackageName=null, volume(current=14, max=15, handling=VARIABLE(1)), address=, deduplicationIds=, providerId=null, isVisibilityRestricted=false, allowedPackages=, mRequiredPermissions=(), suitabilityStatus=0 }] }
01-24 16:33:50.754  2721  6902 D KNOX_MDM_SettingsProvider: isChangeAllowed() : name = buds_enable
01-24 16:33:50.755  2721  6902 D KNOX_MDM_SettingsProvider: edmUri: content://com.sec.knox.provider/RestrictionPolicy3
01-24 16:33:50.755  2721  6902 D KNOX_MDM_SettingsProvider: projectionArgs: isSettingsChangesAllowed
01-24 16:33:50.755  2721  6902 D KNOX_MDM_SettingsProvider: selectionArgs: false
01-24 16:33:50.755  2721  6902 D KNOX_MDM_SettingsProvider: selectionArgs: 10052
01-24 16:33:50.755  2721  6902 D SecContentProvider: called from android.uid.systemui:10052
01-24 16:33:50.755  2721  6902 D RestrictionPolicy: isSettingsChangesAllowedAsUser, userId 0 : true
01-24 16:33:50.755  2721  6902 D KNOX_MDM_SettingsProvider: ret = 1
01-24 16:33:50.758  2721  6902 D KNOX_MDM_SettingsProvider: isChangeAllowed() : name = buds_plugin_package_name
01-24 16:33:50.758  2721  6902 D KNOX_MDM_SettingsProvider: edmUri: content://com.sec.knox.provider/RestrictionPolicy3
01-24 16:33:50.758  2721  6902 D KNOX_MDM_SettingsProvider: projectionArgs: isSettingsChangesAllowed
01-24 16:33:50.758  2721  6902 D KNOX_MDM_SettingsProvider: selectionArgs: false
01-24 16:33:50.758  2721  6902 D KNOX_MDM_SettingsProvider: selectionArgs: 10052
01-24 16:33:50.758  2721  6902 D SecContentProvider: called from android.uid.systemui:10052
01-24 16:33:50.758  2721  6902 D RestrictionPolicy: isSettingsChangesAllowedAsUser, userId 0 : true
01-24 16:33:50.758  2721  6902 D KNOX_MDM_SettingsProvider: ret = 1
01-24 16:33:50.761  2721  3386 I ActivityManager: Start proc 9214:com.sec.android.app.soundalive/u0a152 for broadcast {com.sec.android.app.soundalive/com.sec.android.app.soundalive.receiver.AndroidMediaReceiver}
01-24 16:33:50.761  2721  3386 I ActivityManager: ProcessObserver broadcast disabled
01-24 16:33:50.928  2721  6902 D KNOX_MDM_SettingsProvider: isChangeAllowed() : name = SOUNDALIVE_AUDIO_PATH
01-24 16:33:50.929  2721  6902 D KNOX_MDM_SettingsProvider: edmUri: content://com.sec.knox.provider/RestrictionPolicy3
01-24 16:33:50.929  2721  6902 D KNOX_MDM_SettingsProvider: projectionArgs: isSettingsChangesAllowed
01-24 16:33:50.929  2721  6902 D KNOX_MDM_SettingsProvider: selectionArgs: false
01-24 16:33:50.929  2721  6902 D KNOX_MDM_SettingsProvider: selectionArgs: 10152
01-24 16:33:50.929  2721  6902 D SecContentProvider: called from com.sec.android.app.soundalive
01-24 16:33:50.929  2721  6902 D RestrictionPolicy: isSettingsChangesAllowedAsUser, userId 0 : true
01-24 16:33:50.929  2721  6902 D KNOX_MDM_SettingsProvider: ret = 1
01-24 16:33:50.929  2721  6902 D SettingsProvider: PUT_ret(/system/SOUNDALIVE_AUDIO_PATH), callingPackage:com.sec.android.app.soundalive
01-24 16:33:50.930  2721  5128 D ActivityManager: unpendingScheduleServiceRestart: u=10576, drop=false
01-24 16:33:50.930  2721  6902 D KNOX_MDM_SettingsProvider: isChangeAllowed() : name = ear_shock_condition
01-24 16:33:50.930  2721  6902 D KNOX_MDM_SettingsProvider: edmUri: content://com.sec.knox.provider/RestrictionPolicy3
01-24 16:33:50.930  2721  6902 D KNOX_MDM_SettingsProvider: projectionArgs: isSettingsChangesAllowed
01-24 16:33:50.930  2721  6902 D KNOX_MDM_SettingsProvider: selectionArgs: false
01-24 16:33:50.931  2721  6902 D KNOX_MDM_SettingsProvider: selectionArgs: 10152
01-24 16:33:50.931  2721  6902 D SecContentProvider: called from com.sec.android.app.soundalive
01-24 16:33:50.932  2721  6902 D RestrictionPolicy: isSettingsChangesAllowedAsUser, userId 0 : true
01-24 16:33:50.932  2721  6902 D KNOX_MDM_SettingsProvider: ret = 1
01-24 16:33:50.933  2721  4666 D FreecessController: UFZ : com.samsung.android.app.galaxyregistry(10576) [20100] reason: provider
01-24 16:33:50.933  2721  5134 I PowerManagerService: [PWL] SetWakeLockEnableDisable uid = 10576 , disable= false
01-24 16:33:50.933  2721  5134 I PowerManagerService: [PWL] can not change uid =  10576
01-24 16:33:50.934  2721  6902 D KNOX_MDM_SettingsProvider: isChangeAllowed() : name = ear_shock_condition
01-24 16:33:50.934  2721  6902 D KNOX_MDM_SettingsProvider: edmUri: content://com.sec.knox.provider/RestrictionPolicy3
01-24 16:33:50.934  2721  6902 D KNOX_MDM_SettingsProvider: projectionArgs: isSettingsChangesAllowed
01-24 16:33:50.934  2721  6902 D KNOX_MDM_SettingsProvider: selectionArgs: false
01-24 16:33:50.934  2721  6902 D KNOX_MDM_SettingsProvider: selectionArgs: 10152
01-24 16:33:50.934  2721  6902 D SecContentProvider: called from com.sec.android.app.soundalive
01-24 16:33:50.934  2721  6902 D RestrictionPolicy: isSettingsChangesAllowedAsUser, userId 0 : true
01-24 16:33:50.934  2721  6902 D KNOX_MDM_SettingsProvider: ret = 1
01-24 16:33:50.934  2721  4666 D BaseRestrictionMgr: Package: com.samsung.android.app.galaxyregistry, userid: 0, hostingType: provider is allowed by freecess, caller is: android
01-24 16:33:50.936  2721  4666 I ActivityManager: Changes in 10576 19 to 5, 0 to 144
01-24 16:33:50.936  2721  3762 D BackgroundInstallControlService: Package event received: 0
01-24 16:33:50.965  2721  6902 D KNOX_MDM_SettingsProvider: isChangeAllowed() : name = k2hd_effect
01-24 16:33:50.966  2721  6902 D KNOX_MDM_SettingsProvider: edmUri: content://com.sec.knox.provider/RestrictionPolicy3
01-24 16:33:50.966  2721  6902 D KNOX_MDM_SettingsProvider: projectionArgs: isSettingsChangesAllowed
01-24 16:33:50.966  2721  6902 D KNOX_MDM_SettingsProvider: selectionArgs: false
01-24 16:33:50.966  2721  6902 D KNOX_MDM_SettingsProvider: selectionArgs: 10152
01-24 16:33:50.966  2721  6902 D SecContentProvider: called from com.sec.android.app.soundalive
01-24 16:33:50.966  2721  6902 D RestrictionPolicy: isSettingsChangesAllowedAsUser, userId 0 : true
01-24 16:33:50.966  2721  6902 D KNOX_MDM_SettingsProvider: ret = 1
01-24 16:33:50.974  2721  6902 D StatusBarManagerService: isSecCustomTile : componentName =ComponentInfo{com.sec.android.app.soundalive/com.sec.android.app.soundalive.DolbyTile}
01-24 16:33:50.978  2721  6902 D SGM:GameManager: getVersion.
01-24 16:33:50.984  2721  6902 D KNOX_MDM_SettingsProvider: isChangeAllowed() : name = ear_shock_condition
01-24 16:33:50.984  2721  6902 D KNOX_MDM_SettingsProvider: edmUri: content://com.sec.knox.provider/RestrictionPolicy3
01-24 16:33:50.984  2721  6902 D KNOX_MDM_SettingsProvider: projectionArgs: isSettingsChangesAllowed
01-24 16:33:50.984  2721  6902 D KNOX_MDM_SettingsProvider: selectionArgs: false
01-24 16:33:50.984  2721  6902 D KNOX_MDM_SettingsProvider: selectionArgs: 10152
01-24 16:33:50.984  2721  6902 D SecContentProvider: called from com.sec.android.app.soundalive
01-24 16:33:50.984  2721  6902 D RestrictionPolicy: isSettingsChangesAllowedAsUser, userId 0 : true
01-24 16:33:50.985  2721  6902 D KNOX_MDM_SettingsProvider: ret = 1
01-24 16:33:50.985  2721  6902 D KNOX_MDM_SettingsProvider: isChangeAllowed() : name = ear_shock_condition
01-24 16:33:50.985  2721  6902 D KNOX_MDM_SettingsProvider: edmUri: content://com.sec.knox.provider/RestrictionPolicy3
01-24 16:33:50.985  2721  6902 D KNOX_MDM_SettingsProvider: projectionArgs: isSettingsChangesAllowed
01-24 16:33:50.985  2721  6902 D KNOX_MDM_SettingsProvider: selectionArgs: false
01-24 16:33:50.985  2721  6902 D KNOX_MDM_SettingsProvider: selectionArgs: 10152
01-24 16:33:50.986  2721  6902 D SecContentProvider: called from com.sec.android.app.soundalive
01-24 16:33:50.986  2721  6902 D RestrictionPolicy: isSettingsChangesAllowedAsUser, userId 0 : true
01-24 16:33:50.986  2721  6902 D KNOX_MDM_SettingsProvider: ret = 1
01-24 16:33:50.989  2721  4801 I ActivityManager: Changes in 10152 19 to 11, 0 to 128
01-24 16:33:51.008  2721  4801 I ActivityManager: Changes in 10152 11 to 19, 128 to 0
01-24 16:33:51.014  2721  3386 I ActivityManager: Start proc 9236:com.sec.hearingadjust/u0a49 for broadcast {com.sec.hearingadjust/com.sec.hearingadjust.receiver.AndroidMediaReceiver}
01-24 16:33:51.014  2721  3386 I ActivityManager: ProcessObserver broadcast disabled
01-24 16:33:51.250  2721  6902 D KNOX_MDM_SettingsProvider: isChangeAllowed() : name = k2hd_effect
01-24 16:33:51.250  2721  6902 D KNOX_MDM_SettingsProvider: edmUri: content://com.sec.knox.provider/RestrictionPolicy3
01-24 16:33:51.250  2721  6902 D KNOX_MDM_SettingsProvider: projectionArgs: isSettingsChangesAllowed
01-24 16:33:51.250  2721  6902 D KNOX_MDM_SettingsProvider: selectionArgs: false
01-24 16:33:51.250  2721  6902 D KNOX_MDM_SettingsProvider: selectionArgs: 10152
01-24 16:33:51.251  2721  6902 D SecContentProvider: called from com.sec.android.app.soundalive
01-24 16:33:51.251  2721  6902 D RestrictionPolicy: isSettingsChangesAllowedAsUser, userId 0 : true
01-24 16:33:51.251  2721  6902 D KNOX_MDM_SettingsProvider: ret = 1
01-24 16:33:51.270  2721  4801 I ActivityManager: Changes in 10152 19 to 11, 0 to 128
01-24 16:33:51.270  2721  4801 I ActivityManager: Changes in 10049 19 to 11, 0 to 128
01-24 16:33:51.303  2721  6902 I ActivityManager: Changes in 10152 11 to 19, 128 to 0
01-24 16:33:51.303  2721  6902 I ActivityManager: Changes in 10049 11 to 19, 128 to 0
01-24 16:33:51.690  2721  3600 D PowerManagerService: [api] userActivityFromNative : other, HOVER displayId=0 eventTime=20667192
01-24 16:33:52.211  2721  3589 D ActivityManager: Received BROADCAST intent 0xb51627f Key{broadcastIntent pkg=com.android.bluetooth intent=act=com.android.bluetooth.gatt.REFRESH_BATCHED_SCAN xflg=0x4 flags=0x4000000 u=0} requestCode=0 sent=0 from uid 1000
01-24 16:33:52.214  2721  3806 D SGM:GameManager: identifyGamePackage. com.lightningstudio.watchrss, mCurrentUserId: 0, callingMethodInfo: com.samsung.android.game.SemGameManager.isGamePackage(SemGameManager.java:106)
01-24 16:33:52.214  2721  3806 D SGM:SemGameManager: isGamePackage(), pkgName=com.lightningstudio.watchrss, ret=false
01-24 16:33:52.422  1146  1146 D io_stats: !@   8,0 r 3102407 76938628 w 1291647 17562704 d 146760 93723248 f 63117 281916 iot 671776 0 th 0 0 0 pt 0 inp 0 0 20667.927
01-24 16:33:52.580  2721  3762 D BackgroundInstallControlService: Package event received: 0
01-24 16:33:52.622  2721 19003 D PerProcessNandswap$NandswapHandler: nandswap start for non-activity com.google.android.adservices.api(pid 19631) action:14 adj:900 type:1
01-24 16:33:52.786  2721 19003 D PerProcessNandswap$NandswapHandler: nandswap end for non-activity com.google.android.adservices.api(pid 19631) ret:19513733120 adj:900
01-24 16:33:52.957  2721  6902 I BatteryService_BatteryPropertiesRegistrar: [getProperty]id:2
01-24 16:33:52.957  2721  6902 I BatteryService_BatteryPropertiesRegistrar: [getProperty]prop.long:-9223372036854775808 ,prop.string:null
01-24 16:33:52.959  2721  3600 D PowerManagerService: [api] userActivityFromNative : other, HOVER displayId=0 eventTime=20668461
01-24 16:33:53.325  6726  6726 I SDHMS:LOAD: type: LoadsFreqs, value: 3:0:0:533760:672000:480000:673151:1708800:499200:280:422:231
01-24 16:33:54.007  2721  3600 D PowerManagerService: [api] userActivityFromNative : other, HOVER displayId=0 eventTime=20669510
01-24 16:33:54.424  1146  1146 D io_stats: !@   8,0 r 3102407 76938628 w 1291674 17562832 d 146760 93723248 f 63117 281919 iot 671804 0 th 0 0 0 pt 0 inp 0 0 20669.928
01-24 16:33:54.424  1146  1146 D io_stats: !@ Read_top(KB): audioserver(1839) 4236 ndroid.systemui(4040) 4100 kworker/u16:3(8018) 3716
01-24 16:33:54.425  1146  1146 D io_stats: !@ Write_top(KB): .galaxyregistry(20100) 276 system_server(2721) 148 kworker/u16:4(23809) 140
01-24 16:33:55.035  2721  3600 D PowerManagerService: [api] userActivityFromNative : other, HOVER displayId=0 eventTime=20670538
01-24 16:33:55.150  6726  7656 I SDHMS:x : SIOP:: AP:303 BAT:270 USB:256 CHG:304 PA:291 CP:295 WIFI:296 CF:293 BLK:0 SUBBAT:247 LRPTHM:278 SKIN:303 SKINF:303 SKINB:283 LRP:303 LRF:303 LRB:283 APT:303 APR:283 RCV:239 SPK:261 CAPR:300 CRCV:237 CSPK:264 CAMT:318 UPSPK:274 DNSPK:255 VAP:296 VWIFI:290 AMB2:241 AVGCUR:1090 AVGSYS:162 POWER:4208
01-24 16:33:55.250  2721  3806 D SGM:GameManager: identifyGamePackage. com.lightningstudio.watchrss, mCurrentUserId: 0, callingMethodInfo: com.samsung.android.game.SemGameManager.isGamePackage(SemGameManager.java:106)
01-24 16:33:55.250  2721  3806 D SGM:SemGameManager: isGamePackage(), pkgName=com.lightningstudio.watchrss, ret=false
01-24 16:33:55.356  3872  3872 I wpa_supplicant: Heartbeat 8375
01-24 16:33:55.880  2721  4844 I BatteryService_BatteryPropertiesRegistrar: [getProperty]id:2
01-24 16:33:55.880  2721  4844 I BatteryService_BatteryPropertiesRegistrar: [getProperty]prop.long:-9223372036854775808 ,prop.string:null
01-24 16:33:55.883  2721  4844 I BatteryService_BatteryPropertiesRegistrar: [getProperty]id:4
01-24 16:33:55.883  2721  4844 I BatteryService_BatteryPropertiesRegistrar: [getProperty]prop.long:-9223372036854775808 ,prop.string:null
01-24 16:33:55.884  2721  4844 I BatteryService_BatteryPropertiesRegistrar: [getProperty]id:6
01-24 16:33:55.884  2721  4844 I BatteryService_BatteryPropertiesRegistrar: [getProperty]prop.long:-9223372036854775808 ,prop.string:null
01-24 16:33:55.956  2721  4844 I BatteryService_BatteryPropertiesRegistrar: [getProperty]id:2
01-24 16:33:55.957  2721  4844 I BatteryService_BatteryPropertiesRegistrar: [getProperty]prop.long:-9223372036854775808 ,prop.string:null
01-24 16:33:56.426  1146  1146 D io_stats: !@   8,0 r 3102414 76938728 w 1291729 17564048 d 146760 93723248 f 63118 281922 iot 671836 0 th 0 0 0 pt 0 inp 0 0 20671.930
01-24 16:33:56.907  2721  3787 I BatteryService_BatteryPropertiesRegistrar: [getProperty]id:6
01-24 16:33:56.907  2721  3787 I BatteryService_BatteryPropertiesRegistrar: [getProperty]prop.long:-9223372036854775808 ,prop.string:null
01-24 16:33:56.908  2721  3787 I BatteryService_BatteryPropertiesRegistrar: [getProperty]id:4
01-24 16:33:56.908  2721  3787 I BatteryService_BatteryPropertiesRegistrar: [getProperty]prop.long:-9223372036854775808 ,prop.string:null
01-24 16:33:56.910  2721  3787 I BatteryService_BatteryPropertiesRegistrar: [getProperty]id:6
01-24 16:33:56.910  2721  3787 I BatteryService_BatteryPropertiesRegistrar: [getProperty]prop.long:-9223372036854775808 ,prop.string:null
01-24 16:33:56.911  2721  3787 I BatteryService_BatteryPropertiesRegistrar: [getProperty]id:4
01-24 16:33:56.911  2721  3787 I BatteryService_BatteryPropertiesRegistrar: [getProperty]prop.long:-9223372036854775808 ,prop.string:null
01-24 16:33:56.955  2721  3384 I ActivityManager: Changes in 10576 5 to 15, 144 to 0
01-24 16:33:57.744  2721  3589 D ActivityManager: Received BROADCAST intent 0xf537819 Key{broadcastIntent pkg=com.tencent.mm intent=xflg=0x4 cmp=com.tencent.mm/.booter.MMReceivers$AlarmReceiver flags=0x4000000 u=0} requestCode=110 sent=0 from uid 1000
01-24 16:33:57.752  2721  3385 I ActivityManager: Changes in 10461 10 to 10, 0 to 128
01-24 16:33:57.754  2721  3589 D ActivityManager: Received BROADCAST intent 0xb51627f Key{broadcastIntent pkg=com.android.bluetooth intent=act=com.android.bluetooth.gatt.REFRESH_BATCHED_SCAN xflg=0x4 flags=0x4000000 u=0} requestCode=0 sent=0 from uid 1000
01-24 16:33:57.770  2721  5466 I ActivityManager: Changes in 10461 10 to 10, 128 to 0
01-24 16:33:58.270  2721  3806 D SGM:GameManager: identifyGamePackage. com.lightningstudio.watchrss, mCurrentUserId: 0, callingMethodInfo: com.samsung.android.game.SemGameManager.isGamePackage(SemGameManager.java:106)
01-24 16:33:58.271  2721  3806 D SGM:SemGameManager: isGamePackage(), pkgName=com.lightningstudio.watchrss, ret=false
01-24 16:33:58.427  1146  1146 D io_stats: !@   8,0 r 3102425 76938792 w 1291757 17564240 d 146760 93723248 f 63119 281927 iot 671884 0 th 0 0 0 pt 0 inp 0 0 20673.932
01-24 16:33:58.428  1146  1146 D io_stats: !@ Read_top(KB): .app.soundalive(9214) 100 c.hearingadjust(9236) 48 tencent.mm:push(15182) 12
01-24 16:33:58.428  1146  1146 D io_stats: !@ Write_top(KB): kworker/u16:1(6389) 1144 m.omarea.vtools(8380) 100 sait.sohservice(30987) 44
01-24 16:33:58.957  2721  4844 I BatteryService_BatteryPropertiesRegistrar: [getProperty]id:2
01-24 16:33:58.957  2721  4844 I BatteryService_BatteryPropertiesRegistrar: [getProperty]prop.long:-9223372036854775808 ,prop.string:null
01-24 16:34:00.004  2721  2721 I EyeComfortSolutionService: action  :  android.intent.action.TIME_TICK
01-24 16:34:00.429  1146  1146 D io_stats: !@   8,0 r 3102426 76938796 w 1291775 17564304 d 146760 93723248 f 63120 281930 iot 671912 0 th 0 0 0 pt 0 inp 0 0 20675.934
01-24 16:34:00.960  2721  3762 D BackgroundInstallControlService: Package event received: 0
01-24 16:34:01.311  2721  3806 D SGM:GameManager: identifyGamePackage. com.lightningstudio.watchrss, mCurrentUserId: 0, callingMethodInfo: com.samsung.android.game.SemGameManager.isGamePackage(SemGameManager.java:106)
01-24 16:34:01.312  2721  3806 D SGM:SemGameManager: isGamePackage(), pkgName=com.lightningstudio.watchrss, ret=false
01-24 16:34:01.882  2721  4844 I BatteryService_BatteryPropertiesRegistrar: [getProperty]id:2
01-24 16:34:01.882  2721  4844 I BatteryService_BatteryPropertiesRegistrar: [getProperty]prop.long:-9223372036854775808 ,prop.string:null
01-24 16:34:01.884  2721  4844 I BatteryService_BatteryPropertiesRegistrar: [getProperty]id:4
01-24 16:34:01.884  2721  4844 I BatteryService_BatteryPropertiesRegistrar: [getProperty]prop.long:-9223372036854775808 ,prop.string:null
01-24 16:34:01.886  2721  4844 I BatteryService_BatteryPropertiesRegistrar: [getProperty]id:6
01-24 16:34:01.886  2721  4844 I BatteryService_BatteryPropertiesRegistrar: [getProperty]prop.long:-9223372036854775808 ,prop.string:null
01-24 16:34:01.949  2721  3563 I JobServiceContext: Client timed out while executing (no jobFinished received). Sending onStop: f84a513 {androidx.work.systemjobscheduler} #u0a592/3368 @androidx.work.systemjobscheduler@com.google.android.apps.translate/androidx.work.impl.background.systemjob.SystemJobService
01-24 16:34:01.958  2721  6902 I BatteryService_BatteryPropertiesRegistrar: [getProperty]id:2
01-24 16:34:01.958  2721  4844 I ActivityManager: Changes in 10592 8 to 10, 128 to 0
01-24 16:34:01.959  2721  6902 I BatteryService_BatteryPropertiesRegistrar: [getProperty]prop.long:-9223372036854775808 ,prop.string:null
01-24 16:34:02.011  2721  6902 I ActivityManager: Changes in 10592 19 to 8, 0 to 128
01-24 16:34:02.431  1146  1146 D io_stats: !@   8,0 r 3102443 76938884 w 1291836 17564836 d 146760 93723248 f 63121 281934 iot 671980 0 th 0 0 0 pt 0 inp 0 0 20677.935
01-24 16:34:02.432  1146  1146 D io_stats: !@ Read_top(KB): .apps.translate(22142) 64 studio.watchrss(3330) 16 sait.sohservice(30987) 8
01-24 16:34:02.432  1146  1146 D io_stats: !@ Write_top(KB): kworker/u16:3(8018) 376 m.omarea.vtools(8380) 104 .apps.translate(22142) 72
01-24 16:34:02.638  2721  3580 D ActivityManager: freezing 30666 com.skms.android.agent:remote
01-24 16:34:03.220  2721  3385 I ActivityManager: Changes in 9510461 10 to 10, 0 to 128
01-24 16:34:03.225  2721  4844 I ActivityManager: Changes in 9510461 10 to 10, 128 to 0
01-24 16:34:03.286  2721  3589 D ActivityManager: Received BROADCAST intent 0xb51627f Key{broadcastIntent pkg=com.android.bluetooth intent=act=com.android.bluetooth.gatt.REFRESH_BATCHED_SCAN xflg=0x4 flags=0x4000000 u=0} requestCode=0 sent=0 from uid 1000
01-24 16:34:03.289  2721  3589 D ActivityManager: Received BROADCAST intent 0xbd7df43 Key{broadcastIntent pkg=com.tencent.mm intent=act=com.tencent.mm.TrafficStatsReceiver xflg=0x4 flags=0x4000000 u=0} requestCode=111 sent=0 from uid 1000
01-24 16:34:03.418  6726  6726 I SDHMS:LOAD: type: LoadsFreqs, value: 4:0:0:606719:672000:480000:577535:729600:499200:422:422:422
01-24 16:34:03.933  2721  3378 E Watchdog: !@Sync: 687 heap(MB): 190 / 192 FD: 1539 [2026-01-24 16:34:03.933] softdog disabled
01-24 16:34:04.346  2721  3806 D SGM:GameManager: identifyGamePackage. com.lightningstudio.watchrss, mCurrentUserId: 0, callingMethodInfo: com.samsung.android.game.SemGameManager.isGamePackage(SemGameManager.java:106)
01-24 16:34:04.346  2721  3806 D SGM:SemGameManager: isGamePackage(), pkgName=com.lightningstudio.watchrss, ret=false
01-24 16:34:04.347  2721  3806 W ContextImpl: Calling a method in the system process without a qualified user: android.app.ContextImpl.bindService:2167 com.samsung.android.server.wifi.SemWifiIntelligentConnectionManager.iwh_predict_action:8 com.samsung.android.server.wifi.SemWifiIntelligentConnectionManager.-$$Nest$miwh_predict_action:1 com.samsung.android.server.wifi.SemWifiIntelligentConnectionManager$IntelligentConnectionManagerHandler.handleMessage:762 android.os.Handler.dispatchMessage:110 
01-24 16:34:04.352  2721  3762 D BackgroundInstallControlService: Package event received: 0
01-24 16:34:04.412  2721  3386 W ActivityManager: Slow operation: 51ms so far, now at startProcess: returned from zygote!
01-24 16:34:04.412  2721  3386 W ActivityManager: Slow operation: 52ms so far, now at startProcess: done updating battery stats
01-24 16:34:04.413  2721  3386 W ActivityManager: Slow operation: 52ms so far, now at startProcess: building log message
01-24 16:34:04.413  2721  3386 I ActivityManager: Start proc 9283:com.samsung.android.wifi.intelligence:iwhInfService/1000 for service {com.samsung.android.wifi.intelligence/com.samsung.android.wifi.intelligence.iwh.IwhInfService}
01-24 16:34:04.413  2721  3386 W ActivityManager: Slow operation: 52ms so far, now at startProcess: starting to update pids map
01-24 16:34:04.413  2721  3386 I ActivityManager: ProcessObserver broadcast disabled
01-24 16:34:04.413  2721  3386 W ActivityManager: Slow operation: 52ms so far, now at startProcess: done updating pids map
01-24 16:34:04.433  1146  1146 D io_stats: !@   8,0 r 3102448 76938904 w 1291852 17564900 d 146760 93723248 f 63122 281938 iot 672016 0 th 0 0 0 pt 0 inp 0 0 20679.938
01-24 16:34:04.661  2721  3762 D BackgroundInstallControlService: Package event received: 0
01-24 16:34:04.917  2721  3806 W ContextImpl: Calling a method in the system process without a qualified user: android.app.ContextImpl.stopService:2080 com.samsung.android.server.wifi.SemWifiIntelligentConnectionManager$IntelligentConnectionManagerHandler.handleMessage:247 android.os.Handler.dispatchMessage:110 android.os.Looper.loopOnce:273 android.os.Looper.loop:363 
01-24 16:34:04.957  2721  3385 I ActivityManager: Changes in 10461 10 to 10, 0 to 128
01-24 16:34:04.959  2721  6902 I BatteryService_BatteryPropertiesRegistrar: [getProperty]id:2
01-24 16:34:04.961  2721  6902 I BatteryService_BatteryPropertiesRegistrar: [getProperty]prop.long:-9223372036854775808 ,prop.string:null
01-24 16:34:04.962  2721  4844 I ActivityManager: Changes in 10461 10 to 10, 128 to 0
01-24 16:34:04.990  2721  4844 I ActivityManager: Process com.samsung.android.wifi.intelligence:iwhInfService (pid 9283) has died: cch+5 CEM (390,3515)
01-24 16:34:05.185  6726  7656 I SDHMS:x : SIOP:: AP:297 BAT:270 USB:256 CHG:301 PA:289 CP:294 WIFI:292 CF:290 BLK:0 SUBBAT:247 LRPTHM:278 SKIN:303 SKINF:303 SKINB:283 LRP:303 LRF:303 LRB:283 APT:303 APR:283 RCV:239 SPK:261 CAPR:299 CRCV:237 CSPK:265 CAMT:318 UPSPK:275 DNSPK:255 VAP:296 VWIFI:290 AMB2:241 AVGCUR:1065 AVGSYS:202 POWER:4111
01-24 16:34:05.257  2721  4844 D [SS]BattFunctions: [sendRemainingChargingTimeChangedIntent]remainingChargingTime:10556 ,mLastRemainingChargingTime:10567
01-24 16:34:05.261  4040  4040 D PowerUI : Remaining charging time : 10556
01-24 16:34:05.262  4040  4040 D PowerUI : Charging time is changed, check charging notification
01-24 16:34:05.265  4040  4040 D PowerUI.Notification: showChargingNotice - Battery Level : 20 -> 20, Charging Type : 11 -> 11, Charging Time : 10567 -> 10556, Maximum protection : false -> false, Maximum threshold : 80 -> 80
01-24 16:34:05.268  4040  4040 I NotificationManager: com.android.systemui: notify(2131364006, charging_state, Notification(channel=CHR shortcut=null contentView=null vibrate=null sound=null defaults=0 flags=ONGOING_EVENT|ONLY_ALERT_ONCE color=0x00000000 category=sys groupKey=CHARGING vis=PUBLIC semFlags=0x0 semPriority=0 semMissedCount=0)) as user
01-24 16:34:05.271  2721  4844 W PermissionService: getPermissionFlags: Unknown user -1
01-24 16:34:05.272  2721  4844 W PermissionService: getPermissionFlags: Unknown user -1
01-24 16:34:05.358  3872  3872 I wpa_supplicant: Heartbeat 8376
01-24 16:34:05.478  2721  2721 I Telecom : SamsungTelecomServiceImpl : isInManagedCall - callingPackage : android / callingUser : UserHandle{0} / hasCrossUserAccess : true
01-24 16:34:06.435  1146  1146 D io_stats: !@   8,0 r 3102448 76938904 w 1291899 17565412 d 146760 93723248 f 63122 281941 iot 672056 0 th 0 0 0 pt 0 inp 0 0 20681.939
01-24 16:34:06.436  1146  1146 D io_stats: !@ Read_top(KB): sait.sohservice(30987) 16 system_server(2721) 4
01-24 16:34:06.437  1146  1146 D io_stats: !@ Write_top(KB): kworker/u16:4(23809) 416 m.omarea.vtools(8380) 100 system_server(2721) 24
01-24 16:34:07.387  2721  3806 D SGM:GameManager: identifyGamePackage. com.lightningstudio.watchrss, mCurrentUserId: 0, callingMethodInfo: com.samsung.android.game.SemGameManager.isGamePackage(SemGameManager.java:106)
01-24 16:34:07.388  2721  3806 D SGM:SemGameManager: isGamePackage(), pkgName=com.lightningstudio.watchrss, ret=false
01-24 16:34:07.887  2721  4801 I BatteryService_BatteryPropertiesRegistrar: [getProperty]id:2
01-24 16:34:07.887  2721  4801 I BatteryService_BatteryPropertiesRegistrar: [getProperty]prop.long:-9223372036854775808 ,prop.string:null
01-24 16:34:07.889  2721  4801 I BatteryService_BatteryPropertiesRegistrar: [getProperty]id:4
01-24 16:34:07.889  2721  4801 I BatteryService_BatteryPropertiesRegistrar: [getProperty]prop.long:-9223372036854775808 ,prop.string:null
01-24 16:34:07.889  2721  4801 I BatteryService_BatteryPropertiesRegistrar: [getProperty]id:6
01-24 16:34:07.889  2721  4801 I BatteryService_BatteryPropertiesRegistrar: [getProperty]prop.long:-9223372036854775808 ,prop.string:null
01-24 16:34:07.957  2721  4801 I BatteryService_BatteryPropertiesRegistrar: [getProperty]id:2
01-24 16:34:07.957  2721  4801 I BatteryService_BatteryPropertiesRegistrar: [getProperty]prop.long:-9223372036854775808 ,prop.string:null
01-24 16:34:08.438  1146  1146 D io_stats: !@   8,0 r 3102461 76938976 w 1292076 17566232 d 146763 93723284 f 63124 281950 iot 672104 0 th 0 0 0 pt 0 inp 0 0 20683.942
01-24 16:34:08.816  2721  3589 D ActivityManager: Received BROADCAST intent 0xb51627f Key{broadcastIntent pkg=com.android.bluetooth intent=act=com.android.bluetooth.gatt.REFRESH_BATCHED_SCAN xflg=0x4 flags=0x4000000 u=0} requestCode=0 sent=0 from uid 1000
01-24 16:34:10.430  2721  3806 D SGM:GameManager: identifyGamePackage. com.lightningstudio.watchrss, mCurrentUserId: 0, callingMethodInfo: com.samsung.android.game.SemGameManager.isGamePackage(SemGameManager.java:106)
01-24 16:34:10.430  2721  3806 D SGM:SemGameManager: isGamePackage(), pkgName=com.lightningstudio.watchrss, ret=false
01-24 16:34:10.439  1146  1146 D io_stats: !@   8,0 r 3102468 76939004 w 1292091 17566288 d 146763 93723284 f 63125 281952 iot 672136 0 th 0 0 0 pt 0 inp 0 0 20685.943
01-24 16:34:10.440  1146  1146 D io_stats: !@ Read_top(KB): system_server(2721) 44 sait.sohservice(30987) 40 f2fs_ckpt-254:5(1318) 16
01-24 16:34:10.440  1146  1146 D io_stats: !@ Write_top(KB): f2fs_ckpt-254:5(1318) 240 m.omarea.vtools(8380) 100 .gms.persistent(6051) 40
01-24 16:34:10.959  2721  4801 I BatteryService_BatteryPropertiesRegistrar: [getProperty]id:2
01-24 16:34:10.959  2721  4801 I BatteryService_BatteryPropertiesRegistrar: [getProperty]prop.long:-9223372036854775808 ,prop.string:null
01-24 16:34:12.441  1146  1146 D io_stats: !@   8,0 r 3102473 76939024 w 1292135 17566536 d 146827 93725548 f 63126 281955 iot 672208 0 th 0 0 0 pt 0 inp 0 0 20687.946
01-24 16:34:13.470  2721  3806 D SGM:GameManager: identifyGamePackage. com.lightningstudio.watchrss, mCurrentUserId: 0, callingMethodInfo: com.samsung.android.game.SemGameManager.isGamePackage(SemGameManager.java:106)
01-24 16:34:13.471  2721  3806 D SGM:SemGameManager: isGamePackage(), pkgName=com.lightningstudio.watchrss, ret=false
01-24 16:34:13.509  6726  6726 I SDHMS:LOAD: type: LoadsFreqs, value: 0:0:0:556800:672000:480000:595584:1401600:499200:422:422:422
01-24 16:34:13.890  2721  4801 I BatteryService_BatteryPropertiesRegistrar: [getProperty]id:2
01-24 16:34:13.890  2721  4801 I BatteryService_BatteryPropertiesRegistrar: [getProperty]prop.long:-9223372036854775808 ,prop.string:null
01-24 16:34:13.893  2721  4801 I BatteryService_BatteryPropertiesRegistrar: [getProperty]id:4
01-24 16:34:13.893  2721  4801 I BatteryService_BatteryPropertiesRegistrar: [getProperty]prop.long:-9223372036854775808 ,prop.string:null
01-24 16:34:13.894  2721  4801 I BatteryService_BatteryPropertiesRegistrar: [getProperty]id:6
01-24 16:34:13.894  2721  4801 I BatteryService_BatteryPropertiesRegistrar: [getProperty]prop.long:-9223372036854775808 ,prop.string:null
01-24 16:34:13.959  2721  4801 I BatteryService_BatteryPropertiesRegistrar: [getProperty]id:2
01-24 16:34:13.959  2721  4801 I BatteryService_BatteryPropertiesRegistrar: [getProperty]prop.long:-9223372036854775808 ,prop.string:null
01-24 16:34:14.347  2721  3589 D ActivityManager: Received BROADCAST intent 0xb51627f Key{broadcastIntent pkg=com.android.bluetooth intent=act=com.android.bluetooth.gatt.REFRESH_BATCHED_SCAN xflg=0x4 flags=0x4000000 u=0} requestCode=0 sent=0 from uid 1000
01-24 16:34:14.443  1146  1146 D io_stats: !@   8,0 r 3102481 76939056 w 1292162 17566660 d 146827 93725548 f 63127 281958 iot 672232 0 th 0 0 0 pt 0 inp 0 0 20689.947
01-24 16:34:14.444  1146  1146 D io_stats: !@ Read_top(KB): m.omarea.vtools(8380) 32 sait.sohservice(30987) 20
01-24 16:34:14.444  1146  1146 D io_stats: !@ Write_top(KB): m.omarea.vtools(8380) 180 kworker/u16:4(23809) 168
01-24 16:34:15.096  2721  3696 W DeviceStorageMonitorService: updateBroadcasts(/data) oldLevel:0, newLevel:0, seq:1
01-24 16:34:15.098  2721  3696 D DeviceStorageMonitorService: Available File Node Number is [11878972]
01-24 16:34:15.098  2721  3696 W DeviceStorageMonitorService: updateBroadcasts_filenode(/data) fn_oldLevel:0, fn_newLevel:0, seq:1
01-24 16:34:15.225  6726  7656 I SDHMS:x : SIOP:: AP:295 BAT:270 USB:257 CHG:299 PA:288 CP:292 WIFI:290 CF:288 BLK:0 SUBBAT:247 LRPTHM:277 SKIN:303 SKINF:303 SKINB:282 LRP:303 LRF:303 LRB:282 APT:303 APR:282 RCV:240 SPK:261 CAPR:299 CRCV:238 CSPK:265 CAMT:317 UPSPK:275 DNSPK:256 VAP:296 VWIFI:290 AMB2:242 AVGCUR:1116 AVGSYS:202 POWER:4308
01-24 16:34:15.360  3872  3872 I wpa_supplicant: Heartbeat 8377
01-24 16:34:15.547  2721  4801 D [SS]BattFunctions: [sendRemainingChargingTimeChangedIntent]remainingChargingTime:10541 ,mLastRemainingChargingTime:10556
01-24 16:34:15.551  4040  4040 D PowerUI : Remaining charging time : 10541
01-24 16:34:15.551  4040  4040 D PowerUI : Charging time is changed, check charging notification
01-24 16:34:15.554  4040  4040 D PowerUI.Notification: showChargingNotice - Battery Level : 20 -> 20, Charging Type : 11 -> 11, Charging Time : 10556 -> 10541, Maximum protection : false -> false, Maximum threshold : 80 -> 80
01-24 16:34:15.557  4040  4040 I NotificationManager: com.android.systemui: notify(2131364006, charging_state, Notification(channel=CHR shortcut=null contentView=null vibrate=null sound=null defaults=0 flags=ONGOING_EVENT|ONLY_ALERT_ONCE color=0x00000000 category=sys groupKey=CHARGING vis=PUBLIC semFlags=0x0 semPriority=0 semMissedCount=0)) as user
01-24 16:34:15.561  2721  4801 W PermissionService: getPermissionFlags: Unknown user -1
01-24 16:34:15.561  2721  4801 W PermissionService: getPermissionFlags: Unknown user -1
01-24 16:34:15.774  2721  2721 I Telecom : SamsungTelecomServiceImpl : isInManagedCall - callingPackage : android / callingUser : UserHandle{0} / hasCrossUserAccess : true
01-24 16:34:16.444  1146  1146 D io_stats: !@   8,0 r 3102481 76939056 w 1292199 17567204 d 146828 93725552 f 63127 281961 iot 672268 0 th 0 0 0 pt 0 inp 0 0 20691.949
01-24 16:34:16.505  2721  3806 D SGM:GameManager: identifyGamePackage. com.lightningstudio.watchrss, mCurrentUserId: 0, callingMethodInfo: com.samsung.android.game.SemGameManager.isGamePackage(SemGameManager.java:106)
01-24 16:34:16.506  2721  3806 D SGM:SemGameManager: isGamePackage(), pkgName=com.lightningstudio.watchrss, ret=false
01-24 16:34:16.959  2721  4801 I BatteryService_BatteryPropertiesRegistrar: [getProperty]id:2
