--------- beginning of system
01-24 16:49:58.008  2721  4856 D RestrictionPolicy: isSettingsChangesAllowedAsUser, userId 0 : true
01-24 16:49:58.008  2721  4856 D KNOX_MDM_SettingsProvider: ret = 1
01-24 16:49:58.008  2721  4666 I ActivityManager: Changes in 10576 15 to 5, 0 to 144
01-24 16:49:58.010  2721  3762 D BackgroundInstallControlService: Package event received: 0
01-24 16:49:58.010  2721  6862 D KNOX_MDM_SettingsProvider: isChangeAllowed() : name = ear_shock_condition
01-24 16:49:58.010  2721  6862 D KNOX_MDM_SettingsProvider: edmUri: content://com.sec.knox.provider/RestrictionPolicy3
01-24 16:49:58.010  2721  6862 D KNOX_MDM_SettingsProvider: projectionArgs: isSettingsChangesAllowed
01-24 16:49:58.010  2721  6862 D KNOX_MDM_SettingsProvider: selectionArgs: false
01-24 16:49:58.010  2721  6862 D KNOX_MDM_SettingsProvider: selectionArgs: 10152
01-24 16:49:58.010  2721  6862 D SecContentProvider: called from com.sec.android.app.soundalive
01-24 16:49:58.010  2721  6862 D RestrictionPolicy: isSettingsChangesAllowedAsUser, userId 0 : true
01-24 16:49:58.010  2721  6862 D KNOX_MDM_SettingsProvider: ret = 1
01-24 16:49:58.016  2721  6872 I ActivityManager: Changes in 10049 11 to 19, 128 to 0
01-24 16:49:58.022  2721  4856 I ActivityManager: Changes in 10152 11 to 19, 128 to 0
01-24 16:49:58.024  2721  6872 D KNOX_MDM_SettingsProvider: isChangeAllowed() : name = k2hd_effect
01-24 16:49:58.025  2721  6872 D KNOX_MDM_SettingsProvider: edmUri: content://com.sec.knox.provider/RestrictionPolicy3
01-24 16:49:58.025  2721  6872 D KNOX_MDM_SettingsProvider: projectionArgs: isSettingsChangesAllowed
01-24 16:49:58.025  2721  6872 D KNOX_MDM_SettingsProvider: selectionArgs: false
01-24 16:49:58.025  2721  6872 D KNOX_MDM_SettingsProvider: selectionArgs: 10152
01-24 16:49:58.025  2721  6872 D SecContentProvider: called from com.sec.android.app.soundalive
01-24 16:49:58.025  2721  6872 D RestrictionPolicy: isSettingsChangesAllowedAsUser, userId 0 : true
01-24 16:49:58.025  2721  6872 D KNOX_MDM_SettingsProvider: ret = 1
01-24 16:49:58.031  2721  4856 D StatusBarManagerService: isSecCustomTile : componentName =ComponentInfo{com.sec.android.app.soundalive/com.sec.android.app.soundalive.DolbyTile}
01-24 16:49:58.076 11739 11739 V Configuration: Updating configuration, locales updated from [] to [zh_CN_#Hans]
01-24 16:49:58.121 11739 11739 V Configuration: Updating configuration, locales updated from [] to [zh_CN_#Hans]
01-24 16:49:58.224  2721 18010 W ContextImpl: Calling a method in the system process without a qualified user: android.app.ContextImpl.sendBroadcast:1335 com.samsung.android.mocca.app.base.SemContextProvider.reportActivityNotificationEvent:209 com.samsung.android.mocca.app.base.SemContextProvider.lambda$new$3:34 com.samsung.android.mocca.app.base.SemContextProvider.a:0 x.i.onSemContextChanged:2 
01-24 16:49:58.851  6726  7656 I SDHMS:x : SIOP:: AP:295 BAT:265 USB:262 CHG:297 PA:288 CP:292 WIFI:288 CF:286 BLK:0 SUBBAT:250 LRPTHM:277 SKIN:300 SKINF:300 SKINB:279 LRP:300 LRF:300 LRB:279 APT:300 APR:279 RCV:243 SPK:264 CAPR:296 CRCV:241 CSPK:266 CAMT:314 UPSPK:275 DNSPK:262 VAP:289 VWIFI:283 AMB2:246 AVGCUR:919 AVGSYS:0 POWER:3582
01-24 16:49:59.048  2721  3600 D PowerManagerService: [api] userActivityFromNative : other, HOVER displayId=0 eventTime=21634550
01-24 16:49:59.128  2721  4856 I BatteryService_BatteryPropertiesRegistrar: [getProperty]id:2
01-24 16:49:59.128  2721  4856 I BatteryService_BatteryPropertiesRegistrar: [getProperty]prop.long:-9223372036854775808 ,prop.string:null
01-24 16:49:59.180  1146  1146 D io_stats: !@   8,0 r 3109262 77177484 w 1310166 17952584 d 147842 93829660 f 63733 284159 iot 690216 0 th 0 0 0 pt 0 inp 0 0 21634.684
01-24 16:49:59.181  1146  1146 D io_stats: !@ Read_top(KB): system_server(2721) 428 binder:2305_2(2305) 392 kworker/u16:4(23809) 256
01-24 16:49:59.181  1146  1146 D io_stats: !@ Write_top(KB): chbox:googleapp(18696) 920 f2fs_ckpt-254:5(1318) 876 m.omarea.vtools(8380) 96
01-24 16:49:59.654  2721  4858 W AppOps  : Noting op not finished: uid 10285 pkg com.google.android.gms code 113 startTime of in progress event=1769119066830
01-24 16:49:59.659  2721  4858 D ActivityManager: Received SERVICE intent 0x5328613 Key{startService pkg=com.google.android.gms/fused_location_provider intent=act=com.google.android.gms.location.util.nlp.RESULT cat=[targeted_intent_op_prefix:.location.util.nlp.NlpInternalApi$NlpReceiverIntentOperation] xflg=0x4 cmp=com.google.android.gms/.chimera.PersistentIntentOperationService flags=0x2000000 u=0} requestCode=0 from uid 10285
01-24 16:49:59.664  2721  4858 D ActivityManager: Received SERVICE intent 0x10f1050 Key{startService pkg=com.google.android.gms/fused_location_provider intent=act=com.google.android.location.internal.action.FLP_AR_RESULT xflg=0x4 pkg=com.google.android.gms cmp=com.google.android.gms/com.google.android.location.internal.PendingIntentCallbackService flags=0x2000000 u=0} requestCode=0 from uid 10285
01-24 16:49:59.665  2721  6862 W AppOps  : Noting op not finished: uid 10285 pkg com.google.android.gms code 113 startTime of in progress event=1769119067230
01-24 16:49:59.673  2721  4858 D ActivityManager: Received SERVICE intent 0x8428249 Key{startService pkg=com.google.android.gms/com.google.android.gms.location_base intent=act=com.google.android.location.internal.action.AR_TRANSITION_RESULT xflg=0x4 pkg=com.google.android.gms cmp=com.google.android.gms/com.google.android.location.internal.PendingIntentCallbackService flags=0x2000000 u=0} requestCode=0 from uid 10285
01-24 16:49:59.674  2721  6862 W AppOps  : Noting op not finished: uid 10285 pkg com.google.android.gms code 79 startTime of in progress event=1769119075318
01-24 16:49:59.678  2721  4856 D ActivityManager: Received BROADCAST intent 0xbe1d342 Key{broadcastIntent pkg=com.google.android.gms/com.google.android.gms.personalsafety intent=act=com.google.android.gms.personalsafety.scanners.ACTION_ACTIVITY_DETECTED xflg=0x4 pkg=com.google.android.gms flags=0x2000000 u=0} requestCode=0 sent=0 from uid 10285
01-24 16:49:59.680  2721  4856 W AppOps  : Noting op not finished: uid 10285 pkg com.google.android.gms code 113 startTime of in progress event=1769119068128
01-24 16:49:59.685  2721  6862 D ActivityManager: Received SERVICE intent 0x579e74e Key{startService pkg=com.google.android.gms/current_semantic_location intent=act=com.google.android.gms.semanticlocation.ACTION_ACTIVITY xflg=0x4 cmp=com.google.android.gms/.semanticlocation.service.SemanticLocationService flags=0x2000000 u=0} requestCode=0 from uid 10285
01-24 16:50:00.005  2721  2721 I EyeComfortSolutionService: action  :  android.intent.action.TIME_TICK
01-24 16:50:00.468  2721  3589 D ActivityManager: Received BROADCAST intent 0xb51627f Key{broadcastIntent pkg=com.android.bluetooth intent=act=com.android.bluetooth.gatt.REFRESH_BATCHED_SCAN xflg=0x4 flags=0x4000000 u=0} requestCode=0 sent=0 from uid 1000
01-24 16:50:00.656  2721  4478 W AppOps  : Noting op not finished: uid 10285 pkg com.google.android.gms code 113 startTime of in progress event=1769119066830
01-24 16:50:00.739  2721  4478 I BatteryService_BatteryPropertiesRegistrar: [getProperty]id:2
01-24 16:50:00.740  2721  4478 I BatteryService_BatteryPropertiesRegistrar: [getProperty]prop.long:-9223372036854775808 ,prop.string:null
01-24 16:50:00.742  2721  4478 I BatteryService_BatteryPropertiesRegistrar: [getProperty]id:4
01-24 16:50:00.742  2721  4478 I BatteryService_BatteryPropertiesRegistrar: [getProperty]prop.long:-9223372036854775808 ,prop.string:null
01-24 16:50:00.743  2721  4478 I BatteryService_BatteryPropertiesRegistrar: [getProperty]id:6
01-24 16:50:00.744  2721  4478 I BatteryService_BatteryPropertiesRegistrar: [getProperty]prop.long:-9223372036854775808 ,prop.string:null
01-24 16:50:00.798  2721  4478 D ActivityManager: Received SERVICE intent 0x6127e12 Key{startService pkg=com.google.android.gms/network_location_provider intent=act=com.google.android.gms.location.util.nlp.RESULT cat=[targeted_intent_op_prefix:.location.util.nlp.NlpInternalApi$NlpReceiverIntentOperation] xflg=0x4 cmp=com.google.android.gms/.chimera.PersistentIntentOperationService flags=0x2000000 u=0} requestCode=1 from uid 10285
01-24 16:50:00.805  2721  6872 D ActivityManager: Received SERVICE intent 0xa96695e Key{startService pkg=com.google.android.gms/fused_location_provider intent=act=com.google.android.location.internal.action.FLP_FULL_POWER_LOCATION_RESULT xflg=0x4 pkg=com.google.android.gms cmp=com.google.android.gms/com.google.android.location.internal.PendingIntentCallbackService flags=0x2000000 u=0} requestCode=0 from uid 10285
01-24 16:50:00.810  2721  4478 D ActivityManager: Received BROADCAST intent 0x5263302 Key{broadcastIntent pkg=com.samsung.android.mcfds intent=act=com.samsung.android.ce.sensor.LocationProvider.INTENT_MOVE_CONTEXT_PASSIVE_LOCATION xflg=0x4 pkg=com.samsung.android.mcfds flags=0x2000000 u=0} requestCode=2024320 sent=0 from uid 1000
01-24 16:50:00.817  2721  4478 D ActivityManager: Received BROADCAST intent 0xaa7b7d5 Key{broadcastIntent pkg=com.samsung.android.mcfds intent=act=com.samsung.android.ce.sensor.sLocation.PASSIVE_INTENT xflg=0x4 pkg=com.samsung.android.mcfds flags=0x2000000 u=0} requestCode=20247613 sent=0 from uid 1000
01-24 16:50:00.819  2721  6862 D ActivityManager: Received SERVICE intent 0xe2081d3 Key{startService pkg=com.google.android.gms/fused_location_provider intent=act=com.google.android.location.internal.action.FLP_LOW_POWER_LOCATION_RESULT xflg=0x4 pkg=com.google.android.gms cmp=com.google.android.gms/com.google.android.location.internal.PendingIntentCallbackService flags=0x2000000 u=0} requestCode=0 from uid 10285
01-24 16:50:00.863  2721  4478 D ActivityManager: Received SERVICE intent 0xe3d5e3 Key{startService pkg=com.google.android.gms/current_semantic_location intent=act=com.google.android.gms.semanticlocation.ACTION_LOCATION xflg=0x4 cmp=com.google.android.gms/.semanticlocation.service.SemanticLocationService flags=0x2000000 u=0} requestCode=0 from uid 10285
01-24 16:50:00.879  2721  3806 D SGM:GameManager: identifyGamePackage. com.sec.android.app.launcher, mCurrentUserId: 0, callingMethodInfo: com.samsung.android.game.SemGameManager.isGamePackage(SemGameManager.java:106)
01-24 16:50:00.879  2721  3806 D SGM:SemGameManager: isGamePackage(), pkgName=com.sec.android.app.launcher, ret=false
01-24 16:50:01.045  2721  3375 D LocalDisplayAdapter: updateActiveModeLocked for d=4630946165277524611, mActiveModeId=3, mActiveSfDisplayMode=DisplayMode{id=2, width=1856, height=2160, xDpi=377.139, yDpi=375.78, peakRefreshRate=60.000004, vsyncRate=60.000004, appVsyncOffsetNanos=16666666, presentationDeadlineNanos=17666666, supportedHdrTypes=[4, 2, 3], group=2160}
01-24 16:50:01.045  2721  3375 I DisplayDeviceRepository: Display device changed render timings: "内置屏幕", renderFrameRate=60.000004, presentationDeadlineNanos=17666666, appVsyncOffsetNanos=16666666, frameRateOverrides=[]
01-24 16:50:01.051  2721  2721 D SGM:GameManager: onDisplayChanged. displyId: 0, state: 2
01-24 16:50:01.053  2721  3367 D WindowManager: DeferredDisplayUpdater: partially applying DisplayInfo(1856 x 2160) immediately
01-24 16:50:01.053  2721  3627 D SGM:FgCheckThread: onLooperPrepared(), msg: MSG_LCD_ON
01-24 16:50:01.057  2721  4858 D WifiDisplayAdapter: isFitToActiveDisplayLocked : false
01-24 16:50:01.182  1146  1146 D io_stats: !@   8,0 r 3115158 77205752 w 1310230 17957028 d 147842 93829660 f 63738 284169 iot 690900 0 th 0 0 0 pt 0 inp 0 0 21636.686
01-24 16:50:02.128  2721  6862 I BatteryService_BatteryPropertiesRegistrar: [getProperty]id:2
01-24 16:50:02.128  2721  6862 I BatteryService_BatteryPropertiesRegistrar: [getProperty]prop.long:-9223372036854775808 ,prop.string:null
01-24 16:50:02.763  8380  9483 I NotificationManager: com.omarea.vtools: notify(256, null, Notification(channel=scene-scheduler shortcut=null contentView=com.omarea.vtools/0x7f0d00ca vibrate=null sound=null defaults=0 flags=ONGOING_EVENT|NO_CLEAR|FOREGROUND_SERVICE color=0x00000000 groupKey=silent vis=PRIVATE semFlags=0x0 semPriority=0 semMissedCount=0)) as user
01-24 16:50:02.982  2721  2721 I Telecom : SamsungTelecomServiceImpl : isInManagedCall - callingPackage : android / callingUser : UserHandle{0} / hasCrossUserAccess : true
01-24 16:50:03.077  2721  3375 D LocalDisplayAdapter: updateActiveModeLocked for d=4630946165277524611, mActiveModeId=1, mActiveSfDisplayMode=DisplayMode{id=0, width=1856, height=2160, xDpi=377.139, yDpi=375.78, peakRefreshRate=120.00001, vsyncRate=120.00001, appVsyncOffsetNanos=8333333, presentationDeadlineNanos=9333333, supportedHdrTypes=[4, 2, 3], group=2160}
01-24 16:50:03.077  2721  3375 I DisplayDeviceRepository: Display device changed render timings: "内置屏幕", renderFrameRate=120.00001, presentationDeadlineNanos=9333333, appVsyncOffsetNanos=8333333, frameRateOverrides=[]
01-24 16:50:03.078  2721  3367 D WindowManager: DeferredDisplayUpdater: partially applying DisplayInfo(1856 x 2160) immediately
01-24 16:50:03.079  2721  2721 D SGM:GameManager: onDisplayChanged. displyId: 0, state: 2
01-24 16:50:03.080  2721  3627 D SGM:FgCheckThread: onLooperPrepared(), msg: MSG_LCD_ON
01-24 16:50:03.086  2721  4882 D WifiDisplayAdapter: isFitToActiveDisplayLocked : false
01-24 16:50:03.183  1146  1146 D io_stats: !@   8,0 r 3122082 77240720 w 1310256 17957136 d 147986 93891720 f 63739 284172 iot 691516 0 th 0 0 0 pt 0 inp 0 0 21638.687
01-24 16:50:03.184  1146  1146 D io_stats: !@ Read_top(KB): binder:2305_2(2305) 52084 system_server(2721) 10820 kworker/u16:0(10006) 256
01-24 16:50:03.184  1146  1146 D io_stats: !@ Write_top(KB): kworker/u16:1(10946) 4328 m.omarea.vtools(8380) 96 system_server(2721) 96
01-24 16:50:03.899  2721  3806 D SGM:GameManager: identifyGamePackage. com.sec.android.app.launcher, mCurrentUserId: 0, callingMethodInfo: com.samsung.android.game.SemGameManager.isGamePackage(SemGameManager.java:106)
01-24 16:50:03.899  2721  3806 D SGM:SemGameManager: isGamePackage(), pkgName=com.sec.android.app.launcher, ret=false
01-24 16:50:04.016  2721  3384 I ActivityManager: Changes in 10576 5 to 15, 144 to 0
01-24 16:50:04.686  2721  3378 E Watchdog: !@Sync: 719 heap(MB): 149 / 196 FD: 1519 [2026-01-24 16:50:04.686] softdog disabled
01-24 16:50:05.128  2721  4219 I BatteryService_BatteryPropertiesRegistrar: [getProperty]id:2
01-24 16:50:05.128  2721  4219 I BatteryService_BatteryPropertiesRegistrar: [getProperty]prop.long:-9223372036854775808 ,prop.string:null
01-24 16:50:05.185  1146  1146 D io_stats: !@   8,0 r 3128721 77276584 w 1310366 17964244 d 147986 93891720 f 63741 284179 iot 692160 0 th 0 0 0 pt 0 inp 0 0 21640.689
01-24 16:50:05.365  2721  4858 W ProcessStats: Tracking association SourceState{314011f com.samsung.android.carkey/10122 BTop #78103} whose proc state 2 is better than process ProcessState{b42b2be com.skms.android.agent:remote/1000 pkg=com.skms.android.agent} proc state 15 (22 skipped)
01-24 16:50:05.510  3872  3872 I wpa_supplicant: Heartbeat 8472
01-24 16:50:06.003  2721  3589 D ActivityManager: Received BROADCAST intent 0xb51627f Key{broadcastIntent pkg=com.android.bluetooth intent=act=com.android.bluetooth.gatt.REFRESH_BATCHED_SCAN xflg=0x4 flags=0x4000000 u=0} requestCode=0 sent=0 from uid 1000
01-24 16:50:06.393  2721  4858 D [SS]BattFunctions: [sendRemainingChargingTimeChangedIntent]remainingChargingTime:9519 ,mLastRemainingChargingTime:9533
01-24 16:50:06.396  4040  4040 D PowerUI : Remaining charging time : 9519
01-24 16:50:06.396  4040  4040 D PowerUI : Charging time is changed, check charging notification
01-24 16:50:06.399  4040  4040 D PowerUI.Notification: showChargingNotice - Battery Level : 28 -> 28, Charging Type : 11 -> 11, Charging Time : 9533 -> 9519, Maximum protection : false -> false, Maximum threshold : 80 -> 80
01-24 16:50:06.401  4040  4040 I NotificationManager: com.android.systemui: notify(2131364006, charging_state, Notification(channel=CHR shortcut=null contentView=null vibrate=null sound=null defaults=0 flags=ONGOING_EVENT|ONLY_ALERT_ONCE color=0x00000000 category=sys groupKey=CHARGING vis=PUBLIC semFlags=0x0 semPriority=0 semMissedCount=0)) as user
01-24 16:50:06.405  2721  4858 W PermissionService: getPermissionFlags: Unknown user -1
01-24 16:50:06.405  2721  4858 W PermissionService: getPermissionFlags: Unknown user -1
01-24 16:50:06.611  2721  2721 I Telecom : SamsungTelecomServiceImpl : isInManagedCall - callingPackage : android / callingUser : UserHandle{0} / hasCrossUserAccess : true
01-24 16:50:06.743  2721  4858 I BatteryService_BatteryPropertiesRegistrar: [getProperty]id:2
01-24 16:50:06.743  2721  4858 I BatteryService_BatteryPropertiesRegistrar: [getProperty]prop.long:-9223372036854775808 ,prop.string:null
01-24 16:50:06.748  2721  4858 I BatteryService_BatteryPropertiesRegistrar: [getProperty]id:4
01-24 16:50:06.748  2721  4858 I BatteryService_BatteryPropertiesRegistrar: [getProperty]prop.long:-9223372036854775808 ,prop.string:null
01-24 16:50:06.749  2721  4858 I BatteryService_BatteryPropertiesRegistrar: [getProperty]id:6
01-24 16:50:06.749  2721  4858 I BatteryService_BatteryPropertiesRegistrar: [getProperty]prop.long:-9223372036854775808 ,prop.string:null
01-24 16:50:06.923  2721  3806 D SGM:GameManager: identifyGamePackage. com.sec.android.app.launcher, mCurrentUserId: 0, callingMethodInfo: com.samsung.android.game.SemGameManager.isGamePackage(SemGameManager.java:106)
01-24 16:50:06.924  2721  3806 D SGM:SemGameManager: isGamePackage(), pkgName=com.sec.android.app.launcher, ret=false
01-24 16:50:07.185  1146  1146 D io_stats: !@   8,0 r 3128724 77276712 w 1310382 17964300 d 147986 93891720 f 63741 284181 iot 692192 0 th 0 0 0 pt 0 inp 0 0 21642.690
01-24 16:50:07.186  1146  1146 D io_stats: !@ Read_top(KB): binder:2305_2(2305) 28252 system_server(2721) 7592 e:widgetControl(19244) 124
01-24 16:50:07.186  1146  1146 D io_stats: !@ Write_top(KB): kworker/u16:4(23809) 6852 sait.sohservice(30987) 100 m.omarea.vtools(8380) 80
01-24 16:50:08.129  2721  4858 I BatteryService_BatteryPropertiesRegistrar: [getProperty]id:2
01-24 16:50:08.129  2721  4858 I BatteryService_BatteryPropertiesRegistrar: [getProperty]prop.long:-9223372036854775808 ,prop.string:null
01-24 16:50:08.767  8380  9483 I NotificationManager: com.omarea.vtools: notify(256, null, Notification(channel=scene-scheduler shortcut=null contentView=com.omarea.vtools/0x7f0d00ca vibrate=null sound=null defaults=0 flags=ONGOING_EVENT|NO_CLEAR|FOREGROUND_SERVICE color=0x00000000 groupKey=silent vis=PRIVATE semFlags=0x0 semPriority=0 semMissedCount=0)) as user
01-24 16:50:08.890  6726  7656 I SDHMS:x : SIOP:: AP:306 BAT:263 USB:262 CHG:306 PA:292 CP:296 WIFI:297 CF:293 BLK:0 SUBBAT:249 LRPTHM:278 SKIN:301 SKINF:301 SKINB:280 LRP:301 LRF:301 LRB:280 APT:301 APR:280 RCV:242 SPK:264 CAPR:298 CRCV:241 CSPK:266 CAMT:316 UPSPK:275 DNSPK:262 VAP:291 VWIFI:285 AMB2:246 AVGCUR:960 AVGSYS:452 POWER:3742
01-24 16:50:08.988  2721  2721 I Telecom : SamsungTelecomServiceImpl : isInManagedCall - callingPackage : android / callingUser : UserHandle{0} / hasCrossUserAccess : true
01-24 16:50:09.187  1146  1146 D io_stats: !@   8,0 r 3128726 77276720 w 1310411 17964404 d 147986 93891720 f 63742 284184 iot 692256 0 th 0 0 0 pt 0 inp 0 0 21644.691
01-24 16:50:09.965  2721  3806 D SGM:GameManager: identifyGamePackage. com.sec.android.app.launcher, mCurrentUserId: 0, callingMethodInfo: com.samsung.android.game.SemGameManager.isGamePackage(SemGameManager.java:106)
01-24 16:50:09.965  2721  3806 D SGM:SemGameManager: isGamePackage(), pkgName=com.sec.android.app.launcher, ret=false
01-24 16:50:10.032  2721  3563 I ActivityManager: Changes in 9501000 19 to 19, 128 to 0
01-24 16:50:11.130  2721  4858 I BatteryService_BatteryPropertiesRegistrar: [getProperty]id:2
01-24 16:50:11.130  2721  4858 I BatteryService_BatteryPropertiesRegistrar: [getProperty]prop.long:-9223372036854775808 ,prop.string:null
01-24 16:50:11.188  1146  1146 D io_stats: !@   8,0 r 3128726 77276720 w 1310457 17964772 d 147986 93891720 f 63743 284187 iot 692292 0 th 0 0 0 pt 0 inp 0 0 21646.692
01-24 16:50:11.188  1146  1146 D io_stats: !@ Read_top(KB): sait.sohservice(30987) 4 sibility.scribe(738) 4
01-24 16:50:11.188  1146  1146 D io_stats: !@ Write_top(KB): kworker/u16:4(23809) 300 m.omarea.vtools(8380) 96 com.tencent.mm(31991) 16
01-24 16:50:11.533  2721  3589 D ActivityManager: Received BROADCAST intent 0xb51627f Key{broadcastIntent pkg=com.android.bluetooth intent=act=com.android.bluetooth.gatt.REFRESH_BATCHED_SCAN xflg=0x4 flags=0x4000000 u=0} requestCode=0 sent=0 from uid 1000
01-24 16:50:12.749  2721  4858 I BatteryService_BatteryPropertiesRegistrar: [getProperty]id:2
01-24 16:50:12.750  2721  4858 I BatteryService_BatteryPropertiesRegistrar: [getProperty]prop.long:-9223372036854775808 ,prop.string:null
01-24 16:50:12.755  2721  4858 I BatteryService_BatteryPropertiesRegistrar: [getProperty]id:4
01-24 16:50:12.755  2721  4858 I BatteryService_BatteryPropertiesRegistrar: [getProperty]prop.long:-9223372036854775808 ,prop.string:null
01-24 16:50:12.756  2721  4858 I BatteryService_BatteryPropertiesRegistrar: [getProperty]id:6
01-24 16:50:12.756  2721  4858 I BatteryService_BatteryPropertiesRegistrar: [getProperty]prop.long:-9223372036854775808 ,prop.string:null
01-24 16:50:13.004  2721  3806 D SGM:GameManager: identifyGamePackage. com.sec.android.app.launcher, mCurrentUserId: 0, callingMethodInfo: com.samsung.android.game.SemGameManager.isGamePackage(SemGameManager.java:106)
01-24 16:50:13.004  2721  3806 D SGM:SemGameManager: isGamePackage(), pkgName=com.sec.android.app.launcher, ret=false
01-24 16:50:13.189  1146  1146 D io_stats: !@   8,0 r 3128726 77276720 w 1310469 17964812 d 147986 93891720 f 63743 284189 iot 692304 0 th 0 0 0 pt 0 inp 0 0 21648.693
01-24 16:50:14.084  2721  3374 I EntropyMixer: Updated seed file
01-24 16:50:14.130  2721  4858 I BatteryService_BatteryPropertiesRegistrar: [getProperty]id:2
01-24 16:50:14.130  2721  4858 I BatteryService_BatteryPropertiesRegistrar: [getProperty]prop.long:-9223372036854775808 ,prop.string:null
01-24 16:50:14.763  8380  9483 I NotificationManager: com.omarea.vtools: notify(256, null, Notification(channel=scene-scheduler shortcut=null contentView=com.omarea.vtools/0x7f0d00ca vibrate=null sound=null defaults=0 flags=ONGOING_EVENT|NO_CLEAR|FOREGROUND_SERVICE color=0x00000000 groupKey=silent vis=PRIVATE semFlags=0x0 semPriority=0 semMissedCount=0)) as user
01-24 16:50:14.980  2721  2721 I Telecom : SamsungTelecomServiceImpl : isInManagedCall - callingPackage : android / callingUser : UserHandle{0} / hasCrossUserAccess : true
01-24 16:50:15.189  1146  1146 D io_stats: !@   8,0 r 3128731 77276740 w 1310511 17965088 d 147986 93891720 f 63744 284193 iot 692372 0 th 0 0 0 pt 0 inp 0 0 21650.694
01-24 16:50:15.190  1146  1146 D io_stats: !@ Read_top(KB): tencent.mm:push(21921) 16 sait.sohservice(30987) 4
01-24 16:50:15.190  1146  1146 D io_stats: !@ Write_top(KB): kworker/u16:5(8674) 200 m.omarea.vtools(8380) 80 ppmanager:pnsvc(8958) 8
01-24 16:50:15.511  3872  3872 I wpa_supplicant: Heartbeat 8473
01-24 16:50:15.793  2721  3696 W DeviceStorageMonitorService: updateBroadcasts(/data) oldLevel:0, newLevel:0, seq:1
01-24 16:50:15.795  2721  3696 D DeviceStorageMonitorService: Available File Node Number is [11878895]
01-24 16:50:15.795  2721  3696 W DeviceStorageMonitorService: updateBroadcasts_filenode(/data) fn_oldLevel:0, fn_newLevel:0, seq:1
01-24 16:50:16.042  2721  3806 D SGM:GameManager: identifyGamePackage. com.sec.android.app.launcher, mCurrentUserId: 0, callingMethodInfo: com.samsung.android.game.SemGameManager.isGamePackage(SemGameManager.java:106)
01-24 16:50:16.043  2721  3806 D SGM:SemGameManager: isGamePackage(), pkgName=com.sec.android.app.launcher, ret=false
01-24 16:50:16.430  2721  3562 I UsageStatsService: User[0] Flushing usage stats to disk
01-24 16:50:16.459  2721  3562 I UsageStatsService: User[95] Flushing usage stats to disk
01-24 16:50:16.487  2721  3762 D BackgroundInstallControlService: Package event received: 0
01-24 16:50:16.487  2721  3762 D BackgroundInstallControlService: Package event received: 0
01-24 16:50:16.577  2721  4219 D BatteryService: [processValuesLocked]batteryLevel:28 ,LastbatteryLevel:28 ,mPlugType:2 ,batteryStatus:2
01-24 16:50:16.577  2721  4219 D BatteryService: [countBatteryChangedConditions]mBatteryChangedConditionCounts:[5, 1, 1, 51, 7, 20, 26, 0, 0, 5, 5, 0, 5, 0, 0, 6, 28, 7, 0, 0, 0, 1]
01-24 16:50:16.577  2721  4219 D BatteryService: Sending ACTION_BATTERY_CHANGED: level:28, status:2, health:2, remain:9519, ac:false, usb:true, wireless:false, pogo:false, misc:0x10010000, charge_type:1, charger_type:1, voltage:3909, temperature:264, online:19, charging_status:0, cycle_count:0, current_avg:1027812, ps:false, hvc:true, current_event:0x8000, mcc:0, mcv:0, cc:1209825, present:true, scale:100, technology:Li-ion, protection:0
01-24 16:50:16.578  2721  4219 D [SS]BattUtils: [readNode]path:/efs/FactoryApp/bsoh ,value:96
01-24 16:50:16.584  4040  4040 I PowerUI : BATTERY_HEALTH_CHECK / batteryHealth : 2 / wirelessOverheat : false
01-24 16:50:16.584  4040  4040 D PowerUI : Skip charging animation - by Plug reason
01-24 16:50:16.584  2721  2721 D BatteryService: Sending ACTION_SEC_BATTERY_EVENT: misc_event:0x10010000, sec_plug_type:2, online:19, charge_type:1, ps:false, hvc:true, charger_type:1, pogo_plugged:0, current_event:0x8000, wc_tx_id:0
01-24 16:50:16.584  4040  4040 D PowerUI : Skip charging sound & vibrate - by Plug reason
01-24 16:50:16.584  4040  4941 D PowerUI.Notification: updateNotification mWarning = false mPlaySound = false
01-24 16:50:16.593  2721  3836 I DeviceBatteryInfoService: action: android.intent.action.BATTERY_CHANGED
01-24 16:50:16.595  2721  3836 I DeviceBatteryInfoService: phone battery level: 28
01-24 16:50:16.596  2721  3836 I DeviceBatteryInfoService: phone battery status: 2
01-24 16:50:16.596  2721  4858 D KNOX_MDM_SettingsProvider: isChangeAllowed() : name = ltc_highsoc_exceed_time
01-24 16:50:16.596  2721  4858 D KNOX_MDM_SettingsProvider: edmUri: content://com.sec.knox.provider/RestrictionPolicy3
01-24 16:50:16.597  2721  4858 D KNOX_MDM_SettingsProvider: projectionArgs: isSettingsChangesAllowed
01-24 16:50:16.597  2721  4858 D KNOX_MDM_SettingsProvider: selectionArgs: false
01-24 16:50:16.597  2721  4858 D KNOX_MDM_SettingsProvider: selectionArgs: 10052
01-24 16:50:16.597  2721  2721 D AdaptiveBrightnessLongtermModelBuilder[0]: Received android.intent.action.BATTERY_CHANGED
01-24 16:50:16.597  2721  4219 I BatteryService_BatteryPropertiesRegistrar: [getProperty]id:4
01-24 16:50:16.597  2721  4219 I BatteryService_BatteryPropertiesRegistrar: [getProperty]prop.long:-9223372036854775808 ,prop.string:null
01-24 16:50:16.598  2721  4219 I BatteryService_BatteryPropertiesRegistrar: [getProperty]id:6
01-24 16:50:16.598  2721  4219 I BatteryService_BatteryPropertiesRegistrar: [getProperty]prop.long:-9223372036854775808 ,prop.string:null
01-24 16:50:16.599  2721  4858 D SecContentProvider: called from android.uid.systemui:10052
01-24 16:50:16.599  2721  4858 D RestrictionPolicy: isSettingsChangesAllowedAsUser, userId 0 : true
01-24 16:50:16.599  2721  4858 D KNOX_MDM_SettingsProvider: ret = 1
01-24 16:50:16.601  2721  2721 I BattAuthManager_WpcAuthenticator: onReceive: com.samsung.server.BatteryService.action.SEC_BATTERY_EVENT, misc_event: 268500992, plug event: 2
01-24 16:50:17.068  2721  3589 D ActivityManager: Received BROADCAST intent 0xb51627f Key{broadcastIntent pkg=com.android.bluetooth intent=act=com.android.bluetooth.gatt.REFRESH_BATCHED_SCAN xflg=0x4 flags=0x4000000 u=0} requestCode=0 sent=0 from uid 1000
01-24 16:50:17.090  2721  4858 I BatteryService_BatteryPropertiesRegistrar: [getProperty]id:4
01-24 16:50:17.090  2721  4858 I BatteryService_BatteryPropertiesRegistrar: [getProperty]prop.long:-9223372036854775808 ,prop.string:null
01-24 16:50:17.092  2721  6872 I BatteryService_BatteryPropertiesRegistrar: [getProperty]id:1
01-24 16:50:17.092  2721  6872 I BatteryService_BatteryPropertiesRegistrar: [getProperty]prop.long:-9223372036854775808 ,prop.string:null
01-24 16:50:17.093  2721  4219 I BatteryService_BatteryPropertiesRegistrar: [getProperty]id:3
01-24 16:50:17.093  2721  4219 I BatteryService_BatteryPropertiesRegistrar: [getProperty]prop.long:-9223372036854775808 ,prop.string:null
01-24 16:50:17.131  2721  4219 I BatteryService_BatteryPropertiesRegistrar: [getProperty]id:2
01-24 16:50:17.131  2721  4219 I BatteryService_BatteryPropertiesRegistrar: [getProperty]prop.long:-9223372036854775808 ,prop.string:null
01-24 16:50:17.191  1146  1146 D io_stats: !@   8,0 r 3128892 77280748 w 1310570 17965628 d 147986 93891720 f 63746 284209 iot 692484 0 th 0 0 0 pt 0 inp 0 0 21652.695
01-24 16:50:18.753  2721  4219 I BatteryService_BatteryPropertiesRegistrar: [getProperty]id:2
01-24 16:50:18.753  2721  4219 I BatteryService_BatteryPropertiesRegistrar: [getProperty]prop.long:-9223372036854775808 ,prop.string:null
01-24 16:50:18.759  2721  4219 I BatteryService_BatteryPropertiesRegistrar: [getProperty]id:4
01-24 16:50:18.759  2721  4219 I BatteryService_BatteryPropertiesRegistrar: [getProperty]prop.long:-9223372036854775808 ,prop.string:null
01-24 16:50:18.760  2721  4219 I BatteryService_BatteryPropertiesRegistrar: [getProperty]id:6
01-24 16:50:18.760  2721  4219 I BatteryService_BatteryPropertiesRegistrar: [getProperty]prop.long:-9223372036854775808 ,prop.string:null
01-24 16:50:18.931  6726  7656 I SDHMS:x : SIOP:: AP:297 BAT:264 USB:262 CHG:300 PA:289 CP:293 WIFI:290 CF:289 BLK:0 SUBBAT:248 LRPTHM:278 SKIN:301 SKINF:301 SKINB:280 LRP:301 LRF:301 LRB:280 APT:301 APR:280 RCV:242 SPK:264 CAPR:297 CRCV:241 CSPK:266 CAMT:315 UPSPK:276 DNSPK:262 VAP:291 VWIFI:285 AMB2:246 AVGCUR:968 AVGSYS:235 POWER:3783
01-24 16:50:19.084  2721  3806 D SGM:GameManager: identifyGamePackage. com.sec.android.app.launcher, mCurrentUserId: 0, callingMethodInfo: com.samsung.android.game.SemGameManager.isGamePackage(SemGameManager.java:106)
01-24 16:50:19.084  2721  3806 D SGM:SemGameManager: isGamePackage(), pkgName=com.sec.android.app.launcher, ret=false
01-24 16:50:19.117  2721 10575 I AfterimageCompensationService: AfcThread mLuminance : 75 , AfpcPeriodCount : 91 , rotation : 0 , AOD : false
01-24 16:50:19.192  1146  1146 D io_stats: !@   8,0 r 3128926 77281216 w 1310582 17965668 d 147986 93891720 f 63746 284211 iot 692508 0 th 0 0 0 pt 0 inp 0 0 21654.696
01-24 16:50:19.192  1146  1146 D io_stats: !@ Read_top(KB): system_server(2721) 1080 m.android.phone(3904) 868 llivoiceservice(22293) 828
01-24 16:50:19.192  1146  1146 D io_stats: !@ Write_top(KB): m.omarea.vtools(8380) 80 vendor.samsung.(1788) 8
01-24 16:50:19.858  2721  4856 D ActivityManager: Received BROADCAST intent 0x5263302 Key{broadcastIntent pkg=com.samsung.android.mcfds intent=act=com.samsung.android.ce.sensor.LocationProvider.INTENT_MOVE_CONTEXT_PASSIVE_LOCATION xflg=0x4 pkg=com.samsung.android.mcfds flags=0x2000000 u=0} requestCode=2024320 sent=0 from uid 1000
01-24 16:50:19.867  2721  4856 D ActivityManager: Received BROADCAST intent 0xaa7b7d5 Key{broadcastIntent pkg=com.samsung.android.mcfds intent=act=com.samsung.android.ce.sensor.sLocation.PASSIVE_INTENT xflg=0x4 pkg=com.samsung.android.mcfds flags=0x2000000 u=0} requestCode=20247613 sent=0 from uid 1000
01-24 16:50:19.921  2721  3384 I ProcessStatsService: Pruning old procstats: /data/system/procstats/state-v2-2026-01-21-06-35-23.bin
01-24 16:50:20.081  2721  3580 D ActivityManager: freezing 1606 com.android.keychain
01-24 16:50:20.132  2721  4219 I BatteryService_BatteryPropertiesRegistrar: [getProperty]id:2
01-24 16:50:20.132  2721  4219 I BatteryService_BatteryPropertiesRegistrar: [getProperty]prop.long:-9223372036854775808 ,prop.string:null
01-24 16:50:20.174  2721  3762 D BackgroundInstallControlService: Package event received: 0
01-24 16:50:20.211  2721  3762 D BackgroundInstallControlService: Package event received: 0
01-24 16:50:20.272  2721  4856 W ProcessStats: Tracking association SourceState{314011f com.samsung.android.carkey/10122 BTop #78132} whose proc state 2 is better than process ProcessState{b42b2be com.skms.android.agent:remote/1000 pkg=com.skms.android.agent} proc state 15 (0 skipped)
01-24 16:50:20.308  2721  3762 D BackgroundInstallControlService: Package event received: 0
01-24 16:50:20.586  2721 10750 I ActivityManager: Changes in 10113 19 to 5, 0 to 144
01-24 16:50:20.588  2721  3762 D BackgroundInstallControlService: Package event received: 0
01-24 16:50:20.610  2721 16223 E DiscreteOpsXmlRegistry: Deleting file 1768686416025tl
01-24 16:50:20.765  8380  9483 I NotificationManager: com.omarea.vtools: notify(256, null, Notification(channel=scene-scheduler shortcut=null contentView=com.omarea.vtools/0x7f0d00ca vibrate=null sound=null defaults=0 flags=ONGOING_EVENT|NO_CLEAR|FOREGROUND_SERVICE color=0x00000000 groupKey=silent vis=PRIVATE semFlags=0x0 semPriority=0 semMissedCount=0)) as user
01-24 16:50:20.985  2721  2721 I Telecom : SamsungTelecomServiceImpl : isInManagedCall - callingPackage : android / callingUser : UserHandle{0} / hasCrossUserAccess : true
01-24 16:50:21.193  1146  1146 D io_stats: !@   8,0 r 3128963 77281364 w 1310662 17966644 d 147986 93891720 f 63749 284225 iot 692600 0 th 0 0 0 pt 0 inp 0 0 21656.697
01-24 16:50:22.124  2721  3806 D SGM:GameManager: identifyGamePackage. com.sec.android.app.launcher, mCurrentUserId: 0, callingMethodInfo: com.samsung.android.game.SemGameManager.isGamePackage(SemGameManager.java:106)
01-24 16:50:22.125  2721  3806 D SGM:SemGameManager: isGamePackage(), pkgName=com.sec.android.app.launcher, ret=false
01-24 16:50:22.599  2721  3589 D ActivityManager: Received BROADCAST intent 0xb51627f Key{broadcastIntent pkg=com.android.bluetooth intent=act=com.android.bluetooth.gatt.REFRESH_BATCHED_SCAN xflg=0x4 flags=0x4000000 u=0} requestCode=0 sent=0 from uid 1000
01-24 16:50:23.132  2721  4882 I BatteryService_BatteryPropertiesRegistrar: [getProperty]id:2
01-24 16:50:23.132  2721  4882 I BatteryService_BatteryPropertiesRegistrar: [getProperty]prop.long:-9223372036854775808 ,prop.string:null
01-24 16:50:23.194  1146  1146 D io_stats: !@   8,0 r 3128963 77281364 w 1310682 17966720 d 147986 93891720 f 63750 284228 iot 692612 0 th 0 0 0 pt 0 inp 0 0 21658.698
01-24 16:50:23.194  1146  1146 D io_stats: !@ Read_top(KB): rivacydashboard(24283) 116 system_server(2721) 20 sung.android.ce(31454) 8
01-24 16:50:23.194  1146  1146 D io_stats: !@ Write_top(KB): m.omarea.vtools(8380) 128 kworker/u16:1(10946) 108 system_server(2721) 96
01-24 16:50:24.757  2721  4882 I BatteryService_BatteryPropertiesRegistrar: [getProperty]id:2
01-24 16:50:24.757  2721  4882 I BatteryService_BatteryPropertiesRegistrar: [getProperty]prop.long:-9223372036854775808 ,prop.string:null
01-24 16:50:24.761  2721  4882 I BatteryService_BatteryPropertiesRegistrar: [getProperty]id:4
01-24 16:50:24.761  2721  4882 I BatteryService_BatteryPropertiesRegistrar: [getProperty]prop.long:-9223372036854775808 ,prop.string:null
01-24 16:50:24.762  2721  4882 I BatteryService_BatteryPropertiesRegistrar: [getProperty]id:6
01-24 16:50:24.762  2721  4882 I BatteryService_BatteryPropertiesRegistrar: [getProperty]prop.long:-9223372036854775808 ,prop.string:null
01-24 16:50:25.167  2721  3806 D SGM:GameManager: identifyGamePackage. com.sec.android.app.launcher, mCurrentUserId: 0, callingMethodInfo: com.samsung.android.game.SemGameManager.isGamePackage(SemGameManager.java:106)
01-24 16:50:25.167  2721  3806 D SGM:SemGameManager: isGamePackage(), pkgName=com.sec.android.app.launcher, ret=false
01-24 16:50:25.195  1146  1146 D io_stats: !@   8,0 r 3128964 77281368 w 1310694 17966760 d 147986 93891720 f 63750 284230 iot 692632 0 th 0 0 0 pt 0 inp 0 0 21660.700
01-24 16:50:25.512  3872  3872 I wpa_supplicant: Heartbeat 8474
01-24 16:50:26.132  2721  4882 I BatteryService_BatteryPropertiesRegistrar: [getProperty]id:2
01-24 16:50:26.132  2721  4882 I BatteryService_BatteryPropertiesRegistrar: [getProperty]prop.long:-9223372036854775808 ,prop.string:null
01-24 16:50:26.716  2721  3384 I ActivityManager: Changes in 10113 5 to 15, 144 to 0
01-24 16:50:26.766  8380  9483 I NotificationManager: com.omarea.vtools: notify(256, null, Notification(channel=scene-scheduler shortcut=null contentView=com.omarea.vtools/0x7f0d00ca vibrate=null sound=null defaults=0 flags=ONGOING_EVENT|NO_CLEAR|FOREGROUND_SERVICE color=0x00000000 groupKey=silent vis=PRIVATE semFlags=0x0 semPriority=0 semMissedCount=0)) as user
01-24 16:50:26.840  2721  4882 D [SS]BattFunctions: [sendRemainingChargingTimeChangedIntent]remainingChargingTime:9505 ,mLastRemainingChargingTime:9519
01-24 16:50:26.844  4040  4040 D PowerUI : Remaining charging time : 9505
01-24 16:50:26.844  4040  4040 D PowerUI : Charging time is changed, check charging notification
01-24 16:50:26.845  4040  4040 D PowerUI.Notification: showChargingNotice - Battery Level : 28 -> 28, Charging Type : 11 -> 11, Charging Time : 9519 -> 9505, Maximum protection : false -> false, Maximum threshold : 80 -> 80
01-24 16:50:26.847  4040  4040 I NotificationManager: com.android.systemui: notify(2131364006, charging_state, Notification(channel=CHR shortcut=null contentView=null vibrate=null sound=null defaults=0 flags=ONGOING_EVENT|ONLY_ALERT_ONCE color=0x00000000 category=sys groupKey=CHARGING vis=PUBLIC semFlags=0x0 semPriority=0 semMissedCount=0)) as user
01-24 16:50:26.850  2721  4882 W PermissionService: getPermissionFlags: Unknown user -1
01-24 16:50:26.850  2721  4882 W PermissionService: getPermissionFlags: Unknown user -1
01-24 16:50:26.978  2721  2721 I Telecom : SamsungTelecomServiceImpl : isInManagedCall - callingPackage : android / callingUser : UserHandle{0} / hasCrossUserAccess : true
01-24 16:50:27.056  2721  2721 I Telecom : SamsungTelecomServiceImpl : isInManagedCall - callingPackage : android / callingUser : UserHandle{0} / hasCrossUserAccess : true
01-24 16:50:27.196  1146  1146 D io_stats: !@   8,0 r 3128973 77281456 w 1310751 17967272 d 147986 93891720 f 63762 284233 iot 692696 0 th 0 0 0 pt 0 inp 0 0 21662.701
01-24 16:50:27.197  1146  1146 D io_stats: !@ Read_top(KB): ndroid.systemui(4040) 84 sait.sohservice(30987) 8
01-24 16:50:27.197  1146  1146 D io_stats: !@ Write_top(KB): kworker/u16:0(10006) 428 m.omarea.vtools(8380) 80 ppmanager:pnsvc(8958) 16
01-24 16:50:27.638  2721  3762 D BackgroundInstallControlService: Package event received: 0
01-24 16:50:27.668  2721  3762 D BackgroundInstallControlService: Package event received: 0
01-24 16:50:27.720  2721  3787 I BatteryService_BatteryPropertiesRegistrar: [getProperty]id:6
01-24 16:50:27.720  2721  3787 I BatteryService_BatteryPropertiesRegistrar: [getProperty]prop.long:-9223372036854775808 ,prop.string:null
01-24 16:50:27.721  2721  3787 I BatteryService_BatteryPropertiesRegistrar: [getProperty]id:4
01-24 16:50:27.721  2721  3787 I BatteryService_BatteryPropertiesRegistrar: [getProperty]prop.long:-9223372036854775808 ,prop.string:null
01-24 16:50:27.723  2721  3787 I BatteryService_BatteryPropertiesRegistrar: [getProperty]id:6
01-24 16:50:27.724  2721  3787 I BatteryService_BatteryPropertiesRegistrar: [getProperty]prop.long:-9223372036854775808 ,prop.string:null
01-24 16:50:27.724  2721  3787 I BatteryService_BatteryPropertiesRegistrar: [getProperty]id:4
01-24 16:50:27.725  2721  3787 I BatteryService_BatteryPropertiesRegistrar: [getProperty]prop.long:-9223372036854775808 ,prop.string:null
01-24 16:50:28.128  2721  3589 D ActivityManager: Received BROADCAST intent 0xb51627f Key{broadcastIntent pkg=com.android.bluetooth intent=act=com.android.bluetooth.gatt.REFRESH_BATCHED_SCAN xflg=0x4 flags=0x4000000 u=0} requestCode=0 sent=0 from uid 1000
01-24 16:50:28.205  2721  3806 D SGM:GameManager: identifyGamePackage. com.sec.android.app.launcher, mCurrentUserId: 0, callingMethodInfo: com.samsung.android.game.SemGameManager.isGamePackage(SemGameManager.java:106)
01-24 16:50:28.206  2721  3806 D SGM:SemGameManager: isGamePackage(), pkgName=com.sec.android.app.launcher, ret=false
01-24 16:50:28.968  6726  7656 I SDHMS:x : SIOP:: AP:294 BAT:265 USB:262 CHG:298 PA:288 CP:292 WIFI:288 CF:286 BLK:0 SUBBAT:247 LRPTHM:277 SKIN:301 SKINF:301 SKINB:279 LRP:301 LRF:301 LRB:279 APT:301 APR:279 RCV:242 SPK:263 CAPR:297 CRCV:240 CSPK:266 CAMT:314 UPSPK:276 DNSPK:262 VAP:292 VWIFI:286 AMB2:246 AVGCUR:1048 AVGSYS:279 POWER:4096
01-24 16:50:29.133  2721  4856 I BatteryService_BatteryPropertiesRegistrar: [getProperty]id:2
01-24 16:50:29.133  2721  4856 I BatteryService_BatteryPropertiesRegistrar: [getProperty]prop.long:-9223372036854775808 ,prop.string:null
01-24 16:50:29.197  1146  1146 D io_stats: !@   8,0 r 3128973 77281456 w 1310773 17967356 d 147986 93891720 f 63764 284238 iot 692736 0 th 0 0 0 pt 0 inp 0 0 21664.702
01-24 16:50:29.995  2721  4856 D CustomizedBinderCallsStatsInternal: reportCpuUsage() : 1%
01-24 16:50:29.996  2721  3384 I BinderCallsStats: Collected cpu time : 0us, collected call count : 0 for 1966076 ms
01-24 16:50:30.003  2721  4856 D ProcessCpuUsage: [0] 458, {364=160820, 460=7590, 556=128400, 672=1940, 902=420, 1132=140, 1689=1130}
01-24 16:50:30.004  2721  4856 D ProcessCpuUsage: [2] 568, {499=171010, 614=117220, 729=3570, 844=1740, 960=2400, 1075=800, 1190=890, 1286=160, 1401=560, 1612=550, 1920=1560}
01-24 16:50:30.004  2721  4856 D ProcessCpuUsage: [5] 520, {499=277820, 614=17410, 729=1630, 844=550, 960=390, 1075=140, 1190=170, 1401=160, 1612=180, 1708=640, 1920=1480}
01-24 16:50:30.004  2721  4856 D ProcessCpuUsage: [7] 567, {480=181940, 672=111930, 787=970, 902=2570, 1017=480, 1132=150, 1248=1150, 1939=1460}
01-24 16:50:30.760  2721  4856 I BatteryService_BatteryPropertiesRegistrar: [getProperty]id:2
01-24 16:50:30.761  2721  4856 I BatteryService_BatteryPropertiesRegistrar: [getProperty]prop.long:-9223372036854775808 ,prop.string:null
01-24 16:50:30.764  2721  4856 I BatteryService_BatteryPropertiesRegistrar: [getProperty]id:4
01-24 16:50:30.764  2721  4856 I BatteryService_BatteryPropertiesRegistrar: [getProperty]prop.long:-9223372036854775808 ,prop.string:null
01-24 16:50:30.766  2721  4856 I BatteryService_BatteryPropertiesRegistrar: [getProperty]id:6
01-24 16:50:30.766  2721  4856 I BatteryService_BatteryPropertiesRegistrar: [getProperty]prop.long:-9223372036854775808 ,prop.string:null
01-24 16:50:31.199  1146  1146 D io_stats: !@   8,0 r 3128973 77281456 w 1310821 17967876 d 147986 93891720 f 63765 284240 iot 692796 0 th 0 0 0 pt 0 inp 0 0 21666.703
01-24 16:50:31.200  1146  1146 D io_stats: !@ Write_top(KB): kworker/u16:0(10006) 348 sait.sohservice(30987) 108 m.omarea.vtools(8380) 96
01-24 16:50:31.245  2721  3806 D SGM:GameManager: identifyGamePackage. com.sec.android.app.launcher, mCurrentUserId: 0, callingMethodInfo: com.samsung.android.game.SemGameManager.isGamePackage(SemGameManager.java:106)
01-24 16:50:31.245  2721  3806 D SGM:SemGameManager: isGamePackage(), pkgName=com.sec.android.app.launcher, ret=false
01-24 16:50:31.246  2721  3806 W ContextImpl: Calling a method in the system process without a qualified user: android.app.ContextImpl.bindService:2167 com.samsung.android.server.wifi.SemWifiIntelligentConnectionManager.iwh_predict_action:8 com.samsung.android.server.wifi.SemWifiIntelligentConnectionManager.-$$Nest$miwh_predict_action:1 com.samsung.android.server.wifi.SemWifiIntelligentConnectionManager$IntelligentConnectionManagerHandler.handleMessage:762 android.os.Handler.dispatchMessage:110 
01-24 16:50:31.251  2721  3762 D BackgroundInstallControlService: Package event received: 0
01-24 16:50:31.309  2721  3386 W ActivityManager: Slow operation: 56ms so far, now at startProcess: returned from zygote!
01-24 16:50:31.309  2721  3386 W ActivityManager: Slow operation: 57ms so far, now at startProcess: done updating battery stats
01-24 16:50:31.309  2721  3386 W ActivityManager: Slow operation: 57ms so far, now at startProcess: building log message
01-24 16:50:31.309  2721  3386 I ActivityManager: Start proc 11903:com.samsung.android.wifi.intelligence:iwhInfService/1000 for service {com.samsung.android.wifi.intelligence/com.samsung.android.wifi.intelligence.iwh.IwhInfService}
01-24 16:50:31.309  2721  3386 W ActivityManager: Slow operation: 57ms so far, now at startProcess: starting to update pids map
01-24 16:50:31.310  2721  3386 I ActivityManager: ProcessObserver broadcast disabled
01-24 16:50:31.310  2721  3386 W ActivityManager: Slow operation: 58ms so far, now at startProcess: done updating pids map
01-24 16:50:31.584  2721  3762 D BackgroundInstallControlService: Package event received: 0
01-24 16:50:31.778  2721  3806 W ContextImpl: Calling a method in the system process without a qualified user: android.app.ContextImpl.stopService:2080 com.samsung.android.server.wifi.SemWifiIntelligentConnectionManager$IntelligentConnectionManagerHandler.handleMessage:247 android.os.Handler.dispatchMessage:110 android.os.Looper.loopOnce:273 android.os.Looper.loop:363 
01-24 16:50:31.881  2721  4856 I ActivityManager: Process com.samsung.android.wifi.intelligence:iwhInfService (pid 11903) has died: cch+5 CEM (635,3517)
01-24 16:50:32.134  2721  4856 I BatteryService_BatteryPropertiesRegistrar: [getProperty]id:2
01-24 16:50:32.134  2721  4856 I BatteryService_BatteryPropertiesRegistrar: [getProperty]prop.long:-9223372036854775808 ,prop.string:null
01-24 16:50:32.765  8380  9483 I NotificationManager: com.omarea.vtools: notify(256, null, Notification(channel=scene-scheduler shortcut=null contentView=com.omarea.vtools/0x7f0d00ca vibrate=null sound=null defaults=0 flags=ONGOING_EVENT|NO_CLEAR|FOREGROUND_SERVICE color=0x00000000 groupKey=silent vis=PRIVATE semFlags=0x0 semPriority=0 semMissedCount=0)) as user
01-24 16:50:32.987  2721  2721 I Telecom : SamsungTelecomServiceImpl : isInManagedCall - callingPackage : android / callingUser : UserHandle{0} / hasCrossUserAccess : true
01-24 16:50:33.201  1146  1146 D io_stats: !@   8,0 r 3128982 77281512 w 1310875 17968144 d 147986 93891720 f 63767 284255 iot 692864 0 th 0 0 0 pt 0 inp 0 0 21668.706
01-24 16:50:33.591  2721  3600 D PowerManagerService: [api] userActivityFromNative : other, HOVER displayId=0 eventTime=21669091
01-24 16:50:33.663  2721  3589 D ActivityManager: Received BROADCAST intent 0xb51627f Key{broadcastIntent pkg=com.android.bluetooth intent=act=com.android.bluetooth.gatt.REFRESH_BATCHED_SCAN xflg=0x4 flags=0x4000000 u=0} requestCode=0 sent=0 from uid 1000
01-24 16:50:34.246  2721  3734 D UsbStatsMonitor: 0 0 0 0 0 0 0 0 0 0 0 0 1 0 0 0 0 0 0 0 0 0 0 0 0 0 0 0 0 0 0 0 0 0 0 0 0 0 0 0 0 0 0 0 0 0 0 0 0 0 0 0 0 0 0 0 0 184683593732
01-24 16:50:34.284  2721  3806 D SGM:GameManager: identifyGamePackage. com.sec.android.app.launcher, mCurrentUserId: 0, callingMethodInfo: com.samsung.android.game.SemGameManager.isGamePackage(SemGameManager.java:106)
01-24 16:50:34.284  2721  3806 D SGM:SemGameManager: isGamePackage(), pkgName=com.sec.android.app.launcher, ret=false
01-24 16:50:34.633  2721  3600 D PowerManagerService: [api] userActivityFromNative : other, HOVER displayId=0 eventTime=21670137
01-24 16:50:34.878  2721  3600 D PowerManagerService: UserActivityStateListenerState: 1
01-24 16:50:34.880  2721  4219 I Pageboost: start alp : com.tencent.mobileqq
01-24 16:50:34.881  2721  3905 I Pageboost: alp for : com.tencent.mobileqq , 0
01-24 16:50:34.882  2721  4219 W ContextImpl: Calling a method in the system process without a qualified user: android.app.ContextImpl.startActivity:1189 com.android.server.am.ActivityManagerService.doActiveLaunch:101 android.app.IActivityManager$Stub.onTransact:5083 com.android.server.am.ActivityManagerService.onTransact:425 android.os.Binder.execTransactInternal:1462 
01-24 16:50:34.882  2721  4219 D ActivityTaskManager: startActivityAsUser: callingPid=2721, callingUid=1000, caller=com.android.server.wm.ActivityTaskManagerService.startActivity:123 android.app.Instrumentation.execStartActivity:2010 android.app.ContextImpl.startActivity:1207 com.android.server.am.ActivityManagerService.doActiveLaunch:101 android.app.IActivityManager$Stub.onTransact:5083 com.android.server.am.ActivityManagerService.onTransact:425 android.os.Binder.execTransactInternal:1462 
01-24 16:50:34.884  2721  4219 D ActivityTaskManager: request preloading for newly launching app
01-24 16:50:34.885  2721  4219 I ActivityTaskManager: starting ActiveLaunch
01-24 16:50:34.885  2721  4219 D ActivityManager: starting Active launch
01-24 16:50:34.892  2721  5128 D ActivityManager: unpendingScheduleServiceRestart: u=10462, drop=false
01-24 16:50:34.896  1537  1537 D ActivityThread: Package [com.lightningstudio.watchrss] reported as REPLACED, but missing application info. Assuming REMOVED.
01-24 16:50:34.898  2721  3386 D FreecessController: UFZ : com.tencent.mobileqq(10462) [1537] reason: startProcess:activelaunch
01-24 16:50:34.898  2721  5134 I PowerManagerService: [PWL] SetWakeLockEnableDisable uid = 10462 , disable= false
01-24 16:50:34.898  2721  5134 I PowerManagerService: [PWL] can not change uid =  10462
01-24 16:50:34.904  1537  1537 D ActivityThread: Package [com.lightningstudio.watchrss] reported as REPLACED, but missing application info. Assuming REMOVED.
01-24 16:50:34.905  1537  1537 D ActivityThread: Package [com.lightningstudio.watchrss] reported as REPLACED, but missing application info. Assuming REMOVED.
01-24 16:50:34.917  4040  4153 W ShellStartingWindow: Window background does not exist, using android.graphics.drawable.ColorDrawable@7f84dbb
01-24 16:50:34.926  2721  4219 I Telecom : SamsungTelecomServiceImpl : isInEmergencyCall - callingPid : 3904 / processName : sts
01-24 16:50:34.926  2721  4219 I Telecom : TelecomServiceImpl$1: isInEmergencyCall: false: TSI.iIEC@C08
01-24 16:50:34.943  2721  3386 W ActivityManager: Slow operation: 53ms so far, now at startProcess: returned from zygote!
01-24 16:50:34.943  2721  3386 W ActivityManager: Slow operation: 54ms so far, now at startProcess: done updating battery stats
