01-24 16:50:35.950  2721  3375 D WindowManager: mRunner#onAnimationStart for remote wallpaper=[android.view.RemoteAnimationTarget@c9b909f], transaction=startRemoteWallpaperAnimation_66363816
01-24 16:50:35.951  2721  6872 D WindowManager: finishDrawingWindow: Window{92b31b6 u0 Handle Input Layer of task 1910} mDrawState=DRAW_PENDING seqId=0
01-24 16:50:35.956  2721  3376 V WindowManager: performShowLocked: mDrawState=HAS_DRAWN in Window{92b31b6 u0 Handle Input Layer of task 1910}
01-24 16:50:36.156  2721  4856 I BatteryService_BatteryPropertiesRegistrar: [getProperty]id:1
01-24 16:50:36.156  2721  4856 I BatteryService_BatteryPropertiesRegistrar: [getProperty]prop.long:-9223372036854775808 ,prop.string:null
01-24 16:50:36.187  2721  3817 D KNOX_MDM_SettingsProvider: isChangeAllowed() : name = wifi_wcm_qos_sharing_score_summary
01-24 16:50:36.225  2721  3600 D PowerManagerService: [api] userActivityFromNative : other, HOVER displayId=0 eventTime=21671728
01-24 16:50:36.268  2721  4856 V Configuration: Updating configuration, locales updated from [] to [zh_CN_#Hans,en_US]
01-24 16:50:36.268  2721  4856 V Configuration: Updating configuration, locales updated from [] to [zh_CN_#Hans,en_US]
01-24 16:50:36.269  2721  4856 V Configuration: Updating configuration, locales updated from [] to [zh_CN_#Hans,en_US]
01-24 16:50:36.282  2721  4858 V Configuration: Updating configuration, locales updated from [] to [zh_CN_#Hans,en_US]
01-24 16:50:36.283  2721  4858 V Configuration: Updating configuration, locales updated from [] to [zh_CN_#Hans,en_US]
01-24 16:50:36.283  2721  4858 V Configuration: Updating configuration, locales updated from [] to [zh_CN_#Hans,en_US]
01-24 16:50:36.300  2721  2721 W AccessibilityManagerService:  wait for adding window timeout: 76
01-24 16:50:36.302  2721  5128 D ActivityManager: unpendingScheduleServiceRestart: u=10348, drop=false
01-24 16:50:36.422  2721  4856 V WindowManager: Computed rotation=ROTATION_0 (0) for display id=0 based on lastOrientation=SCREEN_ORIENTATION_UNSPECIFIED (-1) and oldRotation=ROTATION_0 (0), caller=com.android.server.wm.DisplayRotation.updateOrientation:79 com.android.server.wm.DisplayContent.updateOrientation:41 com.android.server.wm.DisplayContent.updateOrientationAndComputeConfig:48 com.android.server.wm.RootWindowContainer.ensureVisibilityAndConfig:7 com.android.server.wm.ActivityTaskSupervisor.realStartActivityLocked:195 com.android.server.wm.RootWindowContainer.attachApplication:92 
01-24 16:50:36.422  2721  4856 D SGM:FgCheckThread: notifyAppCreated(), packageName: com.lightningstudio.watchrss, userId: 0, sendRet: true
01-24 16:50:36.424  2721  4856 D SGM:FgCheckThread: TaskStackListener.onTaskFocusChanged(), taskId=1906, focused=false
01-24 16:50:36.424  2721  4856 D SGM:FgCheckThread: TaskStackListener.onTaskFocusChanged(), taskId=1910, focused=true
01-24 16:50:36.424  2721  4856 D SGM:FgCheckThread:   sendRunningComponentFocus(), pkgName: com.lightningstudio.watchrss, userId: 0
01-24 16:50:36.424  2721  3627 D SGM:FgCheckThread: onLooperPrepared(), msg: MSG_APP_CREATE, pkgName: com.lightningstudio.watchrss, userId: 0
01-24 16:50:36.424  2721  3627 D SGM:FgCheckThread: onLooperPrepared(), msg: MSG_TASK_FOCUSED, pkgName: com.lightningstudio.watchrss, userId: 0
01-24 16:50:36.426  2721  3627 D SGM:FgCheckThread: handleTaskFocused().
01-24 16:50:36.426  2721  3627 D SGM:FgCheckThread:   handleTaskFocused(), pkgName: com.lightningstudio.watchrss, userID:0
01-24 16:50:36.426  2721  3627 D SGM:FgCheckThread: handleResume().
01-24 16:50:36.426  2721  4856 D ActivityTaskManager: scheduleTopResumedActivityChanged, onTop=true, r=ActivityRecord{175753582 u0 com.lightningstudio.watchrss/.MainActivity t1910}, caller=com.android.server.wm.ActivityTaskSupervisor.scheduleTopResumedActivityStateIfNeeded:18 com.android.server.wm.ActivityTaskSupervisor.updateTopResumedActivityIfNeeded:54 com.android.server.wm.TaskFragment.setResumedActivity:75 com.android.server.wm.ActivityRecord.setState:116 java.lang.reflect.Method.invoke:-2 qFKUBH.ivlPs.H.VJI.K.oLb.e.ur.HookBridge.invokeOriginalMethod:-2 
01-24 16:50:36.427  2721  3627 D SGM:FgCheckThread: sendFocusOutConditionally() - mPrevNotiPkg: (unknown), userId: 0
01-24 16:50:36.427  2721  3627 D SGM:FgCheckThread:   handleResume(). pkgName: com.lightningstudio.watchrss, userId: 0, category: non-game
01-24 16:50:36.427  2721  3627 D SGM:FgCheckThread: notifyFocusInOut(). of pkg: com.lightningstudio.watchrss, type: 4, isSecGameFamily: false, userId: 0
01-24 16:50:36.427  2721  3627 D SGM:FgCheckThread:   notifyFocusInOut(). unexpected mPrevNotiType: -1
01-24 16:50:36.427  2721  3627 D SGM:SystemHelper: callReleaseBlock needReleaseBlock:false
01-24 16:50:36.427  2721  6872 E UiModeManager: getPackageNightMode is not allowed for com.lightningstudio.watchrss
01-24 16:50:36.430 11962 11962 D ActivityThread: com.lightningstudio.watchrss will use render engine as VK
01-24 16:50:36.430  2721  3375 I ActivityManager: Changes in 10351 19 to 2, 0 to 255
01-24 16:50:36.431  2721  3762 D BackgroundInstallControlService: Package event received: 0
01-24 16:50:36.434  2721  3762 D BackgroundInstallControlService: Package event received: 0
01-24 16:50:36.436  2721  3375 D SGM:FgCheckThread: noteResumeComponent(), received pkgName: com.lightningstudio.watchrss, userId: 0
01-24 16:50:36.436  2721  3627 D SGM:FgCheckThread: onLooperPrepared(), msg: MSG_APP_RESUME, pkgName: com.lightningstudio.watchrss, userid: 0
01-24 16:50:36.436  2721  3627 D SGM:FgCheckThread: handleResume().
01-24 16:50:36.437  2721  3627 D SGM:FgCheckThread: sendFocusOutConditionally() - mPrevNotiPkg: (unknown), userId: 0
01-24 16:50:36.438  2721  3627 D SGM:FgCheckThread:   handleResume(). pkgName: com.lightningstudio.watchrss, userId: 0, category: non-game
01-24 16:50:36.438  2721  3627 D SGM:FgCheckThread: notifyFocusInOut(). of pkg: com.lightningstudio.watchrss, type: 4, isSecGameFamily: false, userId: 0
01-24 16:50:36.438  2721  3627 D SGM:FgCheckThread:   notifyFocusInOut(). unexpected mPrevNotiType: -1
01-24 16:50:36.439  2721  3627 D SGM:SystemHelper: callReleaseBlock needReleaseBlock:false
01-24 16:50:36.438  6726 13688 I SDHMS:k : handleResumeComponent : put = com.lightningstudio.watchrss, userid = 0 instanceid =163732133
01-24 16:50:36.440 11962 12048 I DisplayManager: Choreographer implicitly registered for the refresh rate.
01-24 16:50:36.442  2721  3375 D SGM:GameManager: identifyGamePackage. com.lightningstudio.watchrss, mCurrentUserId: 0, callingMethodInfo: com.samsung.android.game.SemGameManager.isGamePackage(SemGameManager.java:106)
01-24 16:50:36.442  2721  3375 D SGM:SemGameManager: isGamePackage(), pkgName=com.lightningstudio.watchrss, ret=false
01-24 16:50:36.443  2721  4219 D SGM:GameManager: identifyGamePackage. com.lightningstudio.watchrss, mCurrentUserId: 0, callingMethodInfo: com.samsung.android.game.IGameManagerService$Stub.onTransact(IGameManagerService.java:247)
01-24 16:50:36.445  2721  3748 I CocktailBarManagerServiceContainer: handleMessage: entry what = 5
01-24 16:50:36.445  2721  3748 I CocktailBarManagerServiceImpl: noteResumeComponent : no active host
01-24 16:50:36.448  2721  2721 W AccessibilityManagerService:  wait for adding window timeout: 77
01-24 16:50:36.449  2721  5128 D ActivityManager: unpendingScheduleServiceRestart: u=10348, drop=false
01-24 16:50:36.451  8380  8380 I NotificationManager: com.omarea.vtools: notify(256, null, Notification(channel=scene-scheduler shortcut=null contentView=com.omarea.vtools/0x7f0d00ca vibrate=null sound=null defaults=0 flags=ONGOING_EVENT|NO_CLEAR|FOREGROUND_SERVICE color=0x00000000 groupKey=silent vis=PRIVATE semFlags=0x0 semPriority=0 semMissedCount=0)) as user
01-24 16:50:36.453  2721  3367 D SGM:GameManager: identifyForegroundApp. com.lightningstudio.watchrss, mCurrentUserId: 0, callerUserId: 0
01-24 16:50:36.453  2721  3367 D SGM:SemGameManager: isForegroundGame(), ret=false
01-24 16:50:36.454  2721  3671 V NetworkPolicy: getFirewallRuleWifi UID:10351 policy:0
01-24 16:50:36.456  2721  3367 D SGM:GameManager: identifyForegroundApp. com.lightningstudio.watchrss, mCurrentUserId: 0, callerUserId: 0
01-24 16:50:36.456  2721  3367 D SGM:SemGameManager: isForegroundGame(), ret=false
01-24 16:50:36.467  2721  3762 D BackgroundInstallControlService: Package event received: 0
01-24 16:50:36.472  2721  3375 W AccessibilityWindowsPopulator: Windows change within in 2 frames continuously over 500 ms and notify windows changed immediately
01-24 16:50:36.477  2721  4856 W ActivityManager: Unable to start service Intent { xflg=0x4 cmp=com.samsung.android.deviceidservice/.DeviceIdService } U=0: not found
01-24 16:50:36.479  2721  4856 W ActivityManager: Unbind failed: could not find connection for android.os.BinderProxy@4e03d47
01-24 16:50:36.496  2721  4219 E UiModeManager: getPackageNightMode is not allowed for com.lightningstudio.watchrss
01-24 16:50:36.524  2721  6862 D CompatChangeReporter: Compat change id reported: 171306433; UID 10462; state: ENABLED
01-24 16:50:36.539  2721  6865 E UiModeManager: getPackageNightMode is not allowed for com.lightningstudio.watchrss
01-24 16:50:36.566 11962 11962 D InsetsController: Setting requestedVisibleTypes to -10 (was -9)
01-24 16:50:36.566 11962 11962 D InsetsController: Setting requestedVisibleTypes to -14 (was -10)
01-24 16:50:36.578  2721  6862 D RestrictionPolicy: isScreenCaptureEnabled : ret=true userId=0
01-24 16:50:36.578  4040  4100 V WindowManagerShell: Transition animation finished (aborted=false), notifying core (#30) android.os.BinderProxy@b3d1a20@0
01-24 16:50:36.579  2721  6862 D RestrictionPolicy: isScreenCaptureEnabled : ret=true userId=0
01-24 16:50:36.582  2721  4219 V WindowManager: Finish Transition: TransitionRecord{eea18e9 id=30 type=OPEN flags=0x0 c=[
01-24 16:50:36.582  2721  4219 V WindowManager:    ChangeInfo{ce84018 container=ActivityRecord{6315330 u0 com.sec.android.app.launcher/.activities.LauncherActivity t1906} flags=0x0}
01-24 16:50:36.582  2721  4219 V WindowManager:    ChangeInfo{cfaca71 container=WallpaperWindowToken{134f0be showWhenLocked=false}_<system|primary> flags=0x0}
01-24 16:50:36.582  2721  4219 V WindowManager:    ChangeInfo{1c35a07 container=Task{697e09c #1910 type=standard A=10351:com.lightningstudio.watchrss} flags=0x10}
01-24 16:50:36.582  2721  4219 V WindowManager:    ChangeInfo{4dcd056 container=WallpaperWindowToken{95ec871 showWhenLocked=true}_<lock|primary> flags=0x0}
01-24 16:50:36.582  2721  4219 V WindowManager:    ChangeInfo{20318d7 container=Task{a610e11 #1 type=home} flags=0x10}
01-24 16:50:36.582  2721  4219 V WindowManager:    ChangeInfo{e05a734 container=ActivityRecord{175753582 u0 com.lightningstudio.watchrss/.MainActivity t1910} flags=0x0}
01-24 16:50:36.582  2721  4219 V WindowManager:    ChangeInfo{792395d container=DefaultTaskDisplayArea_d0@182269126 flags=0x0}
01-24 16:50:36.582  2721  4219 V WindowManager:    ChangeInfo{a2d45c4 container=Task{e7b4429 #1906 type=home I=com.sec.android.app.launcher/.activities.LauncherActivity} flags=0x10}
01-24 16:50:36.582  2721  4219 V WindowManager:    ChangeInfo{a209cad container=RemoteWallpaperAnim:1:1@251645193 flags=0x0}
01-24 16:50:36.582  2721  4219 V WindowManager:    ChangeInfo{1aaf2d2 container=Display{#0 state=ON size=466x466 ROTATION_0} flags=0x0}
01-24 16:50:36.582  2721  4219 V WindowManager: ]
01-24 16:50:36.582  2721  4219 V WindowManager: }, caller=com.android.server.wm.WindowOrganizerController.finishTransitionInner:31 com.android.server.wm.WindowOrganizerController.finishAllTransitions:60 android.window.IWindowOrganizerController$Stub.onTransact:283 
01-24 16:50:36.582  2721  3366 V WindowManager: Finish Transition (#30): created at 01-24 16:50:35.631 collect-started=1.085ms request-sent=34.69ms started=77.328ms ready=185.899ms sent=201.914ms commit=33.263ms finished=950.94ms
01-24 16:50:36.582  2721  4219 V WindowManager: Setting visibility of Window{3ac9f0 u0 com.sec.android.app.launcher/com.sec.android.app.launcher.activities.LauncherActivity}: false, caller=com.android.server.wm.WindowContainer.sendAppVisibilityToClients:19 com.android.server.wm.WindowToken.setClientVisible:48 com.android.server.wm.ActivityRecord.commitVisibility:186 com.android.server.wm.TransitionController.finishTransition:844 com.android.server.wm.WindowOrganizerController.finishTransitionInner:31 
01-24 16:50:36.583  2721  4219 V WindowManager: Setting visibility of Window{cc7534f u0 com.sec.android.app.launcher/com.sec.android.app.launcher.activities.LauncherActivity}: false, caller=com.android.server.wm.WindowContainer.sendAppVisibilityToClients:19 com.android.server.wm.WindowToken.setClientVisible:48 com.android.server.wm.ActivityRecord.commitVisibility:186 com.android.server.wm.TransitionController.finishTransition:844 com.android.server.wm.WindowOrganizerController.finishTransitionInner:31 
01-24 16:50:36.583  2721  4219 V WindowManager: Setting visibility of Window{55ecca5 u0 com.android.systemui.wallpapers.ImageWallpaper}: false, caller=com.android.server.wm.WindowContainer.sendAppVisibilityToClients:19 com.android.server.wm.WindowToken.setClientVisible:48 com.android.server.wm.WallpaperWindowToken.setVisible$1:3 com.android.server.wm.WallpaperWindowToken.commitVisibility$1:48 com.android.server.wm.TransitionController.finishTransition:1236 
01-24 16:50:36.583  2721  4219 D ChangeTransitionController: onTransitionFinished: TransitionRecord{eea18e9 id=30 type=OPEN flags=0x0 c=[
01-24 16:50:36.583  2721  4219 D ChangeTransitionController:    ChangeInfo{ce84018 container=ActivityRecord{6315330 u0 com.sec.android.app.launcher/.activities.LauncherActivity t1906} flags=0x0}
01-24 16:50:36.583  2721  4219 D ChangeTransitionController:    ChangeInfo{cfaca71 container=WallpaperWindowToken{134f0be showWhenLocked=false}_<system|primary> flags=0x0}
01-24 16:50:36.583  2721  4219 D ChangeTransitionController:    ChangeInfo{1c35a07 container=Task{697e09c #1910 type=standard A=10351:com.lightningstudio.watchrss} flags=0x10}
01-24 16:50:36.583  2721  4219 D ChangeTransitionController:    ChangeInfo{4dcd056 container=WallpaperWindowToken{95ec871 showWhenLocked=true}_<lock|primary> flags=0x0}
01-24 16:50:36.583  2721  4219 D ChangeTransitionController:    ChangeInfo{20318d7 container=Task{a610e11 #1 type=home} flags=0x10}
01-24 16:50:36.583  2721  4219 D ChangeTransitionController:    ChangeInfo{e05a734 container=ActivityRecord{175753582 u0 com.lightningstudio.watchrss/.MainActivity t1910} flags=0x0}
01-24 16:50:36.583  2721  4219 D ChangeTransitionController:    ChangeInfo{792395d container=DefaultTaskDisplayArea_d0@182269126 flags=0x0}
01-24 16:50:36.583  2721  4219 D ChangeTransitionController:    ChangeInfo{a2d45c4 container=Task{e7b4429 #1906 type=home I=com.sec.android.app.launcher/.activities.LauncherActivity} flags=0x10}
01-24 16:50:36.583  2721  4219 D ChangeTransitionController:    ChangeInfo{a209cad container=RemoteWallpaperAnim:1:1@251645193 flags=0x0}
01-24 16:50:36.583  2721  4219 D ChangeTransitionController:    ChangeInfo{1aaf2d2 container=Display{#0 state=ON size=466x466 ROTATION_0} flags=0x0}
01-24 16:50:36.583  2721  4219 D ChangeTransitionController: ]
01-24 16:50:36.583  2721  4219 D ChangeTransitionController: }
01-24 16:50:36.584  4040  4100 V WindowManagerShell: Track 0 became idle
01-24 16:50:36.584  4040  4100 V WindowManagerShell: All active transition animations finished
01-24 16:50:36.588  2721  3702 D MdnieScenarioControlService:  packageName : com.lightningstudio.watchrss    className : com.lightningstudio.watchrss.MainActivity
01-24 16:50:36.589  2721  3702 V MdnieScenarioControlService: setUIMode from UI function(3)
01-24 16:50:36.596  2721  6902 E UiModeManager: getPackageNightMode is not allowed for com.lightningstudio.watchrss
01-24 16:50:36.599  2721  3375 D PowerManagerService: [api] setScreenDimDurationOverrideFromWindowManagerInternal: timeoutMillis: -1
01-24 16:50:36.601  2721  3375 I DisplayDeviceRepository: Display device changed render timings: "内置屏幕", renderFrameRate=120.00001, presentationDeadlineNanos=9333333, appVsyncOffsetNanos=8333333, frameRateOverrides=[]
01-24 16:50:36.604  2721  6872 E UiModeManager: getPackageNightMode is not allowed for com.lightningstudio.watchrss
01-24 16:50:36.613  2721  4838 D WifiDisplayAdapter: isFitToActiveDisplayLocked : false
01-24 16:50:36.641  2721  4219 D KNOX_MDM_SettingsProvider: isChangeAllowed() : name = task_bar_current_size
01-24 16:50:36.642  2721  4219 D KNOX_MDM_SettingsProvider: edmUri: content://com.sec.knox.provider/RestrictionPolicy3
01-24 16:50:36.642  2721  4219 D KNOX_MDM_SettingsProvider: projectionArgs: isSettingsChangesAllowed
01-24 16:50:36.642  2721  4219 D KNOX_MDM_SettingsProvider: selectionArgs: false
01-24 16:50:36.642  2721  4219 D KNOX_MDM_SettingsProvider: selectionArgs: 10164
01-24 16:50:36.642  2721  4219 D SecContentProvider: called from com.sec.android.app.launcher
01-24 16:50:36.642  2721  4219 D RestrictionPolicy: isSettingsChangesAllowedAsUser, userId 0 : true
01-24 16:50:36.642  2721  4219 D KNOX_MDM_SettingsProvider: ret = 1
01-24 16:50:36.673  2721  2721 I Telecom : SamsungTelecomServiceImpl : isInManagedCall - callingPackage : android / callingUser : UserHandle{0} / hasCrossUserAccess : true
01-24 16:50:36.686  2721  5128 D ActivityManager: unpendingScheduleServiceRestart: u=10318, drop=false
01-24 16:50:36.687  2721  5128 D ActivityManager: unpendingScheduleServiceRestart: u=10513, drop=false
01-24 16:50:36.689  2721  5128 D ActivityManager: unpendingScheduleServiceRestart: u=10166, drop=false
01-24 16:50:36.690  2721  3702 V MdnieScenarioControlService: mAclOffEnabled : false
01-24 16:50:36.715  2721  6862 V Configuration: Updating configuration, locales updated from [] to [zh_CN_#Hans,en_US]
01-24 16:50:36.716  2721  6862 V Configuration: Updating configuration, locales updated from [] to [zh_CN_#Hans,en_US]
01-24 16:50:36.716  2721  6862 V Configuration: Updating configuration, locales updated from [] to [zh_CN_#Hans,en_US]
01-24 16:50:36.738  2721  3762 D BackgroundInstallControlService: Package event received: 0
01-24 16:50:36.760  2721  3762 D BackgroundInstallControlService: Package event received: 0
01-24 16:50:36.766  2721  4219 I BatteryService_BatteryPropertiesRegistrar: [getProperty]id:2
01-24 16:50:36.766  2721  4219 I BatteryService_BatteryPropertiesRegistrar: [getProperty]prop.long:-9223372036854775808 ,prop.string:null
01-24 16:50:36.767  2721  4838 I WindowManager: Cancelling animation restarting=false, leash=Surface(name=Surface(name=RemoteWallpaperAnim:1:1)/@0x8989cbb - animation-leash of remote_wallpaper)/@0xec8a5cb
01-24 16:50:36.767  2721  4838 I WindowManager: Reparenting to original parent: Surface(name=OneHanded:0:14)/@0xc5de5d8, destroy=false, surface=Surface(name=RemoteWallpaperAnim:1:1)/@0x8989cbb
01-24 16:50:36.767  2721  4838 D WindowManager: mRunner#onAnimationCancelled, leash=Surface(name=Surface(name=RemoteWallpaperAnim:1:1)/@0x8989cbb - animation-leash of remote_wallpaper)/@0xec8a5cb, caller=com.android.server.wm.SurfaceAnimator.cancelAnimation:14 com.android.server.wm.SurfaceAnimator.cancelAnimation:1 com.android.server.wm.WindowContainer.cancelAnimation:3 com.android.server.wm.WindowManagerService.finishRemoteWallpaperAnimation:81 android.view.IWindowManager$Stub.onTransact:4336 
01-24 16:50:36.767  2721  4838 D WindowManager: finishRemoteWallpaperAnimation, success=true
01-24 16:50:36.772  2721  4219 I BatteryService_BatteryPropertiesRegistrar: [getProperty]id:4
01-24 16:50:36.772  2721  4219 I BatteryService_BatteryPropertiesRegistrar: [getProperty]prop.long:-9223372036854775808 ,prop.string:null
01-24 16:50:36.773  2721  4219 I BatteryService_BatteryPropertiesRegistrar: [getProperty]id:6
01-24 16:50:36.773  2721  4219 I BatteryService_BatteryPropertiesRegistrar: [getProperty]prop.long:-9223372036854775808 ,prop.string:null
01-24 16:50:36.792  2721  4800 D CoreBackPreview: Window{b0732b3 u0 com.lightningstudio.watchrss/com.lightningstudio.watchrss.MainActivity}: Setting back callback OnBackInvokedCallbackInfo{mCallback=android.window.IOnBackInvokedCallback$Stub$Proxy@37fc1ce, mPriority=0, mIsAnimationCallback=false, mOverrideBehavior=0}
01-24 16:50:36.795  2721  4838 D WindowManager: makeSurface duration=0 name=com.lightningstudio.watchrss/com.lightningstudio.watchrss.MainActivity$_11962
01-24 16:50:36.796  2721  4838 D WindowManager: Changing focus from null to Window{b0732b3 u0 com.lightningstudio.watchrss/com.lightningstudio.watchrss.MainActivity} displayId=0 Callers=com.android.server.wm.WindowManagerService.relayoutWindow:1411 com.android.server.wm.Session.relayout:27 android.view.IWindowSession$Stub.onTransact:829 com.android.server.wm.Session.onTransact:1 
01-24 16:50:36.796  2721  4838 I WindowManager: Cancelling animation restarting=true, leash=Surface(name=Surface(name=a9c8494 TaskbarWindow)/@0x4bcedad - animation-leash of insets_animation)/@0x478c192
01-24 16:50:36.796  2721  4838 I WindowManager: Reparenting to original parent: Surface(name=WindowToken{4075600 type=2024 android.os.BinderProxy@cba3d3f})/@0x5aa18e2, destroy=false, surface=Surface(name=a9c8494 TaskbarWindow)/@0x4bcedad
01-24 16:50:36.796  2721  4838 I WindowManager: Reparenting to leash, surface=Surface(name=a9c8494 TaskbarWindow)/@0x4bcedad, leashParent=Surface(name=WindowToken{4075600 type=2024 android.os.BinderProxy@cba3d3f})/@0x5aa18e2
01-24 16:50:36.797  2721  4838 D WindowManager: makeSurface duration=0 leash=Surface(name=Surface(name=a9c8494 TaskbarWindow)/@0x4bcedad - animation-leash of insets_animation)/@0x1da2cda
01-24 16:50:36.797  2721  4838 D InsetsSourceProvider: updateControlForTarget: control=InsetsSourceControl: {39da0001 mType=navigationBars initiallyVisible mSurfacePosition=Point(0, 106) mInsetsHint=Insets{left=0, top=0, right=0, bottom=0}}, target=Window{b0732b3 u0 com.lightningstudio.watchrss/com.lightningstudio.watchrss.MainActivity}, from=com.android.server.wm.InsetsStateController.onControlTargetChanged:83 com.android.server.wm.InsetsPolicy.updateBarControlTarget:225 com.android.server.wm.DisplayPolicy.updateSystemBarAttributes:262 com.android.server.wm.WindowManagerService.updateFocusedWindowLocked:372 com.android.server.wm.WindowManagerService.relayoutWindow:1411 
01-24 16:50:36.797  2721  4838 I WindowManager: Cancelling animation restarting=true, leash=Surface(name=Surface(name=6e96ed2 NavigationBar0)/@0xb8a3415 - animation-leash of insets_animation)/@0x2d63c19
01-24 16:50:36.797  2721  4838 I WindowManager: Reparenting to original parent: Surface(name=WindowToken{10d255d type=2019 android.os.BinderProxy@6516607})/@0x2f4c32a, destroy=false, surface=Surface(name=6e96ed2 NavigationBar0)/@0xb8a3415
01-24 16:50:36.797  2721  4838 I WindowManager: Reparenting to leash, surface=Surface(name=6e96ed2 NavigationBar0)/@0xb8a3415, leashParent=Surface(name=WindowToken{10d255d type=2019 android.os.BinderProxy@6516607})/@0x2f4c32a
01-24 16:50:36.797  2721  4838 D WindowManager: makeSurface duration=0 leash=Surface(name=Surface(name=6e96ed2 NavigationBar0)/@0xb8a3415 - animation-leash of insets_animation)/@0xb479fe8
01-24 16:50:36.797  2721  4838 D InsetsSourceProvider: updateControlForTarget: control=InsetsSourceControl: {224a0001 mType=navigationBars initiallyVisible mSurfacePosition=Point(0, 2268) mInsetsHint=Insets{left=0, top=0, right=0, bottom=0}}, target=Window{b0732b3 u0 com.lightningstudio.watchrss/com.lightningstudio.watchrss.MainActivity}, from=com.android.server.wm.InsetsStateController.onControlTargetChanged:83 com.android.server.wm.InsetsPolicy.updateBarControlTarget:225 com.android.server.wm.DisplayPolicy.updateSystemBarAttributes:262 com.android.server.wm.WindowManagerService.updateFocusedWindowLocked:372 com.android.server.wm.WindowManagerService.relayoutWindow:1411 
01-24 16:50:36.797  2721  4838 I WindowManager: Cancelling animation restarting=true, leash=Surface(name=Surface(name=c82437b StatusBar)/@0xc3b66b8 - animation-leash of insets_animation)/@0x7b3c6bf
01-24 16:50:36.797  2721  4838 I WindowManager: Reparenting to original parent: Surface(name=WindowToken{cd134b9 type=2000 android.os.BinderProxy@742f703})/@0x8e6fc91, destroy=false, surface=Surface(name=c82437b StatusBar)/@0xc3b66b8
01-24 16:50:36.798  2721  4838 I WindowManager: Reparenting to leash, surface=Surface(name=c82437b StatusBar)/@0xc3b66b8, leashParent=Surface(name=WindowToken{cd134b9 type=2000 android.os.BinderProxy@742f703})/@0x8e6fc91
01-24 16:50:36.798  2721  4838 D WindowManager: makeSurface duration=0 leash=Surface(name=Surface(name=c82437b StatusBar)/@0xc3b66b8 - animation-leash of insets_animation)/@0xb3e3ca6
01-24 16:50:36.798  2721  4838 D InsetsSourceProvider: updateControlForTarget: control=InsetsSourceControl: {9270000 mType=statusBars initiallyVisible mSurfacePosition=Point(0, 0) mInsetsHint=Insets{left=0, top=95, right=0, bottom=0}}, target=Window{b0732b3 u0 com.lightningstudio.watchrss/com.lightningstudio.watchrss.MainActivity}, from=com.android.server.wm.InsetsStateController.onControlTargetChanged:83 com.android.server.wm.InsetsPolicy.updateBarControlTarget:212 com.android.server.wm.DisplayPolicy.updateSystemBarAttributes:262 com.android.server.wm.WindowManagerService.updateFocusedWindowLocked:372 com.android.server.wm.WindowManagerService.relayoutWindow:1411 
01-24 16:50:36.798  2721  4838 D WindowManager: updateSystemBarAttributes: displayId=0, focusedCanBeNavColorWin=false, win=Window{b0732b3 u0 com.lightningstudio.watchrss/com.lightningstudio.watchrss.MainActivity}, navColorWin=null, caller=com.android.server.wm.WindowManagerService.updateFocusedWindowLocked:372 com.android.server.wm.WindowManagerService.relayoutWindow:1411 com.android.server.wm.Session.relayout:27 
01-24 16:50:36.798  2721  4838 D WindowManager: updateSystemBarAttributes, bhv=2, apr=0, statusBarAprRegions=[AppearanceRegion{ bounds=[0,0][466,466]}], requestedVisibilities=-14
01-24 16:50:36.798  2721  4838 V SystemKeyManager: updateFocusedWindow() is called, com.lightningstudio.watchrss/com.lightningstudio.watchrss.MainActivity
01-24 16:50:36.807  2721  3376 I WindowManager: notifyInsetsControlChanged, removed=false, win=Window{f90d2f7 u0 Splash Screen com.lightningstudio.watchrss}, caller=com.android.server.wm.InsetsStateController$$ExternalSyntheticLambda1.run:137 com.android.server.wm.WindowAnimator$$ExternalSyntheticLambda2.onTransactionCommitted:26 android.view.SurfaceControl$Transaction$$ExternalSyntheticLambda4.run:0 android.os.Handler.handleCallback:995 android.os.Handler.dispatchMessage:103 android.os.Looper.loopOnce:273 
01-24 16:50:36.809  2721  3376 D InsetsSourceProvider: updateVisibility: serverVisible=true, clientVisible=false, source=InsetsSource: {9270000 mType=statusBars mFrame=[0,0][466,95] mVisible=false mFlags= mSideHint=TOP mBoundingRects=null}, controlTarget=Window{b0732b3 u0 com.lightningstudio.watchrss/com.lightningstudio.watchrss.MainActivity}, from=com.android.server.wm.InsetsSourceProvider.setClientVisible:8 com.android.server.wm.InsetsSourceProvider.updateClientVisibility:20 com.android.server.wm.InsetsStateController.onRequestedVisibleTypesChanged:44 com.android.server.wm.InsetsStateController$$ExternalSyntheticLambda1.run:172 com.android.server.wm.WindowAnimator$$ExternalSyntheticLambda2.onTransactionCommitted:26 android.view.SurfaceControl$Transaction$$ExternalSyntheticLambda4.run:0 android.os.Handler.handleCallback:995 android.os.Handler.dispatchMessage:103 android.os.Looper.loopOnce:273 android.os.Looper.loop:363 
01-24 16:50:36.815  2721  6872 E UiModeManager: getPackageNightMode is not allowed for com.lightningstudio.watchrss
01-24 16:50:36.829  2721  4219 E WindowManager: win=Window{92b31b6 u0 Handle Input Layer of task 1910} destroySurfaces: appStopped=true cleanupOnResume=false win.mWindowRemovalAllowed=false win.mRemoveOnExit=false win.mViewVisibility=8 caller=com.android.server.wm.WindowManagerService.tryStartExitingAnimation:134 com.android.server.wm.WindowManagerService.relayoutWindow:1184 com.android.server.wm.Session.relayout:27 android.view.IWindowSession$Stub.onTransact:829 com.android.server.wm.Session.onTransact:1 android.os.Binder.execTransactInternal:1462 android.os.Binder.execTransact:1401 
01-24 16:50:36.893  2721  6862 D WindowManager: finishDrawingWindow: Window{b0732b3 u0 com.lightningstudio.watchrss/com.lightningstudio.watchrss.MainActivity} mDrawState=DRAW_PENDING seqId=0
01-24 16:50:36.894  2721  3376 V WindowManager: Finish starting ActivityRecord{175753582 u0 com.lightningstudio.watchrss/.MainActivity t1910}: first real window is shown, no animation
01-24 16:50:36.895  2721  3376 V WindowManager: Schedule remove starting ActivityRecord{175753582 u0 com.lightningstudio.watchrss/.MainActivity t1910} startingWindow=Window{f90d2f7 u0 Splash Screen com.lightningstudio.watchrss} animate=true Callers=com.android.server.wm.ActivityRecord.removeStartingWindow:178 com.android.server.wm.WindowState.performShowLocked:155 com.android.server.wm.WindowStateAnimator.commitFinishDrawingLocked:73 com.android.server.wm.DisplayContent$$ExternalSyntheticLambda1.accept:398 com.android.server.wm.WindowContainer$ForAllWindowsConsumerWrapper.apply:5 
01-24 16:50:36.895  2721  3376 D TaskOrganizerController: applyStartingWindowAnimation, window=Window{b0732b3 u0 com.lightningstudio.watchrss/com.lightningstudio.watchrss.MainActivity}, caller=com.android.server.wm.TaskOrganizerController.removeStartingWindow:132 com.android.server.wm.StartingSurfaceController$StartingSurface.remove:23 com.android.server.wm.ActivityRecord.removeStartingWindowAnimation:171 
01-24 16:50:36.895  2721  3376 I WindowManager: Reparenting to leash, surface=Surface(name=b0732b3 com.lightningstudio.watchrss/com.lightningstudio.watchrss.MainActivity)/@0xe17f6fb, leashParent=Surface(name=ActivityRecord{175753582 u0 com.lightningstudio.watchrss/.MainActivity t1910})/@0xe96d318
01-24 16:50:36.895  2721  3376 D WindowManager: makeSurface duration=1 leash=Surface(name=Surface(name=b0732b3 com.lightningstudio.watchrss/com.lightningstudio.watchrss.MainActivity)/@0xe17f6fb - animation-leash of starting_reveal)/@0x7196171
01-24 16:50:36.896  2721  3376 V WindowManager: performShowLocked: mDrawState=HAS_DRAWN in Window{b0732b3 u0 com.lightningstudio.watchrss/com.lightningstudio.watchrss.MainActivity}
01-24 16:50:36.898  2721  3375 D BBA2    : updateWindowVisible for pid : 11962, visible : 1
01-24 16:50:36.901  2721  3366 D [secipm]: mSecIpmManager report to nap
01-24 16:50:36.902  2721  3366 I Pageboost: Launch time gathered : pid 11962 com.lightningstudio.watchrss 1281
01-24 16:50:36.907  2721  3375 I DisplayDeviceRepository: Display device changed render timings: "内置屏幕", renderFrameRate=120.00001, presentationDeadlineNanos=9333333, appVsyncOffsetNanos=8333333, frameRateOverrides=[{uid=10052 frameRateHz=120.00001}, {uid=10164 frameRateHz=120.00001}, {uid=10351 frameRateHz=120.00001}]
01-24 16:50:36.911  2721  6862 D WifiDisplayAdapter: isFitToActiveDisplayLocked : false
01-24 16:50:36.921  2721  5128 D ActivityManager: unpendingScheduleServiceRestart: u=10348, drop=false
01-24 16:50:36.924  8380  8380 I NotificationManager: com.omarea.vtools: notify(256, null, Notification(channel=scene-scheduler shortcut=null contentView=com.omarea.vtools/0x7f0d00ca vibrate=null sound=null defaults=0 flags=ONGOING_EVENT|NO_CLEAR|FOREGROUND_SERVICE color=0x00000000 groupKey=silent vis=PRIVATE semFlags=0x0 semPriority=0 semMissedCount=0)) as user
01-24 16:50:36.928  8380  8380 I NotificationManager: com.omarea.vtools: notify(256, null, Notification(channel=scene-scheduler shortcut=null contentView=com.omarea.vtools/0x7f0d00ca vibrate=null sound=null defaults=0 flags=ONGOING_EVENT|NO_CLEAR|FOREGROUND_SERVICE color=0x00000000 groupKey=silent vis=PRIVATE semFlags=0x0 semPriority=0 semMissedCount=0)) as user
01-24 16:50:36.941  2721  4219 D WindowManager: finishDrawingWindow: Window{b0732b3 u0 com.lightningstudio.watchrss/com.lightningstudio.watchrss.MainActivity} mDrawState=HAS_DRAWN seqId=0
01-24 16:50:36.945  2721  3620 V InputMethodManagerService: startInputOrWindowGainedFocusInternalLocked: reason=WINDOW_FOCUS_GAIN client=android.os.BinderProxy@95966e3 inputContext=null editorInfo=android.view.inputmethod.EditorInfo@9509b65 startInputFlags=VIEW_HAS_FOCUS|INITIAL_CONNECTION softInputMode=STATE_UNSPECIFIED|ADJUST_RESIZE|IS_FORWARD_NAVIGATION windowFlags=#81810500 unverifiedTargetSdkVersion=34 bindingController=com.android.server.inputmethod.InputMethodBindingController@4526d4d imeDispatcher=android.window.ImeOnBackInvokedDispatcher@bc9203a cs=ClientState{35094eb mUid=10351 mPid=11962 mSelfReportedDisplayId=0} imeRequestedVisible=false
01-24 16:50:36.945  2721  3620 V InputMethodManagerService: setWindowStateInner, windowToken=android.os.BinderProxy@f33f822, state=ImeTargetWindowState{ imeToken null imeFocusChanged true hasEditorFocused false requestedImeVisible false imeDisplayId 0 softInputModeState STATE_UNSPECIFIED|ADJUST_RESIZE|IS_FORWARD_NAVIGATION isStartInputByGainFocus true}
01-24 16:50:36.945  2721  3620 V InputMethodManagerService: Unspecified window will hide input
01-24 16:50:36.945  2721  3620 V InputMethodManagerService: applyImeVisibility state=6
01-24 16:50:36.946  2721  3620 D SemInputMethodManagerServiceUtil: restorePreviousUsedInputMethod : failed to return the previous ime becuase the stored info is null or do not need restore
01-24 16:50:36.946  2721  3620 V InputMethodManagerService: semComputeImeDisplayIdForTarget: displayToShowIme=0
01-24 16:50:36.946  2721  3620 V InputMethodManagerService: unbindCurrentInputLocked: client=android.os.BinderProxy@b17aa95
01-24 16:50:36.947  2721  3620 V InputMethodManagerService: Creating new session for client ClientState{35094eb mUid=10351 mPid=11962 mSelfReportedDisplayId=0}
01-24 16:50:36.947  2721  3620 V InputMethodManagerService: Creating new session for client ClientState{35094eb mUid=10351 mPid=11962 mSelfReportedDisplayId=0}
01-24 16:50:36.951  2721  5128 D ActivityManager: unpendingScheduleServiceRestart: u=10348, drop=false
01-24 16:50:36.952  2721  3620 V InputMethodManagerService: Creating new accessibility sessions for client ClientState{35094eb mUid=10351 mPid=11962 mSelfReportedDisplayId=0}
01-24 16:50:36.953  2721  4856 D InputMethodManagerService: isImeSwitcherDisabledPackage : false
01-24 16:50:36.954  2721  4856 D InputMethodManagerService: shouldShowImeSwitcherLocked : checking vis : 3
01-24 16:50:36.954  2721  4856 V InputMethodManagerService: Disabling: SessionState{uid=10164 pid=4528 method=2aec2f1 session=7c7cec7 channel=ClientState{25b7d56 mUid=10164 mPid=4528 mSelfReportedDisplayId=0} userId=0}
01-24 16:50:36.954  2721  4856 V InputMethodManagerService: Enabling: SessionState{uid=10351 pid=11962 method=2aec2f1 session=3190606 channel=ClientState{35094eb mUid=10351 mPid=11962 mSelfReportedDisplayId=0} userId=0}
01-24 16:50:36.955  2721  4856 D InputMethodManagerService: checkDisplayOfStartInputAndUpdateKeyboard: displayId=0, mFocusedDisplayId=0
01-24 16:50:36.960  2721  4219 D RestrictionPolicy: isScreenCaptureEnabled : ret=true userId=0
01-24 16:50:36.961  2721  4219 I WindowManager: Cancelling animation restarting=true, leash=Surface(name=Surface(name=17c56bc InputMethod)/@0x1fec154 - animation-leash of insets_animation)/@0x9e4f44e
01-24 16:50:36.961  2721  4219 I WindowManager: Reparenting to original parent: Surface(name=WindowToken{560e468 type=2011 android.os.Binder@c853b8b})/@0x35818fd, destroy=false, surface=Surface(name=17c56bc InputMethod)/@0x1fec154
01-24 16:50:36.961  2721  4219 I WindowManager: Reparenting to leash, surface=Surface(name=17c56bc InputMethod)/@0x1fec154, leashParent=Surface(name=WindowToken{560e468 type=2011 android.os.Binder@c853b8b})/@0x35818fd
01-24 16:50:36.961  2721  4219 D WindowManager: makeSurface duration=1 leash=Surface(name=Surface(name=17c56bc InputMethod)/@0x1fec154 - animation-leash of insets_animation)/@0x28b2af4
01-24 16:50:36.961  2721  4219 D InsetsSourceProvider: updateControlForTarget: control=InsetsSourceControl: {3 mType=ime mSurfacePosition=Point(0, 95) mInsetsHint=Insets{left=0, top=0, right=0, bottom=708}}, target=Window{b0732b3 u0 com.lightningstudio.watchrss/com.lightningstudio.watchrss.MainActivity}, from=com.android.server.wm.ImeInsetsSourceProvider.updateControlForTarget:17 com.android.server.wm.InsetsStateController.onControlTargetChanged:83 com.android.server.wm.DisplayContent.updateImeControlTarget:21 com.android.server.wm.DisplayContent.updateImeInputAndControlTarget:156 com.android.server.wm.WindowManagerService$LocalService.updateInputMethodTargetWindow:64 
01-24 16:50:36.962  2721  4838 W PackageConfigPersister: App-specific configuration not found for packageName: com.lightningstudio.watchrss and userId: 0
01-24 16:50:36.965  2721  3375 V InputMethodManagerService: Client requesting input be hidden
01-24 16:50:36.966  2721  3375 V InputMethodManagerService: setWindowStateInner, windowToken=android.os.BinderProxy@f33f822, state=ImeTargetWindowState{ imeToken android.os.Binder@d2f7c92 imeFocusChanged true hasEditorFocused false requestedImeVisible false imeDisplayId 0 softInputModeState STATE_UNSPECIFIED|ADJUST_RESIZE|IS_FORWARD_NAVIGATION isStartInputByGainFocus true}
01-24 16:50:36.966  2721  6872 D ActivityManagerPerformance: AMP_acquire() TAIL
01-24 16:50:36.966  2721  6872 D ActivityManagerPerformance: AMP_release() APP_SWITCH
01-24 16:50:36.976  2721  3375 V InputMethodManagerService: hideCurrentInputLocked : canceled, shouldHideSoftInput=false, mInputShown=false, mImeWindowVis=0
01-24 16:50:36.978  2721  4844 D WindowManager: Starting window removed Window{f90d2f7 u0 Splash Screen com.lightningstudio.watchrss}
01-24 16:50:36.978  2721  4844 I WindowManager: Cancelling animation restarting=false, leash=Surface(name=Surface(name=b0732b3 com.lightningstudio.watchrss/com.lightningstudio.watchrss.MainActivity)/@0xe17f6fb - animation-leash of starting_reveal)/@0x7196171
01-24 16:50:36.979  2721  4844 I WindowManager: Reparenting to original parent: Surface(name=ActivityRecord{175753582 u0 com.lightningstudio.watchrss/.MainActivity t1910})/@0xe96d318, destroy=false, surface=Surface(name=b0732b3 com.lightningstudio.watchrss/com.lightningstudio.watchrss.MainActivity)/@0xe17f6fb
01-24 16:50:36.979  2721  4844 V WindowManager: Remove Window{f90d2f7 u0 Splash Screen com.lightningstudio.watchrss}: mSurfaceControl=Surface(name=Splash Screen com.lightningstudio.watchrss$_4040)/@0xcc4cfde mAnimatingExit=false mRemoveOnExit=false mHasSurface=true surfaceShowing=false animating=false app-animation=false callers=com.android.server.wm.Session.remove:16 android.view.IWindowSession$Stub.onTransact:804 com.android.server.wm.Session.onTransact:1 android.os.Binder.execTransactInternal:1462 android.os.Binder.execTransact:1401 <bottom of call stack> 
01-24 16:50:36.985  2721  6872 W WindowManager: Failed looking up window session=Session{43aef0d 4040:u0a10052} callers=com.android.server.wm.WindowManagerService.windowForClientLocked:1 com.android.server.wm.Session.setOnBackInvokedCallbackInfo:15 android.view.IWindowSession$Stub.onTransact:1390 
01-24 16:50:36.985  2721  6872 I WindowManager: setOnBackInvokedCallback(): No window state for package:com.android.systemui
01-24 16:50:36.986  2721  4838 E UiModeManager: getPackageNightMode is not allowed for com.lightningstudio.watchrss
01-24 16:50:36.996  2721  3375 I ActivityManager: Changes in 10164 2 to 5, 255 to 184
01-24 16:50:37.000  2721  3375 I DisplayDeviceRepository: Display device changed render timings: "内置屏幕", renderFrameRate=120.00001, presentationDeadlineNanos=9333333, appVsyncOffsetNanos=8333333, frameRateOverrides=[]
01-24 16:50:37.002  2721  4800 E WindowManager: win=Window{3ac9f0 u0 com.sec.android.app.launcher/com.sec.android.app.launcher.activities.LauncherActivity} destroySurfaces: appStopped=true cleanupOnResume=false win.mWindowRemovalAllowed=false win.mRemoveOnExit=false win.mViewVisibility=8 caller=com.android.server.wm.ActivityRecord.destroySurfaces:25 com.android.server.wm.ActivityRecord.activityStopped:192 com.android.server.wm.ActivityClientController.activityStopped:97 android.app.IActivityClientController$Stub.onTransact:740 com.android.server.wm.ActivityClientController.onTransact:1 android.os.Binder.execTransactInternal:1462 android.os.Binder.execTransact:1401 
01-24 16:50:37.004  2721  4800 E WindowManager: win=Window{cc7534f u0 com.sec.android.app.launcher/com.sec.android.app.launcher.activities.LauncherActivity} destroySurfaces: appStopped=true cleanupOnResume=false win.mWindowRemovalAllowed=false win.mRemoveOnExit=false win.mViewVisibility=8 caller=com.android.server.wm.ActivityRecord.destroySurfaces:25 com.android.server.wm.ActivityRecord.activityStopped:192 com.android.server.wm.ActivityClientController.activityStopped:97 android.app.IActivityClientController$Stub.onTransact:740 com.android.server.wm.ActivityClientController.onTransact:1 android.os.Binder.execTransactInternal:1462 android.os.Binder.execTransact:1401 
01-24 16:50:37.008  2721  6902 D WifiDisplayAdapter: isFitToActiveDisplayLocked : false
01-24 16:50:37.009  2721  3375 D SGM:FgCheckThread: getForegroundApp(), foregroundPkgName=com.lightningstudio.watchrss
01-24 16:50:37.012  2721  3375 D SGM:FgCheckThread: pkgName: com.sec.android.app.launcher is not in foreground
01-24 16:50:37.013  2721  3375 D SGM:FgCheckThread: noteStopComponent(), received pkgName: com.sec.android.app.launcher, focusedPkgName: com.lightningstudio.watchrss, userId: 0
01-24 16:50:37.016  2721  3762 D BackgroundInstallControlService: Package event received: 0
01-24 16:50:37.024  2721  3367 D SGM:GameManager: identifyForegroundApp. com.lightningstudio.watchrss, mCurrentUserId: 0, callerUserId: 0
01-24 16:50:37.024  2721  3367 D SGM:SemGameManager: isForegroundGame(), ret=false
01-24 16:50:37.024  2721  5134 D FreecessController: BG freezed, skip OLAF unfreeze for (com.google.android.apps.tachyon, 10293)
01-24 16:50:37.025  2721  3367 D SGM:GameManager: identifyForegroundApp. com.lightningstudio.watchrss, mCurrentUserId: 0, callerUserId: 0
01-24 16:50:37.025  2721  3367 D SGM:SemGameManager: isForegroundGame(), ret=false
01-24 16:50:37.025  2721  5134 D FreecessController: BG freezed, skip OLAF unfreeze for (com.google.android.gm, 10303)
01-24 16:50:37.028  2721  2721 I WALLPAPER_SVC:SemWallpaperManagerService: isHomeActivityVisible : false 
01-24 16:50:37.028  2721  2721 D WALLPAPER_SVC:WallpaperData: getWallpaperFile: file = /data/system/users/0/wallpaper_orig 
01-24 16:50:37.028  2721  2721 D WALLPAPER_SVC:WallpaperData: getWallpaperFile: file = /data/system/users/0/wallpaper_orig 
01-24 16:50:37.029  2721  2721 D WALLPAPER_SVC:WallpaperManagerService: dispatchHomeVisibilityChanged: visible = false, connection = com.android.server.wallpaper.WallpaperManagerService$WallpaperConnection@66518cf, systemWallpaper = WallpaperData@a54887a, id: 18, which: 5, file mod: 1765172084383, info: null, engine(s): Proxy@d9bff89, type = 0, userId = 0, uri= null, allowBackup= true, wallpaperComponent = ComponentInfo{com.android.systemui/com.android.systemui.wallpapers.ImageWallpaper}, nextWallpaperComponent = ComponentInfo{com.android.systemui/com.android.systemui.wallpapers.ImageWallpaper} 
01-24 16:50:37.034  2721  5134 D FreecessController: UFZ : bin.mt.plus(10348) [8340] reason: Binder(1)-android.accessibilityservice.IAccessibili
01-24 16:50:37.034  2721  5134 D FreecessController: BG freezed, skip OLAF unfreeze for (com.getsurfboard, 10410)
01-24 16:50:37.034  2721  5134 D FreecessController: BG freezed, skip OLAF unfreeze for (com.tencent.androidqqmail, 10460)
01-24 16:50:37.043  2721  5134 D FreecessController: BG freezed, skip OLAF unfreeze for (com.termux.x11, 10466)
01-24 16:50:37.043  2721  5134 D FreecessController: BG freezed, skip OLAF unfreeze for (com.twitter.android, 10470)
01-24 16:50:37.045  2721  5134 D FreecessController: UFZ : org.kde.kdeconnect_tp(10513) [8388] reason: Binder(1)-android.service.notification.INotificatio
01-24 16:50:37.045  2721  5134 D FreecessController: BG freezed, skip OLAF unfreeze for (com.samsung.systemui.navillera, 10573)
01-24 16:50:37.045  2721  5134 D FreecessController: BG freezed, skip OLAF unfreeze for (com.samsung.android.multistar, 10582)
01-24 16:50:37.045  2721  5134 D FreecessController: BG freezed, skip OLAF unfreeze for (com.samsung.systemui.lockstar, 10588)
01-24 16:50:37.075  2721  5134 D FreecessController: restrictJobsByOlaf: restrict=false, uid=-1
01-24 16:50:37.078  2721  2721 D OlafRestriction:  olaf state update: state=false
01-24 16:50:37.078  2721  2721 D OlafRestriction:  sending trigger onRestrictionStateChanged msg.
01-24 16:50:37.086  2721  5134 D FreecessHandler: freeze com.microsoft.skydrive(10117) result : 51
01-24 16:50:37.086  2721  5134 D FreecessHandler: stop trying to freeze com.microsoft.skydrive
01-24 16:50:37.094  2721  5134 D FreecessHandler: freeze com.samsung.android.themestore(10158) result : 51
01-24 16:50:37.094  2721  5134 D FreecessHandler: stop trying to freeze com.samsung.android.themestore
01-24 16:50:37.094  2721  5134 I PowerManagerService: [PWL] SetWakeLockEnableDisable uid = 10348 , disable= false
01-24 16:50:37.094  2721  5134 I PowerManagerService: [PWL] can not change uid =  10348
01-24 16:50:37.105  2721  5134 D FreecessController: FZ : bin.mt.plus(10348) [8340] reason: Bg [cached:X
01-24 16:50:37.106  2721  5134 D FreecessHandler: freeze bin.mt.plus(10348) result : 0
01-24 16:50:37.112  2721  5134 D FreecessHandler: freeze com.openai.chatgpt(10436) result : 51
01-24 16:50:37.112  2721  5134 D FreecessHandler: stop trying to freeze com.openai.chatgpt
01-24 16:50:37.118  2721  5134 D FreecessHandler: freeze com.xingin.xhs(10484) result : 51
01-24 16:50:37.118  2721  5134 D FreecessHandler: stop trying to freeze com.xingin.xhs
01-24 16:50:37.118  2721  5134 I PowerManagerService: [PWL] SetWakeLockEnableDisable uid = 10513 , disable= false
01-24 16:50:37.119  2721  5134 I PowerManagerService: [PWL] can not change uid =  10513
01-24 16:50:37.129  2721  5134 D ActivityManager: FCA:FCA recordedFileRss = 48268, and changeinRss = 2176
01-24 16:50:37.129  2721  5134 D FreecessController: FZ : com.xiaomi.smarthome(10593) [19244] reason: Bg [cached:O
01-24 16:50:37.129  2721  5134 D FreecessHandler: freeze com.xiaomi.smarthome(10593) result : 0
01-24 16:50:37.133  2721  2721 I Telecom : SamsungTelecomServiceImpl : isInManagedCall - callingPackage : android / callingUser : UserHandle{0} / hasCrossUserAccess : true
01-24 16:50:37.137  2721  5134 D ActivityManager: FCA:FCA recordedFileRss = 66648, and changeinRss = 80304
01-24 16:50:37.138  2721  5134 D FreecessController: FZ : com.google.android.apps.photos(10596) [31676] reason: Bg [cached:O
01-24 16:50:37.138  2721  5134 D FreecessHandler: freeze com.google.android.apps.photos(10596) result : 0
01-24 16:50:37.138  2721  5134 I PowerManagerService: [PWL] SetWakeLockEnableDisable uid = 10348 , disable= true
01-24 16:50:37.138  2721  5134 I PowerManagerService: [PWL] can not change uid =  10348
01-24 16:50:37.138  2721  5134 I PowerManagerService: [PWL] SetWakeLockEnableDisable uid = 10593 , disable= true
01-24 16:50:37.138  2721  5134 I PowerManagerService: [PWL] can not change uid =  10593
01-24 16:50:37.138  2721  5134 I PowerManagerService: [PWL] SetWakeLockEnableDisable uid = 10596 , disable= true
01-24 16:50:37.138  2721  5134 I PowerManagerService: [PWL] can not change uid =  10596
01-24 16:50:37.145  2721  2721 I Telecom : SamsungTelecomServiceImpl : isInManagedCall - callingPackage : android / callingUser : UserHandle{0} / hasCrossUserAccess : true
01-24 16:50:37.156  2721  3702 D MdnieScenarioControlService:  packageName : com.lightningstudio.watchrss    className : com.lightningstudio.watchrss.MainActivity
01-24 16:50:37.156  2721  3702 V MdnieScenarioControlService: setUIMode from UI function(3)
01-24 16:50:37.209  1146  1146 D io_stats: !@   8,0 r 3132154 77447068 w 1311532 17971444 d 147986 93891720 f 63831 284314 iot 693440 0 th 0 0 0 pt 0 inp 0 0 21672.713
01-24 16:50:37.226  2721  3550 D SGM:GameManager: identifyGamePackage. com.lightningstudio.watchrss, mCurrentUserId: 0, callingMethodInfo: com.samsung.android.game.IGameManagerService$Stub.onTransact(IGameManagerService.java:247)
01-24 16:50:37.257  2721  3550 D [SS]BattFunctions: [sendRemainingChargingTimeChangedIntent]remainingChargingTime:9494 ,mLastRemainingChargingTime:9505
01-24 16:50:37.257  2721  3702 V MdnieScenarioControlService: mAclOffEnabled : false
01-24 16:50:37.259  4040  4040 D PowerUI : Remaining charging time : 9494
01-24 16:50:37.259  4040  4040 D PowerUI : Charging time is changed, check charging notification
01-24 16:50:37.261  4040  4040 D PowerUI.Notification: showChargingNotice - Battery Level : 28 -> 28, Charging Type : 11 -> 11, Charging Time : 9505 -> 9494, Maximum protection : false -> false, Maximum threshold : 80 -> 80
01-24 16:50:37.262  4040  4040 I NotificationManager: com.android.systemui: notify(2131364006, charging_state, Notification(channel=CHR shortcut=null contentView=null vibrate=null sound=null defaults=0 flags=ONGOING_EVENT|ONLY_ALERT_ONCE color=0x00000000 category=sys groupKey=CHARGING vis=PUBLIC semFlags=0x0 semPriority=0 semMissedCount=0)) as user
01-24 16:50:37.264  2721  3550 W PermissionService: getPermissionFlags: Unknown user -1
01-24 16:50:37.264  2721  3550 W PermissionService: getPermissionFlags: Unknown user -1
01-24 16:50:37.291  2721  3806 D SGM:GameManager: identifyGamePackage. com.lightningstudio.watchrss, mCurrentUserId: 0, callingMethodInfo: com.samsung.android.game.SemGameManager.isGamePackage(SemGameManager.java:106)
01-24 16:50:37.291  2721  3806 D SGM:SemGameManager: isGamePackage(), pkgName=com.lightningstudio.watchrss, ret=false
01-24 16:50:37.304  2721  3600 D PowerManagerService: [api] userActivityFromNative : other, HOVER displayId=0 eventTime=21672808
