01-24 16:34:16.959  2721  4801 I BatteryService_BatteryPropertiesRegistrar: [getProperty]prop.long:-9223372036854775808 ,prop.string:null
01-24 16:34:17.575  2721 19003 D PerProcessNandswap$NandswapHandler: nandswap start for non-activity com.samsung.android.app.galaxyregistry(pid 20100) action:14 adj:905 type:1
01-24 16:34:17.674  2721 19003 D PerProcessNandswap$NandswapHandler: nandswap end for non-activity com.samsung.android.app.galaxyregistry(pid 20100) ret:19247452160 adj:905
01-24 16:34:18.398  2721 10575 I AfterimageCompensationService: AfcThread mLuminance : 75 , AfpcPeriodCount : 59 , rotation : 0 , AOD : false
01-24 16:34:18.445  1146  1146 D io_stats: !@   8,0 r 3102483 76939064 w 1292226 17567324 d 146828 93725552 f 63128 281964 iot 672308 0 th 0 0 0 pt 0 inp 0 0 20693.950
01-24 16:34:18.446  1146  1146 D io_stats: !@ Read_top(KB): sait.sohservice(30987) 8
01-24 16:34:18.447  1146  1146 D io_stats: !@ Write_top(KB): kworker/u16:4(23809) 460 m.omarea.vtools(8380) 84 sait.sohservice(30987) 56
01-24 16:34:19.546  2721  3806 D SGM:GameManager: identifyGamePackage. com.lightningstudio.watchrss, mCurrentUserId: 0, callingMethodInfo: com.samsung.android.game.SemGameManager.isGamePackage(SemGameManager.java:106)
01-24 16:34:19.547  2721  3806 D SGM:SemGameManager: isGamePackage(), pkgName=com.lightningstudio.watchrss, ret=false
01-24 16:34:19.874  2721  3589 D ActivityManager: Received BROADCAST intent 0xb51627f Key{broadcastIntent pkg=com.android.bluetooth intent=act=com.android.bluetooth.gatt.REFRESH_BATCHED_SCAN xflg=0x4 flags=0x4000000 u=0} requestCode=0 sent=0 from uid 1000
01-24 16:34:19.895  2721  4801 I BatteryService_BatteryPropertiesRegistrar: [getProperty]id:2
01-24 16:34:19.895  2721  4801 I BatteryService_BatteryPropertiesRegistrar: [getProperty]prop.long:-9223372036854775808 ,prop.string:null
01-24 16:34:19.898  2721  4801 I BatteryService_BatteryPropertiesRegistrar: [getProperty]id:4
01-24 16:34:19.898  2721  4801 I BatteryService_BatteryPropertiesRegistrar: [getProperty]prop.long:-9223372036854775808 ,prop.string:null
01-24 16:34:19.900  2721  4801 I BatteryService_BatteryPropertiesRegistrar: [getProperty]id:6
01-24 16:34:19.900  2721  4801 I BatteryService_BatteryPropertiesRegistrar: [getProperty]prop.long:-9223372036854775808 ,prop.string:null
01-24 16:34:19.959  2721  4801 I BatteryService_BatteryPropertiesRegistrar: [getProperty]id:2
01-24 16:34:19.959  2721  4801 I BatteryService_BatteryPropertiesRegistrar: [getProperty]prop.long:-9223372036854775808 ,prop.string:null
01-24 16:34:20.448  1146  1146 D io_stats: !@   8,0 r 3102486 76939108 w 1292242 17567388 d 146828 93725552 f 63128 281967 iot 672348 0 th 0 0 0 pt 0 inp 0 0 20695.953
01-24 16:34:22.449  1146  1146 D io_stats: !@   8,0 r 3102486 76939108 w 1292280 17567816 d 146828 93725552 f 63129 281969 iot 672364 0 th 0 0 0 pt 0 inp 0 0 20697.954
01-24 16:34:22.450  1146  1146 D io_stats: !@ Read_top(KB): putmethod.latin(6557) 36 sait.sohservice(30987) 8
01-24 16:34:22.450  1146  1146 D io_stats: !@ Write_top(KB): kworker/u16:4(23809) 388 m.omarea.vtools(8380) 84
01-24 16:34:22.564  2721  3806 D SGM:GameManager: identifyGamePackage. com.lightningstudio.watchrss, mCurrentUserId: 0, callingMethodInfo: com.samsung.android.game.SemGameManager.isGamePackage(SemGameManager.java:106)
01-24 16:34:22.564  2721  3806 D SGM:SemGameManager: isGamePackage(), pkgName=com.lightningstudio.watchrss, ret=false
01-24 16:34:22.658  2721  4801 D ActivityTaskManager: startActivityAsUser: callingPid=9338, callingUid=2000, caller=com.android.server.am.ActivityManagerService.startActivityAsUserWithFeature:27 com.android.server.am.ActivityManagerShellCommand.runStartActivity:588 com.android.server.am.ActivityManagerShellCommand.onCommand:2030 com.android.modules.utils.BasicShellCommandHandler.exec:97 android.os.ShellCommand.exec:38 com.android.server.am.ActivityManagerService.onShellCommand:164 android.os.Binder.shellCommand:1187 
01-24 16:34:22.662  2721  4801 W ActivityTaskManager: callingPackage for (uid=2000, pid=9338) has no WPC
01-24 16:34:22.662  2721  4801 D ActivityTaskManager: DesktopModeLaunchParamsModifier: task=null activity=null task null, skipping
01-24 16:34:22.663  2721  4801 D ActivityTaskManager: TaskLaunchParamsModifier:task=null activity=null display-area-from-current-params=null display-area-from-default-fallback=DefaultTaskDisplayArea_d0@182269126 display-id=0 task-display-area-windowing-mode=1 suggested-display-area=DefaultTaskDisplayArea_d0@182269126
01-24 16:34:22.666  2721  4801 W OptProp : Cannot read opt property android.window.PROPERTY_COMPAT_ALLOW_USER_ASPECT_RATIO_OVERRIDE
01-24 16:34:22.666  2721  4801 W OptProp : Cannot read opt property android.window.PROPERTY_COMPAT_ALLOW_USER_ASPECT_RATIO_FULLSCREEN_OVERRIDE
01-24 16:34:22.666  2721  4801 W OptProp : Cannot read opt property android.window.PROPERTY_COMPAT_ALLOW_RESIZEABLE_ACTIVITY_OVERRIDES
01-24 16:34:22.666  2721  4801 W OptProp : Cannot read opt property android.window.PROPERTY_COMPAT_ALLOW_MIN_ASPECT_RATIO_OVERRIDE
01-24 16:34:22.667  2721  4801 D WindowManager: Transition is created, t=TransitionRecord{bf19bea id=-1 type=OPEN flags=0x0}, caller=com.android.server.wm.Transition.<init>:182 com.android.server.wm.TransitionController.createAndStartCollecting:106 com.android.server.wm.ActivityStarter.executeRequest:3537 java.lang.reflect.Method.invoke:-2 qFKUBH.ivlPs.H.VJI.K.oLb.e.ur.HookBridge.invokeOriginalMethod:-2 
01-24 16:34:22.667  2721  4801 D BLASTSyncEngine: SyncGroup is created, id=27, name=Transition-OPEN, caller=com.android.server.wm.BLASTSyncEngine$SyncGroup.<init>:52 com.android.server.wm.TransitionController.moveToCollecting:79 com.android.server.wm.TransitionController.createAndStartCollecting:109 com.android.server.wm.ActivityStarter.executeRequest:3537 java.lang.reflect.Method.invoke:-2 qFKUBH.ivlPs.H.VJI.K.oLb.e.ur.HookBridge.invokeOriginalMethod:-2 org.lsposed.lspd.impl.LSPosedBridge$NativeHooker.callback:189 
01-24 16:34:22.668  2721  4801 W BLASTSyncEngine: setSyncMethod, id=27, method=0, caller=com.android.server.wm.TransitionController.moveToCollecting:91 com.android.server.wm.TransitionController.createAndStartCollecting:109 com.android.server.wm.ActivityStarter.executeRequest:3537 
01-24 16:34:22.668  2721  4801 V WindowManager: Start collecting in Transition: TransitionRecord{bf19bea id=27 type=OPEN flags=0x0}, caller=com.android.server.wm.TransitionController.createAndStartCollecting:109 com.android.server.wm.ActivityStarter.executeRequest:3537 java.lang.reflect.Method.invoke:-2 qFKUBH.ivlPs.H.VJI.K.oLb.e.ur.HookBridge.invokeOriginalMethod:-2 org.lsposed.lspd.impl.LSPosedBridge$NativeHooker.callback:189 
01-24 16:34:22.668  2721  4801 V WindowManager: Collecting in transition 27: ActivityRecord{73195227 u0 com.lightningstudio.watchrss/.MainActivity, caller=com.android.server.wm.TransitionController.collect:7 com.android.server.wm.ActivityStarter.startActivityUnchecked:192 com.android.server.wm.ActivityStarter.executeRequest:3581 java.lang.reflect.Method.invoke:-2 qFKUBH.ivlPs.H.VJI.K.oLb.e.ur.HookBridge.invokeOriginalMethod:-2 
01-24 16:34:22.669  2721  4801 D ActivityTaskManager: DesktopModeLaunchParamsModifier: task=null activity=ActivityRecord{73195227 u0 com.lightningstudio.watchrss/.MainActivity t-1} task null, skipping
01-24 16:34:22.669  2721  4801 D ActivityTaskManager: TaskLaunchParamsModifier:task=null activity=ActivityRecord{73195227 u0 com.lightningstudio.watchrss/.MainActivity t-1} display-area-from-current-params=null display-area-for-record=DefaultTaskDisplayArea_d0@182269126 display-id=0 task-display-area-windowing-mode=1 suggested-display-area=DefaultTaskDisplayArea_d0@182269126
01-24 16:34:22.670  2721  4801 D ActivityTaskManager: DesktopModeLaunchParamsModifier: task=Task{bdb56c6 #1909 type=standard A=10351:com.lightningstudio.watchrss} activity=ActivityRecord{73195227 u0 com.lightningstudio.watchrss/.MainActivity t-1} non-desktop, skipping
01-24 16:34:22.671  2721  4801 D ActivityTaskManager: TaskLaunchParamsModifier:task=Task{bdb56c6 #1909 type=standard A=10351:com.lightningstudio.watchrss} activity=ActivityRecord{73195227 u0 com.lightningstudio.watchrss/.MainActivity t-1} display-from-task=0 display-id=0 task-display-area-windowing-mode=1 suggested-display-area=DefaultTaskDisplayArea_d0@182269126 inherit-from-task=fullscreen non-freeform-task-display-area display-area=DefaultTaskDisplayArea_d0@182269126 default-portrait freeform-size-mismatch=Rect(128, 175 - 338, 385)
01-24 16:34:22.673  2721  4801 D ActivityManagerPerformance: AMP_acquire() ACT_START
01-24 16:34:22.674  2721  4801 D ActivityTaskManager: DesktopModeLaunchParamsModifier: task=Task{bdb56c6 #1909 type=standard A=10351:com.lightningstudio.watchrss} activity=ActivityRecord{73195227 u0 com.lightningstudio.watchrss/.MainActivity t-1} non-desktop, skipping
01-24 16:34:22.675  2721  4801 D ActivityTaskManager: TaskLaunchParamsModifier:task=Task{bdb56c6 #1909 type=standard A=10351:com.lightningstudio.watchrss} activity=ActivityRecord{73195227 u0 com.lightningstudio.watchrss/.MainActivity t-1} display-from-task=0 display-id=0 task-display-area-windowing-mode=1 suggested-display-area=DefaultTaskDisplayArea_d0@182269126 inherit-from-task=fullscreen non-freeform-task-display-area display-area=DefaultTaskDisplayArea_d0@182269126 default-portrait freeform-size-mismatch=Rect(128, 175 - 338, 385)
01-24 16:34:22.676  2721  4801 V WindowManager: Collecting in transition 27: ActivityRecord{146346668 u0 com.lightningstudio.watchrss/.ProfileActivity t1909 f}}, caller=com.android.server.wm.Transition.collectExistenceChange:40 com.android.server.wm.Transition.collectClose:7 com.android.server.wm.ActivityRecord.finishIfPossible:72 com.android.server.wm.ActivityRecord.finishIfPossible:1 com.android.server.wm.Task$$ExternalSyntheticLambda33.test:42 
01-24 16:34:22.676  2721  4801 D WindowManager: prepareSync <SYNC_STATE_WAITING_FOR_DRAW>, mPrepareSyncSeqId=0, win=Window{c530ef3 u0 com.lightningstudio.watchrss/com.lightningstudio.watchrss.ProfileActivity}
01-24 16:34:22.677  2721  4801 V WindowManager: Collecting in transition 27: ActivityRecord{146346668 u0 com.lightningstudio.watchrss/.ProfileActivity t1909 f}}, caller=com.android.server.wm.TransitionController.collect:7 com.android.server.wm.ActivityRecord.setVisibility:132 com.android.server.wm.ActivityRecord.finishIfPossible:130 com.android.server.wm.ActivityRecord.finishIfPossible:1 com.android.server.wm.Task$$ExternalSyntheticLambda33.test:42 
01-24 16:34:22.680  2721  4801 D ActivityTaskManager: scheduleTopResumedActivityChanged, onTop=false, r=ActivityRecord{146346668 u0 com.lightningstudio.watchrss/.ProfileActivity t1909 f}}, caller=com.android.server.wm.ActivityTaskSupervisor.scheduleTopResumedActivityStateLossIfNeeded:19 com.android.server.wm.ActivityTaskSupervisor.endDeferResume:21 com.android.server.wm.Task.performClearTop:16 com.android.server.wm.ActivityStarter.recycleTask:1327 com.android.server.wm.ActivityStarter.startActivityInner:262 com.android.server.wm.ActivityStarter.startActivityUnchecked:205 
01-24 16:34:22.682  2721  4801 V WindowManager: Requesting StartTransition: TransitionRecord{bf19bea id=27 type=OPEN flags=0x0 c=[
01-24 16:34:22.682  2721  4801 V WindowManager:    ChangeInfo{8993c51 container=ActivityRecord{73195227 u0 com.lightningstudio.watchrss/.MainActivity t-1} flags=0x0}
01-24 16:34:22.682  2721  4801 V WindowManager:    ChangeInfo{1458cb6 container=ActivityRecord{146346668 u0 com.lightningstudio.watchrss/.ProfileActivity t1909 f}} flags=0x0}
01-24 16:34:22.682  2721  4801 V WindowManager:    ChangeInfo{6408db7 container=DefaultTaskDisplayArea_d0@182269126 flags=0x0}
01-24 16:34:22.682  2721  4801 V WindowManager:    ChangeInfo{7344924 container=Task{bdb56c6 #1909 type=standard A=10351:com.lightningstudio.watchrss} flags=0x0}
01-24 16:34:22.682  2721  4801 V WindowManager:    ChangeInfo{5644c8d container=Display{#0 state=ON size=466x466 ROTATION_0} flags=0x0}
01-24 16:34:22.682  2721  4801 V WindowManager: ]
01-24 16:34:22.682  2721  4801 V WindowManager: }, caller=com.android.server.wm.ActivityStarter.handleStartResult:982 com.android.server.wm.ActivityStarter.startActivityUnchecked:218 com.android.server.wm.ActivityStarter.executeRequest:3581 java.lang.reflect.Method.invoke:-2 qFKUBH.ivlPs.H.VJI.K.oLb.e.ur.HookBridge.invokeOriginalMethod:-2 
01-24 16:34:22.685  4040  4100 V WindowManagerShell: Transition requested (#27): android.os.BinderProxy@9c1175d TransitionRequestInfo { type = OPEN, triggerTask = TaskInfo{userId=0 taskId=1909 effectiveUid=10351 displayId=0 isRunning=true baseIntent=Intent { act=android.intent.action.MAIN cat=[android.intent.category.LAUNCHER] flg=0x10200000 cmp=com.lightningstudio.watchrss/.MainActivity } baseActivity=ComponentInfo{com.lightningstudio.watchrss/com.lightningstudio.watchrss.MainActivity} topActivity=ComponentInfo{com.lightningstudio.watchrss/com.lightningstudio.watchrss.MainActivity} origActivity=null realActivity=ComponentInfo{com.lightningstudio.watchrss/com.lightningstudio.watchrss.MainActivity} numActivities=1 lastActiveTime=173836741 supportsMultiWindow=true resizeMode=1 isResizeable=true minWidth=-1 minHeight=-1 maxWidth=-1 maxHeight=-1 defaultMinSize=220 desktopDefaultMinSize=304 token=WCT{android.window.IWindowContainerToken$Stub$Proxy@b4378d2} topActivityType=1 pictureInPictureParams=null shouldDockBigOverlays=false launchIntoPipHostTaskId=-1 lastParentTaskIdBeforePip=-1 displayCutoutSafeInsets=Rect(0, 0 - 0, 0) topActivityInfo=ActivityInfo{ef69da3 com.lightningstudio.watchrss.MainActivity} launchCookies=[android.os.BinderProxy@6117eee] positionInParent=Point(0, 0) parentTaskId=-1 isFocused=true isVisible=true isVisibleRequested=true isTopActivityNoDisplay=false isSleeping=false locusId=null displayAreaFeatureId=1 isTopActivityTransparent=false isActivityStackTransparent=false lastNonFullscreenBounds=Rect(128, 175 - 338, 385) capturedLink=null capturedLinkTimestamp=0 requestedVisibleTypes=-14 topActivityRequestOpenInBrowserEducationTimestamp=0 appCompatTaskInfo=AppCompatTaskInfo { topActivityInSizeCompat=false eligibleForLetterboxEducation= false isLetterboxEducationEnabled= false isLetterboxDoubleTapEnabled= false eligibleForUserAspectRatioButton= true topActivityBoundsLetterboxed= false isFromLetterboxDoubleTap= false topActivityLetterboxVerticalPosition= -1 topActivityLetterboxHorizontalPosition= -1 topActivityLetterboxWidth=-1 topActivityLetterboxHeight=-1 topActivityAppBounds=Rect(0, 0 - 466, 466) isUserFullscreenOverrideEnabled=false isSystemFullscreenOverrideEnabled=false hasMinAspectRatioOverride=false topActivityLetterboxBounds=null cameraCompatTaskInfo=CameraCompatTaskInfo { freeformCameraCompatMode=inactive} topActivityBounds=null topActivityInDisplayCompat=false singleTapFromLetterbox=false} topActivityMainWindowFrame=null originallySupportedMultiWindow=true hasWallpaper=false rootAffinity=10351:com.lightningstudio.watchrss isTopTaskInStage=false CoverLauncherWidgetTask=false LaunchedFromAppsCoverLauncherTask=false LaunchedFromMultistarCoverLauncherTask=false isAllowedSeamlessRotation=false isTopTransparentActivity=false isAliasManaged=false hasConfigChanged=false snappingGuideBounds=null isAiKeyRemoveAppTask=false lastDesktopWindowingBounds=null lastExternalDesktopWindowingBounds=null isTopFullScreenWindow=true isFullSizeWindow=trueisHandleImmersive=true safeCutoutInsets=Rect(-100000, -100000 - 100000, 100000)}, pipChange = null, remoteTransition = null, displayChange = null, flags = 0, debugId = 27 }
01-24 16:34:22.686  4040  4100 V ShellDesktopMode: DesktopTasksController: isDesktopModeShowing: hasVisibleTasks=false hasTopTransparentFullscreenTask=false
01-24 16:34:22.686  4040  4100 V ShellDesktopMode: DesktopTasksController: isDesktopModeShowing: hasVisibleTasks=false hasTopTransparentFullscreenTask=false
01-24 16:34:22.686  4040  4100 D ShellSplitScreen: logExit: no-op, mLoggerSessionId is null
01-24 16:34:22.688  2721  4801 I Pageboost: stop alp
01-24 16:34:22.688  2721  4801 I ActivityTaskManager: START u0 {flg=0x10000000 xflg=0x5 cmp=com.lightningstudio.watchrss/.MainActivity} with LAUNCH_SINGLE_TASK from uid 2000 (BAL_ALLOW_PERMISSION) result code=3
01-24 16:34:22.693  4040  4100 V ShellDesktopMode: DesktopTasksController: handleFullscreenTaskLaunch
01-24 16:34:22.693  4040  4100 V ShellDesktopMode: DesktopTasksController: isDesktopModeShowing: hasVisibleTasks=false hasTopTransparentFullscreenTask=false
01-24 16:34:22.693  4040  4100 V ShellDesktopMode: DesktopTasksController: handleRequest result=null
01-24 16:34:22.695  2721  3762 D BackgroundInstallControlService: Package event received: 0
01-24 16:34:22.696  2721  4801 D WindowManager: Changing focus from Window{c530ef3 u0 com.lightningstudio.watchrss/com.lightningstudio.watchrss.ProfileActivity} to Window{1734865 u0 com.lightningstudio.watchrss/com.lightningstudio.watchrss.MainActivity} displayId=0 Callers=com.android.server.wm.ActivityTaskManagerService.setLastResumedActivityUncheckLocked:264 com.android.server.wm.ActivityTaskSupervisor.updateTopResumedActivityIfNeeded:51 com.android.server.wm.TaskFragment.setResumedActivity:75 com.android.server.wm.ActivityRecord.setState:116 
01-24 16:34:22.696  2721  4801 I WindowManager: Cancelling animation restarting=true, leash=Surface(name=Surface(name=a9c8494 TaskbarWindow)/@0x4bcedad - animation-leash of insets_animation)/@0x1e4ce0
01-24 16:34:22.696  2721  4801 I WindowManager: Reparenting to original parent: Surface(name=WindowToken{4075600 type=2024 android.os.BinderProxy@cba3d3f})/@0x5aa18e2, destroy=false, surface=Surface(name=a9c8494 TaskbarWindow)/@0x4bcedad
01-24 16:34:22.696  2721  4801 I WindowManager: Reparenting to leash, surface=Surface(name=a9c8494 TaskbarWindow)/@0x4bcedad, leashParent=Surface(name=WindowToken{4075600 type=2024 android.os.BinderProxy@cba3d3f})/@0x5aa18e2
01-24 16:34:22.697  2721  4801 D WindowManager: makeSurface duration=1 leash=Surface(name=Surface(name=a9c8494 TaskbarWindow)/@0x4bcedad - animation-leash of insets_animation)/@0xb464e53
01-24 16:34:22.698  2721  4801 D InsetsSourceProvider: updateControlForTarget: control=InsetsSourceControl: {39da0001 mType=navigationBars initiallyVisible mSurfacePosition=Point(0, 106) mInsetsHint=Insets{left=0, top=0, right=0, bottom=0}}, target=Window{1734865 u0 com.lightningstudio.watchrss/com.lightningstudio.watchrss.MainActivity}, from=com.android.server.wm.InsetsStateController.onControlTargetChanged:83 com.android.server.wm.InsetsPolicy.updateBarControlTarget:225 com.android.server.wm.DisplayPolicy.updateSystemBarAttributes:262 com.android.server.wm.WindowManagerService.updateFocusedWindowLocked:372 com.android.server.wm.ActivityTaskManagerService.setLastResumedActivityUncheckLocked:264 
01-24 16:34:22.698  2721  4801 I WindowManager: Cancelling animation restarting=true, leash=Surface(name=Surface(name=6e96ed2 NavigationBar0)/@0xb8a3415 - animation-leash of insets_animation)/@0x485e5e
01-24 16:34:22.698  2721  4801 I WindowManager: Reparenting to original parent: Surface(name=WindowToken{10d255d type=2019 android.os.BinderProxy@6516607})/@0x2f4c32a, destroy=false, surface=Surface(name=6e96ed2 NavigationBar0)/@0xb8a3415
01-24 16:34:22.698  2721  4801 I WindowManager: Reparenting to leash, surface=Surface(name=6e96ed2 NavigationBar0)/@0xb8a3415, leashParent=Surface(name=WindowToken{10d255d type=2019 android.os.BinderProxy@6516607})/@0x2f4c32a
01-24 16:34:22.699  2721  4801 D WindowManager: makeSurface duration=1 leash=Surface(name=Surface(name=6e96ed2 NavigationBar0)/@0xb8a3415 - animation-leash of insets_animation)/@0x5562489
01-24 16:34:22.699  2721  4801 D InsetsSourceProvider: updateControlForTarget: control=InsetsSourceControl: {224a0001 mType=navigationBars initiallyVisible mSurfacePosition=Point(0, 2268) mInsetsHint=Insets{left=0, top=0, right=0, bottom=0}}, target=Window{1734865 u0 com.lightningstudio.watchrss/com.lightningstudio.watchrss.MainActivity}, from=com.android.server.wm.InsetsStateController.onControlTargetChanged:83 com.android.server.wm.InsetsPolicy.updateBarControlTarget:225 com.android.server.wm.DisplayPolicy.updateSystemBarAttributes:262 com.android.server.wm.WindowManagerService.updateFocusedWindowLocked:372 com.android.server.wm.ActivityTaskManagerService.setLastResumedActivityUncheckLocked:264 
01-24 16:34:22.699  2721  4801 I WindowManager: Cancelling animation restarting=true, leash=Surface(name=Surface(name=c82437b StatusBar)/@0xc3b66b8 - animation-leash of insets_animation)/@0xdcb570c
01-24 16:34:22.700  2721  4801 I WindowManager: Reparenting to original parent: Surface(name=WindowToken{cd134b9 type=2000 android.os.BinderProxy@742f703})/@0x8e6fc91, destroy=false, surface=Surface(name=c82437b StatusBar)/@0xc3b66b8
01-24 16:34:22.700  2721  4801 I WindowManager: Reparenting to leash, surface=Surface(name=c82437b StatusBar)/@0xc3b66b8, leashParent=Surface(name=WindowToken{cd134b9 type=2000 android.os.BinderProxy@742f703})/@0x8e6fc91
01-24 16:34:22.700  2721  4801 D WindowManager: makeSurface duration=1 leash=Surface(name=Surface(name=c82437b StatusBar)/@0xc3b66b8 - animation-leash of insets_animation)/@0x6dd7caf
01-24 16:34:22.701  2721  4801 D InsetsSourceProvider: updateControlForTarget: control=InsetsSourceControl: {9270000 mType=statusBars mSurfacePosition=Point(0, 0) mInsetsHint=Insets{left=0, top=95, right=0, bottom=0}}, target=Window{1734865 u0 com.lightningstudio.watchrss/com.lightningstudio.watchrss.MainActivity}, from=com.android.server.wm.InsetsStateController.onControlTargetChanged:83 com.android.server.wm.InsetsPolicy.updateBarControlTarget:212 com.android.server.wm.DisplayPolicy.updateSystemBarAttributes:262 com.android.server.wm.WindowManagerService.updateFocusedWindowLocked:372 com.android.server.wm.ActivityTaskManagerService.setLastResumedActivityUncheckLocked:264 
01-24 16:34:22.701  2721  4801 D WindowManager: updateSystemBarAttributes: displayId=0, focusedCanBeNavColorWin=false, win=Window{1734865 u0 com.lightningstudio.watchrss/com.lightningstudio.watchrss.MainActivity}, navColorWin=null, caller=com.android.server.wm.WindowManagerService.updateFocusedWindowLocked:372 com.android.server.wm.ActivityTaskManagerService.setLastResumedActivityUncheckLocked:264 com.android.server.wm.ActivityTaskSupervisor.updateTopResumedActivityIfNeeded:51 
01-24 16:34:22.702  2721  4801 D WindowManager: updateSystemBarAttributes, bhv=2, apr=0, statusBarAprRegions=[AppearanceRegion{ bounds=[0,0][466,466]}], requestedVisibilities=-14
01-24 16:34:22.702  2721  4801 V SystemKeyManager: updateFocusedWindow() is called, com.lightningstudio.watchrss/com.lightningstudio.watchrss.MainActivity
01-24 16:34:22.704  2721  4801 V WindowManager: Computed rotation=ROTATION_0 (0) for display id=0 based on lastOrientation=SCREEN_ORIENTATION_UNSPECIFIED (-1) and oldRotation=ROTATION_0 (0), caller=com.android.server.wm.DisplayRotation.updateOrientation:79 com.android.server.wm.DisplayContent.updateOrientation:41 com.android.server.wm.DisplayContent.updateOrientationAndComputeConfig:48 com.android.server.wm.RootWindowContainer.ensureVisibilityAndConfig:7 com.android.server.wm.TaskFragment.resumeTopActivity:1737 com.android.server.wm.Task.resumeTopActivityInnerLocked:174 
01-24 16:34:22.711  2721  4844 V WindowManager: Starting Transition 27, caller=com.android.server.wm.WindowOrganizerController.startTransition:47 com.android.server.wm.WindowOrganizerController.startTransition:1 android.window.IWindowOrganizerController$Stub.onTransact:259 
01-24 16:34:22.711  2721  3375 D SGM:FgCheckThread: notePauseComponent(), received pkgName: com.lightningstudio.watchrss, userId: 0
01-24 16:34:22.711  2721  4844 D BLASTSyncEngine: SyncGroup 27: Set ready true, caller=com.android.server.wm.BLASTSyncEngine.setReady:32 com.android.server.wm.Transition.applyReady:54 com.android.server.wm.Transition.start:105 com.android.server.wm.WindowOrganizerController.startTransition:47 com.android.server.wm.WindowOrganizerController.startTransition:1 android.window.IWindowOrganizerController$Stub.onTransact:259 
01-24 16:34:22.712  2721  3748 I CocktailBarManagerServiceContainer: handleMessage: entry what = 6
01-24 16:34:22.712  2721  3748 I CocktailBarManagerServiceImpl: notePauseComponent : no active host
01-24 16:34:22.714  2721  6902 D ActivityTaskManager: scheduleTopResumedActivityChanged, onTop=true, r=ActivityRecord{197043361 u0 com.lightningstudio.watchrss/.MainActivity t1909}, caller=com.android.server.wm.ActivityTaskSupervisor.scheduleTopResumedActivityStateIfNeeded:18 com.android.server.wm.ActivityTaskSupervisor.handleTopResumedStateReleased:44 com.android.server.wm.ActivityClientController.activityTopResumedStateLost:14 android.app.IActivityClientController$Stub.onTransact:716 com.android.server.wm.ActivityClientController.onTransact:1 android.os.Binder.execTransactInternal:1457 
01-24 16:34:22.717  2721  3376 V WindowManager: SyncGroup 27: Finished!
01-24 16:34:22.717  2721  3376 D ChangeTransitionController: onTransactionReady: TransitionRecord{bf19bea id=27 type=OPEN flags=0x0 c=[
01-24 16:34:22.717  2721  3376 D ChangeTransitionController:    ChangeInfo{8993c51 container=ActivityRecord{73195227 u0 com.lightningstudio.watchrss/.MainActivity t-1} flags=0x0}
01-24 16:34:22.717  2721  3376 D ChangeTransitionController:    ChangeInfo{1458cb6 container=ActivityRecord{146346668 u0 com.lightningstudio.watchrss/.ProfileActivity t1909 f}} flags=0x0}
01-24 16:34:22.717  2721  3376 D ChangeTransitionController:    ChangeInfo{6408db7 container=DefaultTaskDisplayArea_d0@182269126 flags=0x0}
01-24 16:34:22.717  2721  3376 D ChangeTransitionController:    ChangeInfo{7344924 container=Task{bdb56c6 #1909 type=standard A=10351:com.lightningstudio.watchrss} flags=0x0}
01-24 16:34:22.717  2721  3376 D ChangeTransitionController:    ChangeInfo{5644c8d container=Display{#0 state=ON size=466x466 ROTATION_0} flags=0x0}
01-24 16:34:22.717  2721  3376 D ChangeTransitionController: ]
01-24 16:34:22.717  2721  3376 D ChangeTransitionController: }
01-24 16:34:22.718  2721  3376 V WindowManager: Start calculating TransitionInfo based on participants: {ActivityRecord{73195227 u0 com.lightningstudio.watchrss/.MainActivity t-1}, ActivityRecord{146346668 u0 com.lightningstudio.watchrss/.ProfileActivity t1909 f}}}
01-24 16:34:22.718  2721  3376 V WindowManager:   Final targets: [ChangeInfo{1458cb6 container=ActivityRecord{146346668 u0 com.lightningstudio.watchrss/.ProfileActivity t1909 f}} flags=0x0}]
01-24 16:34:22.722  2721  3376 V WindowManager: Calling onTransitionReady: {id=27 t=OPEN f=0x0 trk=0 r=[0@Point(0, 0)] c=[
01-24 16:34:22.722  2721  3376 V WindowManager:         {m=CLOSE f=TRANSLUCENT|FILLS_TASK|IS_ACTIVITY|EDGE_EXTENSION_RESTRICTION leash=Surface(name=ActivityRecord{146346668 u0 com.lightningstudio.watchrss/.ProfileActivity t1909})/@0x361e855 sb=Rect(0, 0 - 466, 466) eb=Rect(0, 0 - 466, 466) epz=Point(466, 466) d=0 bc=ff1d2024 component=com.lightningstudio.watchrss/.ProfileActivity opt={t=FROM_STYLE mUserId=0} inset=Rect(0, 0 - 0, 0) taskIdForActivity=1909}
01-24 16:34:22.722  2721  3376 V WindowManager:     ]}
01-24 16:34:22.723  2721  3376 D PowerManagerService: [api] setPowerBoost(L) boost:0, durationMs:0, caller (uid: 1000 pid: 2721) <- m() in com.android.server.display.DisplayManagerService$BinderService$$ExternalSyntheticOutline0:1
01-24 16:34:22.724  4040  8664 V WindowManagerShell: onTransitionReady(transaction=11686606015123)
01-24 16:34:22.727  2721  3366 V WindowManager: Sent Transition (#27) createdAt=01-24 16:34:22.667 via request=TransitionRequestInfo { type = OPEN, triggerTask = TaskInfo{userId=0 taskId=1909 effectiveUid=10351 displayId=0 isRunning=true baseIntent=Intent { act=android.intent.action.MAIN cat=[android.intent.category.LAUNCHER] flg=0x10200000 cmp=com.lightningstudio.watchrss/.MainActivity } baseActivity=ComponentInfo{com.lightningstudio.watchrss/com.lightningstudio.watchrss.MainActivity} topActivity=ComponentInfo{com.lightningstudio.watchrss/com.lightningstudio.watchrss.MainActivity} origActivity=null realActivity=ComponentInfo{com.lightningstudio.watchrss/com.lightningstudio.watchrss.MainActivity} numActivities=1 lastActiveTime=173836741 supportsMultiWindow=true resizeMode=1 isResizeable=true minWidth=-1 minHeight=-1 maxWidth=-1 maxHeight=-1 defaultMinSize=220 desktopDefaultMinSize=304 token=WCT{RemoteToken{95ae76a Task{bdb56c6 #1909 type=standard A=10351:com.lightningstudio.watchrss}}} topActivityType=1 pictureInPictureParams=null shouldDockBigOverlays=false launchIntoPipHostTaskId=-1 lastParentTaskIdBeforePip=-1 displayCutoutSafeInsets=Rect(0, 0 - 0, 0) topActivityInfo=ActivityInfo{478773d com.lightningstudio.watchrss.MainActivity} launchCookies=[android.os.BinderProxy@decf9c2] positionInParent=Point(0, 0) parentTaskId=-1 isFocused=true isVisible=true isVisibleRequested=true isTopActivityNoDisplay=false isSleeping=false locusId=null displayAreaFeatureId=1 isTopActivityTransparent=false isActivityStackTransparent=false lastNonFullscreenBounds=Rect(128, 175 - 338, 385) capturedLink=null capturedLinkTimestamp=0 requestedVisibleTypes=-14 topActivityRequestOpenInBrowserEducationTimestamp=0 appCompatTaskInfo=AppCompatTaskInfo { topActivityInSizeCompat=false eligibleForLetterboxEducation= false isLetterboxEducationEnabled= false isLetterboxDoubleTapEnabled= false eligibleForUserAspectRatioButton= true topActivityBoundsLetterboxed= false isFromLetterboxDoubleTap= false topActivityLetterboxVerticalPosition= -1 topActivityLetterboxHorizontalPosition= -1 topActivityLetterboxWidth=-1 topActivityLetterboxHeight=-1 topActivityAppBounds=Rect(0, 0 - 466, 466) isUserFullscreenOverrideEnabled=false isSystemFullscreenOverrideEnabled=false hasMinAspectRatioOverride=false topActivityLetterboxBounds=null cameraCompatTaskInfo=CameraCompatTaskInfo { freeformCameraCompatMode=inactive} topActivityBounds=null topActivityInDisplayCompat=false singleTapFromLetterbox=false} topActivityMainWindowFrame=null originallySupportedMultiWindow=true hasWallpaper=false rootAffinity=10351:com.lightningstudio.watchrss isTopTaskInStage=false CoverLauncherWidgetTask=false LaunchedFromAppsCoverLauncherTask=false LaunchedFromMultistarCoverLauncherTask=false isAllowedSeamlessRotation=false isTopTransparentActivity=false isAliasManaged=false hasConfigChanged=false snappingGuideBounds=null isAiKeyRemoveAppTask=false lastDesktopWindowingBounds=null lastExternalDesktopWindowingBounds=null isTopFullScreenWindow=true isFullSizeWindow=trueisHandleImmersive=true safeCutoutInsets=Rect(-100000, -100000 - 100000, 100000)}, pipChange = null, remoteTransition = null, displayChange = null, flags = 0, debugId = 27 }
01-24 16:34:22.727  2721  3366 V WindowManager:     startWCT=WindowContainerTransaction { changes= {} hops= [] errorCallbackToken=null taskFragmentOrganizer=null }
01-24 16:34:22.727  2721  3366 V WindowManager:     info={id=27 t=OPEN f=0x0 trk=0 r=[0@Point(0, 0)] c=[
01-24 16:34:22.727  2721  3366 V WindowManager:         {m=CLOSE f=TRANSLUCENT|FILLS_TASK|IS_ACTIVITY|EDGE_EXTENSION_RESTRICTION leash=Surface(name=ActivityRecord{146346668 u0 com.lightningstudio.watchrss/.ProfileActivity t1909})/@0x361e855 sb=Rect(0, 0 - 466, 466) eb=Rect(0, 0 - 466, 466) epz=Point(466, 466) d=0 bc=ff1d2024 component=com.lightningstudio.watchrss/.ProfileActivity opt={t=FROM_STYLE mUserId=0} inset=Rect(0, 0 - 0, 0) taskIdForActivity=1909}
01-24 16:34:22.727  2721  3366 V WindowManager:     ]}
01-24 16:34:22.730  4040  4100 D WindowManagerShell: onActivityRestartAttempt: topActivity=ComponentInfo{com.lightningstudio.watchrss/com.lightningstudio.watchrss.MainActivity}, wasVisible=true
01-24 16:34:22.732  2721  4800 E UiModeManager: getPackageNightMode is not allowed for com.lightningstudio.watchrss
01-24 16:34:22.733  2721  3762 D BackgroundInstallControlService: Package event received: 0
01-24 16:34:22.736  6726 13940 I SDHMS:k : handleResumeComponent : put = com.lightningstudio.watchrss, userid = 0 instanceid =66614919
01-24 16:34:22.744  2721  3375 D SGM:FgCheckThread: noteResumeComponent(), received pkgName: com.lightningstudio.watchrss, userId: 0
01-24 16:34:22.745  2721  3627 D SGM:FgCheckThread: onLooperPrepared(), msg: MSG_APP_RESUME, pkgName: com.lightningstudio.watchrss, userid: 0
01-24 16:34:22.746  2721  3627 D SGM:FgCheckThread: handleResume().
01-24 16:34:22.746  2721  3748 I CocktailBarManagerServiceContainer: handleMessage: entry what = 5
01-24 16:34:22.746  2721  3627 D SGM:FgCheckThread: sendFocusOutConditionally() - mPrevNotiPkg: (unknown), userId: 0
01-24 16:34:22.746  2721  3627 D SGM:FgCheckThread:   handleResume(). pkgName: com.lightningstudio.watchrss, userId: 0, category: non-game
01-24 16:34:22.746  2721  3627 D SGM:FgCheckThread: notifyFocusInOut(). of pkg: com.lightningstudio.watchrss, type: 4, isSecGameFamily: false, userId: 0
01-24 16:34:22.746  2721  3627 D SGM:FgCheckThread:   notifyFocusInOut(). unexpected mPrevNotiType: -1
01-24 16:34:22.746  2721  3627 D SGM:SystemHelper: callReleaseBlock needReleaseBlock:false
01-24 16:34:22.746  2721  3748 I CocktailBarManagerServiceImpl: noteResumeComponent : no active host
01-24 16:34:22.748  4040  4100 V WindowManagerShell: onTransitionReady (#27) android.os.BinderProxy@9c1175d: {id=27 t=OPEN f=0x0 trk=0 r=[0@Point(0, 0)] c=[
01-24 16:34:22.748  4040  4100 V WindowManagerShell:         {m=CLOSE f=TRANSLUCENT|FILLS_TASK|IS_ACTIVITY|EDGE_EXTENSION_RESTRICTION leash=Surface(name=ActivityRecord{146346668 u0 com.lightningstudio.watchrss/.ProfileActivity t1909})/@0x21af8a0 sb=Rect(0, 0 - 466, 466) eb=Rect(0, 0 - 466, 466) epz=Point(466, 466) d=0 bc=ff1d2024 component=com.lightningstudio.watchrss/.ProfileActivity opt={t=FROM_STYLE mUserId=0} inset=Rect(0, 0 - 0, 0) taskIdForActivity=1909}
01-24 16:34:22.748  4040  4100 V WindowManagerShell:     ]}
01-24 16:34:22.748  4040  4100 V ShellDesktopMode: DesktopModeLogger: taskInfo map after processing changes 0
01-24 16:34:22.750  4040  4100 V WindowManagerShell: Playing animation for (#27) android.os.BinderProxy@9c1175d@0
01-24 16:34:22.750  4040  4100 V ShellRecents: RecentsTransitionHandler.startAnimation: no controller found
01-24 16:34:22.750  4040  4100 V ShellDesktopMode: DesktopMixedTransitionHandler: No pending desktop transition
01-24 16:34:22.750  4040  4100 V WindowManagerShell: Transition doesn't have explicit remote, search filters for match for {id=27 t=OPEN f=0x0 trk=0 r=[0@Point(0, 0)] c=[{m=CLOSE f=TRANSLUCENT|FILLS_TASK|IS_ACTIVITY|EDGE_EXTENSION_RESTRICTION leash=Surface(name=ActivityRecord{146346668 u0 com.lightningstudio.watchrss/.ProfileActivity t1909})/@0x21af8a0 sb=Rect(0, 0 - 466, 466) eb=Rect(0, 0 - 466, 466) epz=Point(466, 466) d=0 bc=ff1d2024 component=com.lightningstudio.watchrss/.ProfileActivity opt={t=FROM_STYLE mUserId=0} inset=Rect(0, 0 - 0, 0) taskIdForActivity=1909}]}
01-24 16:34:22.750  4040  4100 V WindowManagerShell:  Checking filter Pair{{types=[] flags=0x0] notFlags=0x100 checks=[{atype=home independent=true modes=[OPEN,TO_FRONT] flags=NONE mustBeTask=false order=TOP topActivity=ComponentInfo{com.sec.android.app.launcher/com.sec.android.app.launcher.Launcher} launchCookie=null windowingMode=undefined},{atype=recents independent=true modes=[CLOSE,TO_BACK] flags=NONE mustBeTask=false order=ANY topActivity=null launchCookie=null windowingMode=undefined}]} RemoteTransition { remoteTransition = android.window.IRemoteTransition$Stub$Proxy@be5efcd, appThread = android.app.IApplicationThread$Stub$Proxy@585c082, debugName = QuickstepLaunchHomeFromRecentsflags =NONE }}
01-24 16:34:22.750  4040  4100 V WindowManagerShell:  Checking filter Pair{{types=[] flags=0x0] notFlags=0x100 checks=[{atype=home independent=true modes=[OPEN,TO_FRONT] flags=NONE mustBeTask=false order=TOP topActivity=ComponentInfo{com.sec.android.app.launcher/com.sec.android.app.launcher.Launcher} launchCookie=null windowingMode=undefined},{atype=standard independent=true modes=[CLOSE,TO_BACK] flags=NONE mustBeTask=false order=ANY topActivity=null launchCookie=null windowingMode=undefined}]} RemoteTransition { remoteTransition = android.window.IRemoteTransition$Stub$Proxy@126c393, appThread = android.app.IApplicationThread$Stub$Proxy@3ca3fd0, debugName = QuickstepLaunchHomeflags =NONE }}
01-24 16:34:22.750  4040  4100 V WindowManagerShell:  Delegate animation for (#27) to null
01-24 16:34:22.750  4040  4100 V WindowManagerShell: start default transition animation, info = {id=27 t=OPEN f=0x0 trk=0 r=[0@Point(0, 0)] c=[{m=CLOSE f=TRANSLUCENT|FILLS_TASK|IS_ACTIVITY|EDGE_EXTENSION_RESTRICTION leash=Surface(name=ActivityRecord{146346668 u0 com.lightningstudio.watchrss/.ProfileActivity t1909})/@0x21af8a0 sb=Rect(0, 0 - 466, 466) eb=Rect(0, 0 - 466, 466) epz=Point(466, 466) d=0 bc=ff1d2024 component=com.lightningstudio.watchrss/.ProfileActivity opt={t=FROM_STYLE mUserId=0} inset=Rect(0, 0 - 0, 0) taskIdForActivity=1909}]}
01-24 16:34:22.752  2721  3620 V InputMethodManagerService: startInputOrWindowGainedFocusInternalLocked: reason=WINDOW_FOCUS_GAIN client=android.os.BinderProxy@d9d9f73 inputContext=null editorInfo=android.view.inputmethod.EditorInfo@aa0d39a startInputFlags=VIEW_HAS_FOCUS|INITIAL_CONNECTION softInputMode=STATE_UNSPECIFIED|ADJUST_RESIZE|IS_FORWARD_NAVIGATION windowFlags=#81810500 unverifiedTargetSdkVersion=34 bindingController=com.android.server.inputmethod.InputMethodBindingController@4526d4d imeDispatcher=android.window.ImeOnBackInvokedDispatcher@a0f34cb cs=ClientState{14fb866 mUid=10351 mPid=3330 mSelfReportedDisplayId=0} imeRequestedVisible=false
01-24 16:34:22.753  2721  3620 V InputMethodManagerService: setWindowStateInner, windowToken=android.os.BinderProxy@964ed5c, state=ImeTargetWindowState{ imeToken null imeFocusChanged true hasEditorFocused false requestedImeVisible false imeDisplayId 0 softInputModeState STATE_UNSPECIFIED|ADJUST_RESIZE|IS_FORWARD_NAVIGATION isStartInputByGainFocus true}
01-24 16:34:22.753  2721  3620 V InputMethodManagerService: Unspecified window will hide input
01-24 16:34:22.753  2721  3620 V InputMethodManagerService: applyImeVisibility state=6
01-24 16:34:22.754  2721  3620 D SemInputMethodManagerServiceUtil: restorePreviousUsedInputMethod : failed to return the previous ime becuase the stored info is null or do not need restore
01-24 16:34:22.754  2721  3620 V InputMethodManagerService: semComputeImeDisplayIdForTarget: displayToShowIme=0
01-24 16:34:22.755  2721  3620 V InputMethodManagerService: Creating new accessibility sessions for client ClientState{14fb866 mUid=10351 mPid=3330 mSelfReportedDisplayId=0}
01-24 16:34:22.755  2721  3620 D InputMethodManagerService: isImeSwitcherDisabledPackage : false
01-24 16:34:22.756  2721  3762 D BackgroundInstallControlService: Package event received: 0
01-24 16:34:22.756  2721  3762 D BackgroundInstallControlService: Package event received: 0
01-24 16:34:22.756  2721  3620 D InputMethodManagerService: shouldShowImeSwitcherLocked : checking vis : 3
01-24 16:34:22.757  2721  3375 I DisplayDeviceRepository: Display device changed render timings: "内置屏幕", renderFrameRate=120.00001, presentationDeadlineNanos=9333333, appVsyncOffsetNanos=8333333, frameRateOverrides=[{uid=10164 frameRateHz=120.00001}, {uid=10351 frameRateHz=120.00001}]
01-24 16:34:22.759  2721  3762 D BackgroundInstallControlService: Package event received: 0
01-24 16:34:22.760  2721  3762 D BackgroundInstallControlService: Package event received: 0
01-24 16:34:22.760  2721 19003 D PerProcessNandswap$NandswapHandler: nandswap start for non-activity com.samsung.android.app.aodservice(pid 7172) action:6 adj:100 type:2
01-24 16:34:22.760  2721  3762 D BackgroundInstallControlService: Package event received: 0
01-24 16:34:22.761  2721  5128 D ActivityManager: unpendingScheduleServiceRestart: u=10348, drop=false
01-24 16:34:22.762  2721  3762 D BackgroundInstallControlService: Package event received: 0
01-24 16:34:22.762  2721  3762 D BackgroundInstallControlService: Package event received: 0
01-24 16:34:22.765  2721  5126 D FreecessController: UFZ : bin.mt.plus(10348) [8340] reason: Binder(1)-android.accessibilityservice.IAccessibili
01-24 16:34:22.765  4040  4100 V WindowManagerShell: loadAnimation: anim=android.view.animation.AnimationSet@8cb70ff animAttr=0x7 type=CLOSE isEntrance=false
01-24 16:34:22.765  2721  3620 D InputMethodManagerService: checkDisplayOfStartInputAndUpdateKeyboard: displayId=0, mFocusedDisplayId=0
01-24 16:34:22.765  4040  4100 V WindowManagerShell:    wallpaperTransit=WALLPAPER_NONE translucent=true
01-24 16:34:22.765  4040  4100 V WindowManagerShell:    change={m=CLOSE f=TRANSLUCENT|FILLS_TASK|IS_ACTIVITY|EDGE_EXTENSION_RESTRICTION leash=Surface(name=ActivityRecord{146346668 u0 com.lightningstudio.watchrss/.ProfileActivity t1909})/@0x21af8a0 sb=Rect(0, 0 - 466, 466) eb=Rect(0, 0 - 466, 466) epz=Point(466, 466) d=0 bc=ff1d2024 component=com.lightningstudio.watchrss/.ProfileActivity opt={t=FROM_STYLE mUserId=0} inset=Rect(0, 0 - 0, 0) taskIdForActivity=1909}
01-24 16:34:22.767  2721  3933 D RestrictionPolicy: isScreenCaptureEnabled : ret=true userId=0
01-24 16:34:22.768  2721  3933 I WindowManager: Cancelling animation restarting=true, leash=Surface(name=Surface(name=17c56bc InputMethod)/@0x1fec154 - animation-leash of insets_animation)/@0x7db02d3
01-24 16:34:22.768  2721  3933 I WindowManager: Reparenting to original parent: Surface(name=WindowToken{560e468 type=2011 android.os.Binder@c853b8b})/@0x35818fd, destroy=false, surface=Surface(name=17c56bc InputMethod)/@0x1fec154
01-24 16:34:22.768  2721  5134 I PowerManagerService: [PWL] SetWakeLockEnableDisable uid = 10348 , disable= false
01-24 16:34:22.768  2721  5134 I PowerManagerService: [PWL] can not change uid =  10348
01-24 16:34:22.768  2721  3933 I WindowManager: Reparenting to leash, surface=Surface(name=17c56bc InputMethod)/@0x1fec154, leashParent=Surface(name=WindowToken{560e468 type=2011 android.os.Binder@c853b8b})/@0x35818fd
01-24 16:34:22.769  2721  3933 D WindowManager: makeSurface duration=0 leash=Surface(name=Surface(name=17c56bc InputMethod)/@0x1fec154 - animation-leash of insets_animation)/@0x61e3bf2
01-24 16:34:22.769  2721  3933 D InsetsSourceProvider: updateControlForTarget: control=InsetsSourceControl: {3 mType=ime mSurfacePosition=Point(0, 95) mInsetsHint=Insets{left=0, top=0, right=0, bottom=708}}, target=Window{1734865 u0 com.lightningstudio.watchrss/com.lightningstudio.watchrss.MainActivity}, from=com.android.server.wm.ImeInsetsSourceProvider.updateControlForTarget:17 com.android.server.wm.InsetsStateController.onControlTargetChanged:83 com.android.server.wm.DisplayContent.updateImeControlTarget:21 com.android.server.wm.DisplayContent.updateImeInputAndControlTarget:156 com.android.server.wm.WindowManagerService$LocalService.updateInputMethodTargetWindow:64 
01-24 16:34:22.775  4040  4100 V WindowManagerShell:  animated by com.android.wm.shell.transition.DefaultTransitionHandler@a988a80
01-24 16:34:22.782  2721  3762 D BackgroundInstallControlService: Package event received: 0
01-24 16:34:22.783  2721  3762 D BackgroundInstallControlService: Package event received: 0
01-24 16:34:22.783  2721  3762 D BackgroundInstallControlService: Package event received: 0
01-24 16:34:22.783  2721  3762 D BackgroundInstallControlService: Package event received: 0
01-24 16:34:22.799  2721 19003 D PerProcessNandswap$NandswapHandler: nandswap end for non-activity com.samsung.android.app.aodservice(pid 7172) ret:19052679168 adj:100
01-24 16:34:22.803  2721  3762 D BackgroundInstallControlService: Package event received: 0
01-24 16:34:22.803  2721  3762 D BackgroundInstallControlService: Package event received: 0
01-24 16:34:22.804  2721  3762 D BackgroundInstallControlService: Package event received: 0
01-24 16:34:22.810  2721  3375 V InputMethodManagerService: Client requesting input be hidden
01-24 16:34:22.810  2721  3375 V InputMethodManagerService: setWindowStateInner, windowToken=android.os.BinderProxy@964ed5c, state=ImeTargetWindowState{ imeToken android.os.Binder@1d0253e imeFocusChanged true hasEditorFocused false requestedImeVisible false imeDisplayId 0 softInputModeState STATE_UNSPECIFIED|ADJUST_RESIZE|IS_FORWARD_NAVIGATION isStartInputByGainFocus true}
01-24 16:34:22.813  2721  6902 W PackageConfigPersister: App-specific configuration not found for packageName: com.lightningstudio.watchrss and userId: 0
01-24 16:34:22.813  2721  3375 V InputMethodManagerService: hideCurrentInputLocked : canceled, shouldHideSoftInput=false, mInputShown=false, mImeWindowVis=0
01-24 16:34:22.815  6726 13688 I SDHMS:k : onTaskStackChanged
01-24 16:34:22.815  2721  3762 D BackgroundInstallControlService: Package event received: 0
01-24 16:34:22.815  2721  3762 D BackgroundInstallControlService: Package event received: 0
01-24 16:34:22.815  2721  3762 D BackgroundInstallControlService: Package event received: 0
01-24 16:34:22.815  2721  3762 D BackgroundInstallControlService: Package event received: 0
01-24 16:34:22.815  2721  3762 D BackgroundInstallControlService: Package event received: 0
01-24 16:34:22.815  2721  3762 D BackgroundInstallControlService: Package event received: 0
01-24 16:34:22.815  2721  3762 D BackgroundInstallControlService: Package event received: 0
01-24 16:34:22.815  2721  3762 D BackgroundInstallControlService: Package event received: 0
01-24 16:34:22.816  2721  3762 D BackgroundInstallControlService: Package event received: 0
01-24 16:34:22.817  2721  3762 D BackgroundInstallControlService: Package event received: 0
01-24 16:34:22.817  2721  3762 D BackgroundInstallControlService: Package event received: 0
01-24 16:34:22.817  2721  3762 D BackgroundInstallControlService: Package event received: 0
01-24 16:34:22.818  2721  3762 D BackgroundInstallControlService: Package event received: 0
01-24 16:34:22.818  2721  3762 D BackgroundInstallControlService: Package event received: 0
01-24 16:34:22.818  2721  3762 D BackgroundInstallControlService: Package event received: 0
01-24 16:34:22.818  2721  3762 D BackgroundInstallControlService: Package event received: 0
01-24 16:34:22.827  2721 19003 D PerProcessNandswap$NandswapHandler: nandswap start for non-activity com.getsurfboard(pid 25099) action:6 adj:100 type:2
01-24 16:34:22.884  4040  4100 V WindowManagerShell: Transition animation finished (aborted=false), notifying core (#27) android.os.BinderProxy@9c1175d@0
01-24 16:34:22.885  2721 19003 D PerProcessNandswap$NandswapHandler: nandswap end for non-activity com.getsurfboard(pid 25099) ret:19493834752 adj:100
01-24 16:34:22.886  2721  6902 V WindowManager: Finish Transition: TransitionRecord{bf19bea id=27 type=OPEN flags=0x0 c=[
01-24 16:34:22.886  2721  6902 V WindowManager:    ChangeInfo{8993c51 container=ActivityRecord{73195227 u0 com.lightningstudio.watchrss/.MainActivity t-1} flags=0x0}
01-24 16:34:22.886  2721  6902 V WindowManager:    ChangeInfo{1458cb6 container=ActivityRecord{146346668 u0 com.lightningstudio.watchrss/.ProfileActivity t1909 f}} flags=0x0}
01-24 16:34:22.886  2721  6902 V WindowManager:    ChangeInfo{6408db7 container=DefaultTaskDisplayArea_d0@182269126 flags=0x0}
01-24 16:34:22.886  2721  6902 V WindowManager:    ChangeInfo{7344924 container=Task{bdb56c6 #1909 type=standard A=10351:com.lightningstudio.watchrss} flags=0x0}
01-24 16:34:22.886  2721  6902 V WindowManager:    ChangeInfo{5644c8d container=Display{#0 state=ON size=466x466 ROTATION_0} flags=0x0}
01-24 16:34:22.886  2721  6902 V WindowManager: ]
01-24 16:34:22.886  2721  6902 V WindowManager: }, caller=com.android.server.wm.WindowOrganizerController.finishTransitionInner:31 com.android.server.wm.WindowOrganizerController.finishAllTransitions:60 android.window.IWindowOrganizerController$Stub.onTransact:283 
01-24 16:34:22.888  2721  3366 V WindowManager: Finish Transition (#27): created at 01-24 16:34:22.667 collect-started=1.225ms request-sent=16.756ms started=44.728ms ready=44.707ms sent=55.278ms commit=51.404ms finished=220.473ms
01-24 16:34:22.888  2721 19003 D PerProcessNandswap$NandswapHandler: nandswap start for non-activity com.samsung.android.multistar(pid 14057) action:6 adj:100 type:2
01-24 16:34:22.889  2721  6902 V WindowManager: Setting visibility of Window{c530ef3 u0 com.lightningstudio.watchrss/com.lightningstudio.watchrss.ProfileActivity}: false, caller=com.android.server.wm.WindowContainer.sendAppVisibilityToClients:19 com.android.server.wm.WindowToken.setClientVisible:48 com.android.server.wm.ActivityRecord.commitVisibility:186 com.android.server.wm.TransitionController.finishTransition:844 com.android.server.wm.WindowOrganizerController.finishTransitionInner:31 
01-24 16:34:22.891  2721  6902 D ChangeTransitionController: onTransitionFinished: TransitionRecord{bf19bea id=27 type=OPEN flags=0x0 c=[
01-24 16:34:22.891  2721  6902 D ChangeTransitionController:    ChangeInfo{8993c51 container=ActivityRecord{73195227 u0 com.lightningstudio.watchrss/.MainActivity t-1} flags=0x0}
01-24 16:34:22.891  2721  6902 D ChangeTransitionController:    ChangeInfo{1458cb6 container=ActivityRecord{146346668 u0 com.lightningstudio.watchrss/.ProfileActivity t1909 f}} flags=0x0}
01-24 16:34:22.891  2721  6902 D ChangeTransitionController:    ChangeInfo{6408db7 container=DefaultTaskDisplayArea_d0@182269126 flags=0x0}
01-24 16:34:22.891  2721  6902 D ChangeTransitionController:    ChangeInfo{7344924 container=Task{bdb56c6 #1909 type=standard A=10351:com.lightningstudio.watchrss} flags=0x0}
01-24 16:34:22.891  2721  6902 D ChangeTransitionController:    ChangeInfo{5644c8d container=Display{#0 state=ON size=466x466 ROTATION_0} flags=0x0}
01-24 16:34:22.891  2721  6902 D ChangeTransitionController: ]
01-24 16:34:22.891  2721  6902 D ChangeTransitionController: }
01-24 16:34:22.894  4040  4100 V WindowManagerShell: Track 0 became idle
01-24 16:34:22.894  4040  4100 V WindowManagerShell: All active transition animations finished
