01-24 16:50:43.062  1839 14446 V APM_AudioPolicyManager: setAppState(portId:52, state:2)
01-24 16:50:43.063  5792  5831 V OsAgent : broadcastSystemEvent - 7
01-24 16:50:43.064  2271 17099 I CameraService: onUidStateChanged: uid=10285, procState is changed. (3 -> 5)
01-24 16:50:43.064  1839 14446 V APM_AudioPolicyManager: setAppState(portId:52, state:2)
01-24 16:50:43.064  1839  1945 V APM_AudioPolicyManager: setAppState(portId:52, state:2)
01-24 16:50:43.065  1839  1945 V APM_AudioPolicyManager: setAppState(portId:52, state:2)
01-24 16:50:43.065  5792  5831 V OsAgent : broadcastSystemEvent - 7
01-24 16:50:43.065  5792  5831 V OsAgent : broadcastSystemEvent - 7
01-24 16:50:43.065  5792  5831 V OsAgent : broadcastSystemEvent - 7
01-24 16:50:43.124  1786 11772 W qdgralloc: getInterlacedFlag: getMetaData returned 3, defaulting to interlaced_flag = 0
01-24 16:50:43.125  1786 11772 W qdgralloc: getInterlacedFlag: getMetaData returned 3, defaulting to interlaced_flag = 0
01-24 16:50:43.138 11725 11751 D PipelineWatcher: onInputBufferReleased: frameIndex not found (591); ignored
01-24 16:50:43.217  1146  1146 D io_stats: !@   8,0 r 3133469 77489852 w 1311805 17975176 d 148090 93902396 f 63845 284354 iot 693896 0 th 0 0 0 pt 0 inp 0 0 21678.722
01-24 16:50:43.218  1146  1146 D io_stats: !@ Read_top(KB): encent.mobileqq(11930) 40764 kworker/u16:0(10006) 772 kworker/u16:5(8674) 256
01-24 16:50:43.219  1146  1146 D io_stats: !@ Write_top(KB): kworker/u16:0(10006) 2900 encent.mobileqq(11930) 312 m.omarea.vtools(8380) 80
01-24 16:50:43.225  1786 11772 W qdgralloc: getInterlacedFlag: getMetaData returned 3, defaulting to interlaced_flag = 0
01-24 16:50:43.225  1786 11772 W qdgralloc: getInterlacedFlag: getMetaData returned 3, defaulting to interlaced_flag = 0
01-24 16:50:43.237  2721  3385 I ActivityManager: Changes in 9510461 10 to 10, 0 to 128
01-24 16:50:43.237 11725 11751 D PipelineWatcher: onInputBufferReleased: frameIndex not found (592); ignored
01-24 16:50:43.239  1839 14446 V APM_AudioPolicyManager: setAppState(portId:52, state:2)
01-24 16:50:43.241  2721  3550 I ActivityManager: Changes in 9510461 10 to 10, 128 to 0
01-24 16:50:43.242  1839 14446 V APM_AudioPolicyManager: setAppState(portId:52, state:2)
01-24 16:50:43.259  2721  3600 D PowerManagerService: [api] userActivityFromNative : other, HOVER displayId=0 eventTime=21678761
01-24 16:50:43.285 11930 12267 E NativeFreesia: save no login hash: f9a4f12886bd574e6b26c90d329dd8e5_7598973971532095588_, 7598973971532095588
01-24 16:50:43.286 11930 12267 D FreesiaManager: Config receive success:true, noLogin:true, uin:000, size:0, listen:0
01-24 16:50:43.293 11930 12267 E NativeFreesia: silence
01-24 16:50:43.324  2721  6300 D SemWifiUsabilityStatsMonitor: onWifiUsabilityStats - seqNum 921, isSameBssidAndFreq true
01-24 16:50:43.326  2721  3788 I SemWifiLinkQualityMonitor: Link stat: 1107 / 234 / 1.03 (40) / 200 / -55.0 || 100.0 : 200.00 / 0.5 : 0.98 / 0.55 : 0.21 / G (G) || e90563b25620: 0.131 / 60.930 / N || N N / 0 0 / Y 2.0 / Y X 0 / 21678829 0 || Invalid
01-24 16:50:43.326  1786 11772 W qdgralloc: getInterlacedFlag: getMetaData returned 3, defaulting to interlaced_flag = 0
01-24 16:50:43.326  1786 11772 W qdgralloc: getInterlacedFlag: getMetaData returned 3, defaulting to interlaced_flag = 0
01-24 16:50:43.327  2721  3789 D InsDataManager: onOutageCountUpdate() - Outage Data: 0, LQ : Y. Outage Triggered: false
01-24 16:50:43.327  2721  3789 D InsDataManager: Trying to save initial normal data.
01-24 16:50:43.328  2721  3789 D SensorCollector: syncMappedBuffers: 0, 0, 0
01-24 16:50:43.328  2721  3789 D InsDataManager: trimBuffers start.
01-24 16:50:43.329  2721  3789 D InsDataManager: trimBuffers - nsmBuffer size: 26
01-24 16:50:43.329  2721  3789 D InsDataManager: Too short for collecting additional normal data
01-24 16:50:43.330  2721  3789 D SemInsManager: {"bssid": "e90563b25620","rssi": -55.0,"latency": 0.13129896907216493,"outage_count": 0,"lq_callback_triggered": true,"outage_log": "Link stat: 1107 / 234 / 1.03 (40) / 200 / -55.0 || 100.0 : 200.00 / 0.5 : 0.98 / 0.55 : 0.21 / G (G) || e90563b25620: 0.131 / 60.930 / N || N N / 0 0 / Y 2.0 / Y X 0 / 21678829 0 || Invalid""Magnetic Sensor Events size": "0""Pressure Sensor Events size": "0"}
01-24 16:50:43.332  2721  3806 D SGM:GameManager: identifyGamePackage. com.lightningstudio.watchrss, mCurrentUserId: 0, callingMethodInfo: com.samsung.android.game.SemGameManager.isGamePackage(SemGameManager.java:106)
01-24 16:50:43.332  2721  3806 D SGM:SemGameManager: isGamePackage(), pkgName=com.lightningstudio.watchrss, ret=false
01-24 16:50:43.338 11725 11751 D PipelineWatcher: onInputBufferReleased: frameIndex not found (593); ignored
01-24 16:50:43.340  1786 11763 D BufferPoolAccessor2.0: bufferpool2 0xb400007343606db8 : 7(4845568 size) total buffers - 5(3461120 size) used buffers - 591/598 (recycle/alloc) - 18/593 (fetch/transfer)
01-24 16:50:43.400  2721  3845 D NetdEventListenerService: DNS Requested by 100, 10202(com.google.audio.hearing.visualization.accessibility.scribe), 4(FAIL), isBlocked=true, 0ms
01-24 16:50:43.400   738   758 W NetworkConnectionChecke: Unknown host google.com
01-24 16:50:43.400   738   758 I NetworkConnectionChecke: Network connection: false
01-24 16:50:43.428  1786 11772 W qdgralloc: getInterlacedFlag: getMetaData returned 3, defaulting to interlaced_flag = 0
01-24 16:50:43.428  1786 11772 W qdgralloc: getInterlacedFlag: getMetaData returned 3, defaulting to interlaced_flag = 0
01-24 16:50:43.441 11725 11751 D PipelineWatcher: onInputBufferReleased: frameIndex not found (594); ignored
01-24 16:50:43.529  1786 11772 W qdgralloc: getInterlacedFlag: getMetaData returned 3, defaulting to interlaced_flag = 0
01-24 16:50:43.530  1786 11772 W qdgralloc: getInterlacedFlag: getMetaData returned 3, defaulting to interlaced_flag = 0
01-24 16:50:43.543 11725 11751 D PipelineWatcher: onInputBufferReleased: frameIndex not found (595); ignored
01-24 16:50:43.607  1854  1854 D SurfaceFlinger: GPIS:: requestGPISForClientComposition
01-24 16:50:43.608  2721  4856 E libprocessgroup: Failed to write '2-6' to /dev/cpuset/sf/cpus: Permission denied
01-24 16:50:43.617  1786 11772 W qdgralloc: getInterlacedFlag: getMetaData returned 3, defaulting to interlaced_flag = 0
01-24 16:50:43.617  1786 11772 W qdgralloc: getInterlacedFlag: getMetaData returned 3, defaulting to interlaced_flag = 0
01-24 16:50:43.622 11725 11751 D PipelineWatcher: onInputBufferReleased: frameIndex not found (596); ignored
01-24 16:50:43.630  1786 11772 W qdgralloc: getInterlacedFlag: getMetaData returned 3, defaulting to interlaced_flag = 0
01-24 16:50:43.631  1786 11772 W qdgralloc: getInterlacedFlag: getMetaData returned 3, defaulting to interlaced_flag = 0
01-24 16:50:43.634 11725 11751 D PipelineWatcher: onInputBufferReleased: frameIndex not found (597); ignored
01-24 16:50:43.647  1786 11772 W qdgralloc: getInterlacedFlag: getMetaData returned 3, defaulting to interlaced_flag = 0
01-24 16:50:43.648  1786 11772 W qdgralloc: getInterlacedFlag: getMetaData returned 3, defaulting to interlaced_flag = 0
01-24 16:50:43.651 11725 11751 D PipelineWatcher: onInputBufferReleased: frameIndex not found (598); ignored
01-24 16:50:43.748  1786 11772 W qdgralloc: getInterlacedFlag: getMetaData returned 3, defaulting to interlaced_flag = 0
01-24 16:50:43.749  1786 11772 W qdgralloc: getInterlacedFlag: getMetaData returned 3, defaulting to interlaced_flag = 0
01-24 16:50:43.760 11725 11751 D PipelineWatcher: onInputBufferReleased: frameIndex not found (599); ignored
01-24 16:50:43.849  1786 11772 W qdgralloc: getInterlacedFlag: getMetaData returned 3, defaulting to interlaced_flag = 0
01-24 16:50:43.849  1786 11772 W qdgralloc: getInterlacedFlag: getMetaData returned 3, defaulting to interlaced_flag = 0
01-24 16:50:43.861 11725 11751 D PipelineWatcher: onInputBufferReleased: frameIndex not found (600); ignored
01-24 16:50:43.886  2721  3455 D PowerManagerService: UserActivityStateListenerState: 0
01-24 16:50:43.901  1537  1998 V MSF.C.MSFCore[@PS]: [Event] MSFPacketStatistics.cpp(300)::DoCheckRequestTimeout->current rtts:357.000
01-24 16:50:43.905  1537  2007 V MSF.C.MSFCore[@DD]: [Event] MSFDDNetworkEngine.cpp(179)::onTcpInfoUpdate->onTcpInfoUpdate:
01-24 16:50:43.905  1537  2007 V MSF.C.MSFCore[@DD]:                      tcpi_state = 1;
01-24 16:50:43.905  1537  2007 V MSF.C.MSFCore[@DD]:                      tcpi_ca_state = 0;
01-24 16:50:43.905  1537  2007 V MSF.C.MSFCore[@DD]:                      tcpi_rto = 908 ms;
01-24 16:50:43.905  1537  2007 V MSF.C.MSFCore[@DD]:                      tcpi_unacked = 0;
01-24 16:50:43.905  1537  2007 V MSF.C.MSFCore[@DD]:                      tcpi_rttcur = 302 ms;
01-24 16:50:43.905  1537  2007 V MSF.C.MSFCore[@DD]:                      tcpi_rttvar = 151 ms;
01-24 16:50:43.905  1537  2007 V MSF.C.MSFCore[@DD]:                      tcpi_bytes_retrans = 0 bytes;
01-24 16:50:43.905  1537  2007 V MSF.C.MSFCore[@DD]:                      tcpi_notsent_bytes = 0 bytes;
01-24 16:50:43.905  1537  2007 V MSF.C.MSFCore[@DD]:                      tcpi_bytes_received = 30 bytes;
01-24 16:50:43.905  1537  2007 V MSF.C.MSFCore[@DD]:                      tcpi_bytes_sent = 20 bytes 
01-24 16:50:43.905  1537  2007 V MSF.C.MSFCore[@DD]:                      tcpi_last_data_sent = 7700 ms 
01-24 16:50:43.905  1537  2007 V MSF.C.MSFCore[@DD]:                      tcpi_last_data_recv = 7396 ms 
01-24 16:50:43.909  1849  1868 E HeatmapThread: ECT Thread time in milliseconds: 1769291443
01-24 16:50:43.914  1849  1868 D HeatmapThread: !@ batteryplugType : 2
01-24 16:50:43.915  1849  1868 D HeatmapThread: !@ batteryLevel : 28  batteryTemperature : 266 
01-24 16:50:43.915  1849  1868 D HeatmapThread: !@ Heatmap currtime: 29488190
01-24 16:50:43.915  1849  1868 D HeatmapThread: !@ Heatmap prevtime: 29488176
01-24 16:50:43.915  1849  1868 D HeatmapThread: !@ Heatmap plugstarttime: 29488180
01-24 16:50:43.915  1849  1868 D HeatmapThread: !@ Heatmap prevv_dsoh_update_time: 29485277
01-24 16:50:43.916  1849  1868 E HeatmapThread: !@ CAM New BSOH: 96
01-24 16:50:43.950  1786 11772 W qdgralloc: getInterlacedFlag: getMetaData returned 3, defaulting to interlaced_flag = 0
01-24 16:50:43.950  1786 11772 W qdgralloc: getInterlacedFlag: getMetaData returned 3, defaulting to interlaced_flag = 0
01-24 16:50:43.963 11725 11751 D PipelineWatcher: onInputBufferReleased: frameIndex not found (601); ignored
01-24 16:50:43.967  2721  5134 I NSLocationMonitor: getGPSUsingApps() called
01-24 16:50:43.968  5138  5211 I NSLocationManager_FLP: getGPSUsingApps, No change
01-24 16:50:43.971  2721  5134 W Binder  : Outgoing transactions from this process must be FLAG_ONEWAY
01-24 16:50:43.971  2721  5134 W Binder  : java.lang.Throwable
01-24 16:50:43.971  2721  5134 W Binder  : 	at android.os.BinderProxy.transact(BinderProxy.java:566)
01-24 16:50:43.971  2721  5134 W Binder  : 	at android.bluetooth.IBluetoothGatt$Stub$Proxy.getAdvertisingSetUids(IBluetoothGatt.java:1678)
01-24 16:50:43.971  2721  5134 W Binder  : 	at android.bluetooth.BluetoothAdapter.getAdvertisingSetUids(BluetoothAdapter.java:8476)
01-24 16:50:43.971  2721  5134 W Binder  : 	at android.bluetooth.BluetoothAdapter.getHWUsingApps(BluetoothAdapter.java:1342)
01-24 16:50:43.971  2721  5134 W Binder  : 	at com.android.server.am.mars.filter.filter.BlueToothConnectedFilter.updateBTUsingPackages(qb/103297287 9c8e387799c3b8ab5d7ef4f20fa6bb3bf6952b51c052d40bb2d3ef94539fb732:22)
01-24 16:50:43.971  2721  5134 W Binder  : 	at com.android.server.am.FreecessController.freeze(qb/103297287 9c8e387799c3b8ab5d7ef4f20fa6bb3bf6952b51c052d40bb2d3ef94539fb732:117)
01-24 16:50:43.971  2721  5134 W Binder  : 	at com.android.server.am.FreecessHandler$MainHandler.handleLcdOnFreeze(qb/103297287 9c8e387799c3b8ab5d7ef4f20fa6bb3bf6952b51c052d40bb2d3ef94539fb732:55)
01-24 16:50:43.971  2721  5134 W Binder  : 	at com.android.server.am.FreecessHandler$MainHandler.handleMessage(qb/103297287 9c8e387799c3b8ab5d7ef4f20fa6bb3bf6952b51c052d40bb2d3ef94539fb732:793)
01-24 16:50:43.971  2721  5134 W Binder  : 	at android.os.Handler.dispatchMessage(Handler.java:110)
01-24 16:50:43.971  2721  5134 W Binder  : 	at android.os.Looper.loopOnce(Looper.java:273)
01-24 16:50:43.971  2721  5134 W Binder  : 	at android.os.Looper.loop(Looper.java:363)
01-24 16:50:43.971  2721  5134 W Binder  : 	at android.os.HandlerThread.run(HandlerThread.java:85)
01-24 16:50:43.973 11962 11962 I VRI[MainActivity]@5e9b1b: call setFrameRateCategory for touch hint category=no preference, reason=boost timeout, vri=VRI[MainActivity]@5e9b1b
01-24 16:50:43.981  1854  1854 I SurfaceFlinger: [com.lightningstudio.watchrss/com.lightningstudio.watchrss.MainActivity$_11962#757] setFrameRateCategory: NoPreference
01-24 16:50:43.987  2721  5134 D FreecessController: FZ : bin.mt.plus(10348) [8340] reason: Bg [cached:X
01-24 16:50:43.987  2721  5134 D FreecessHandler: freeze bin.mt.plus(10348) result : 0
01-24 16:50:43.988  2721  5134 W LocationManagerService: onFreezeStateChanged, uid[10348]=true
01-24 16:50:43.988  2721  5134 I PowerManagerService: [PWL] SetWakeLockEnableDisable uid = 10348 , disable= true
01-24 16:50:43.988  2721  5134 I PowerManagerService: [PWL] can not change uid =  10348
01-24 16:50:44.002  2721  6691 E TaskPersister: File error accessing recents directory (directory doesn't exist?).
01-24 16:50:44.002  2721  6691 E TaskPersister: File error accessing recents directory (directory doesn't exist?).
01-24 16:50:44.002  2721  6691 E TaskPersister: File error accessing recents directory (directory doesn't exist?).
01-24 16:50:44.004 11725 11746 D BufferPoolAccessor2.0: bufferpool2 0xb400006d4575f728 : 5(19200 size) total buffers - 4(15360 size) used buffers - 2300/2305 (recycle/alloc) - 7/4601 (fetch/transfer)
01-24 16:50:44.028  2492 11753 D BufferPoolAccessor2.0: bufferpool2 0xb400006f73958318 : 3(7500 size) total buffers - 1(3000 size) used buffers - 2300/2303 (recycle/alloc) - 5/2301 (fetch/transfer)
01-24 16:50:44.051  1786 11772 W qdgralloc: getInterlacedFlag: getMetaData returned 3, defaulting to interlaced_flag = 0
01-24 16:50:44.052  1786 11772 W qdgralloc: getInterlacedFlag: getMetaData returned 3, defaulting to interlaced_flag = 0
01-24 16:50:44.064 11725 11751 D PipelineWatcher: onInputBufferReleased: frameIndex not found (602); ignored
01-24 16:50:44.081  1854  2204 I VSyncReactor: Current= 120, Period= 120, Distance= 1
01-24 16:50:44.090  1854  2204 I VSyncReactor: Current= 120, Period= 120, Distance= 120
01-24 16:50:44.134  2721  3550 I BatteryService_BatteryPropertiesRegistrar: [getProperty]id:2
01-24 16:50:44.135  2721  3550 I BatteryService_BatteryPropertiesRegistrar: [getProperty]prop.long:-9223372036854775808 ,prop.string:null
01-24 16:50:44.154  1786 11772 W qdgralloc: getInterlacedFlag: getMetaData returned 3, defaulting to interlaced_flag = 0
01-24 16:50:44.154  1786 11772 W qdgralloc: getInterlacedFlag: getMetaData returned 3, defaulting to interlaced_flag = 0
01-24 16:50:44.166 11725 11751 D PipelineWatcher: onInputBufferReleased: frameIndex not found (603); ignored
01-24 16:50:44.253  1786 11772 W qdgralloc: getInterlacedFlag: getMetaData returned 3, defaulting to interlaced_flag = 0
01-24 16:50:44.253  1786 11772 W qdgralloc: getInterlacedFlag: getMetaData returned 3, defaulting to interlaced_flag = 0
01-24 16:50:44.265 11725 11751 D PipelineWatcher: onInputBufferReleased: frameIndex not found (604); ignored
01-24 16:50:44.274  1854  1854 D SurfaceFlinger: GPIS:: requestGPISForClientComposition
01-24 16:50:44.275  2721  3550 E libprocessgroup: Failed to write '2-6' to /dev/cpuset/sf/cpus: Permission denied
01-24 16:50:44.277  2721  3600 D PowerManagerService: [api] userActivityFromNative : other, HOVER displayId=0 eventTime=21679779
01-24 16:50:44.282  1854  5052 D NativeSemDvfsManager: acquire:: timeout = 2000 mIsAcquired = 1  mTagName : SurfaceFlinger 
01-24 16:50:44.282  1786 11772 W qdgralloc: getInterlacedFlag: getMetaData returned 3, defaulting to interlaced_flag = 0
01-24 16:50:44.282  1854  5052 E NativeCustomFrequencyManager: [NativeCFMS] BpCustomFrequencyManager::acquire()
01-24 16:50:44.282  1786 11772 W qdgralloc: getInterlacedFlag: getMetaData returned 3, defaulting to interlaced_flag = 0
01-24 16:50:44.283  1749  1777 I HYPER-HAL: [RequestManager.cpp]acquire(): Acquired ID : 4075085  [1854 / 1000]    HINT : SF_GPU_MINLOCK    list : [TIMEOUT / 2000] 
01-24 16:50:44.287 11725 11751 D PipelineWatcher: onInputBufferReleased: frameIndex not found (605); ignored
01-24 16:50:44.298  1786 11772 W qdgralloc: getInterlacedFlag: getMetaData returned 3, defaulting to interlaced_flag = 0
01-24 16:50:44.299  1786 11772 W qdgralloc: getInterlacedFlag: getMetaData returned 3, defaulting to interlaced_flag = 0
01-24 16:50:44.301 11725 11751 D PipelineWatcher: onInputBufferReleased: frameIndex not found (606); ignored
01-24 16:50:44.312  2721  3905 I Pageboost: Launcher App Execution
01-24 16:50:44.314  1786 11772 W qdgralloc: getInterlacedFlag: getMetaData returned 3, defaulting to interlaced_flag = 0
01-24 16:50:44.315  1786 11772 W qdgralloc: getInterlacedFlag: getMetaData returned 3, defaulting to interlaced_flag = 0
01-24 16:50:44.318 11725 11751 D PipelineWatcher: onInputBufferReleased: frameIndex not found (607); ignored
01-24 16:50:44.402   738   758 W NetworkConnectionChecke: Unknown host google.com
01-24 16:50:44.403   738   758 I NetworkConnectionChecke: Network connection: false
01-24 16:50:44.416  1786 11772 W qdgralloc: getInterlacedFlag: getMetaData returned 3, defaulting to interlaced_flag = 0
01-24 16:50:44.417  1786 11772 W qdgralloc: getInterlacedFlag: getMetaData returned 3, defaulting to interlaced_flag = 0
01-24 16:50:44.428 11725 11751 D PipelineWatcher: onInputBufferReleased: frameIndex not found (608); ignored
01-24 16:50:44.466  1729  5590 I vendor.qti.bluetooth@1.1-ibs_handler: ProcessIbsCmd: Received IBS_WAKE_IND: 0xFD
01-24 16:50:44.466  1729  5590 D vendor.qti.bluetooth@1.1-ibs_handler: SerialClockVote: vote for UART CLK ON
01-24 16:50:44.467  1729  5590 D vendor.qti.bluetooth@1.1-wake_lock: Acquire wakelock is acquired 
01-24 16:50:44.467  1729  5590 I vendor.qti.bluetooth@1.1-ibs_handler: ProcessIbsCmd: Writing IBS_WAKE_ACK
01-24 16:50:44.477  4272  5614 I ScanController: onScanResult to scannerId: 6- eventType=0x1b, addressType=1, address=XX:XX:XX:XX:9C:DC, primaryPhy=1, secondaryPhy=0, advertisingSid=0xff, txPower=127, rssi=-58, periodicAdvInt=0x0
01-24 16:50:44.480  6051  7342 I NearbyDiscovery: (REDACTED) BloomFilterAdvManager: Detected bloom filter but too far away, ignoring. %sm, %s
01-24 16:50:44.499  4272  5614 I ScanController: onScanResult to scannerId: 7- eventType=0x1a, addressType=1, address=XX:XX:XX:XX:18:4C, primaryPhy=1, secondaryPhy=0, advertisingSid=0xff, txPower=127, rssi=-67, periodicAdvInt=0x0
01-24 16:50:44.516  1786 11772 W qdgralloc: getInterlacedFlag: getMetaData returned 3, defaulting to interlaced_flag = 0
01-24 16:50:44.517  1786 11772 W qdgralloc: getInterlacedFlag: getMetaData returned 3, defaulting to interlaced_flag = 0
01-24 16:50:44.528 11725 11751 D PipelineWatcher: onInputBufferReleased: frameIndex not found (609); ignored
01-24 16:50:44.537  1729  5590 I vendor.qti.bluetooth@1.1-ibs_handler: ProcessIbsCmd: Received IBS_SLEEP_IND: 0xFE
01-24 16:50:44.537  1729  5590 D vendor.qti.bluetooth@1.1-ibs_handler: SerialClockVote: vote for UART CLK OFF
01-24 16:50:44.617  1786 11772 W qdgralloc: getInterlacedFlag: getMetaData returned 3, defaulting to interlaced_flag = 0
01-24 16:50:44.618  1786 11772 W qdgralloc: getInterlacedFlag: getMetaData returned 3, defaulting to interlaced_flag = 0
01-24 16:50:44.630 11725 11751 D PipelineWatcher: onInputBufferReleased: frameIndex not found (610); ignored
01-24 16:50:44.635  1729  5590 I vendor.qti.bluetooth@1.1-ibs_handler: ProcessIbsCmd: Received IBS_WAKE_IND: 0xFD
01-24 16:50:44.635  1729  5590 D vendor.qti.bluetooth@1.1-ibs_handler: SerialClockVote: vote for UART CLK ON
01-24 16:50:44.635  1729  5590 I vendor.qti.bluetooth@1.1-ibs_handler: ProcessIbsCmd: Writing IBS_WAKE_ACK
01-24 16:50:44.643  4272  5614 I ScanController: onScanResult to scannerId: 6- eventType=0x1b, addressType=1, address=XX:XX:XX:XX:4D:5C, primaryPhy=1, secondaryPhy=0, advertisingSid=0xff, txPower=127, rssi=-74, periodicAdvInt=0x0
01-24 16:50:44.665  2721  3762 D BackgroundInstallControlService: Package event received: 0
01-24 16:50:44.680  1729  5590 I vendor.qti.bluetooth@1.1-ibs_handler: ProcessIbsCmd: Received IBS_SLEEP_IND: 0xFE
01-24 16:50:44.680  1729  5590 D vendor.qti.bluetooth@1.1-ibs_handler: SerialClockVote: vote for UART CLK OFF
01-24 16:50:44.699  2721  3762 D BackgroundInstallControlService: Package event received: 0
01-24 16:50:44.719  1786 11772 W qdgralloc: getInterlacedFlag: getMetaData returned 3, defaulting to interlaced_flag = 0
01-24 16:50:44.719  1786 11772 W qdgralloc: getInterlacedFlag: getMetaData returned 3, defaulting to interlaced_flag = 0
01-24 16:50:44.732 11725 11751 D PipelineWatcher: onInputBufferReleased: frameIndex not found (611); ignored
01-24 16:50:44.741  2721  3589 D ActivityManager: Received BROADCAST intent 0xb51627f Key{broadcastIntent pkg=com.android.bluetooth intent=act=com.android.bluetooth.gatt.REFRESH_BATCHED_SCAN xflg=0x4 flags=0x4000000 u=0} requestCode=0 sent=0 from uid 1000
01-24 16:50:44.745  4272  5648 I bt_shim_scanner: system/main/shim/le_scanning_manager.cc:418 BatchscanReadReports: in shim layer
01-24 16:50:44.746  1729  1729 D vendor.qti.bluetooth@1.1-ibs_handler: SerialClockVote: vote for UART CLK ON
01-24 16:50:44.746  1729  1729 I vendor.qti.bluetooth@1.1-ibs_handler: DeviceWakeUp: Writing IBS_WAKE_IND
01-24 16:50:44.752  1729  5590 I vendor.qti.bluetooth@1.1-ibs_handler: ProcessIbsCmd: Received IBS_WAKE_ACK: 0xFC
01-24 16:50:44.752  1729  5590 I vendor.qti.bluetooth@1.1-ibs_handler: ProcessIbsCmd: Signal wack_cond_
01-24 16:50:44.753  1729  1729 D vendor.qti.bluetooth@1.1-ibs_handler: DeviceWakeUp: Unblocked from waiting for FC, pthread_cond_timedwait ret = 0
01-24 16:50:44.754  1729  5590 I vendor.qti.bluetooth@1.1-ibs_handler: ProcessIbsCmd: Received IBS_WAKE_IND: 0xFD
01-24 16:50:44.754  1729  5590 I vendor.qti.bluetooth@1.1-ibs_handler: ProcessIbsCmd: Writing IBS_WAKE_ACK
01-24 16:50:44.764  8380  9483 I NotificationManager: com.omarea.vtools: notify(256, null, Notification(channel=scene-scheduler shortcut=null contentView=com.omarea.vtools/0x7f0d00ca vibrate=null sound=null defaults=0 flags=ONGOING_EVENT|NO_CLEAR|FOREGROUND_SERVICE color=0x00000000 groupKey=silent vis=PRIVATE semFlags=0x0 semPriority=0 semMissedCount=0)) as user
01-24 16:50:44.808  1729  5590 I vendor.qti.bluetooth@1.1-ibs_handler: ProcessIbsCmd: Received IBS_SLEEP_IND: 0xFE
01-24 16:50:44.820  1786 11772 W qdgralloc: getInterlacedFlag: getMetaData returned 3, defaulting to interlaced_flag = 0
01-24 16:50:44.821  1786 11772 W qdgralloc: getInterlacedFlag: getMetaData returned 3, defaulting to interlaced_flag = 0
01-24 16:50:44.834 11725 11751 D PipelineWatcher: onInputBufferReleased: frameIndex not found (612); ignored
01-24 16:50:44.859 11930 11930 I LocalFocusServiceImpl: reportAfterQQLogin start
01-24 16:50:44.863 11930 11930 I LocalFocusServiceImpl: reportAfterQQLogin peer: GProContact{chatType=4,peerUid=0,guildId=0,} msgTabFocus: true activeStatus: 2
01-24 16:50:44.864 11930 11930 I LocalFocusServiceImpl: reportAfterQQLogin onFocusOnGuildChange: false
01-24 16:50:44.864 11930 12044 D GuardManager: isGuardNotifyKernel:false
01-24 16:50:44.864 11930 12044 D mqq     : RuntimeService instance onCreate, com.tencent.qqnt.kernel.api.impl.KernelServiceImpl, 29432230
01-24 16:50:44.864 11930 12044 I LocalFocusServiceImpl: handleSwitchForeground activeStatus:2
01-24 16:50:44.865 11930 12044 D mqq     : RuntimeService instance onCreate, com.tencent.mobileqq.guild.guildtab.impl.GuildUserServiceImpl, 158282301
01-24 16:50:44.866 11930 12044 D TabMMKVManager: isMigrate: true
01-24 16:50:44.868 11930 12044 W QMMKV   : mmkvcache retrieveMMKV null, createNewOne:true cost: 1ms guild_mmkv_configurations = 232073778
01-24 16:50:44.877 11930 12044 D mqq     : RuntimeService instance onCreate, com.tencent.mobileqq.qqguildsdk.api.impl.GProSessionImpl, 55605504
01-24 16:50:44.878 11930 12044 I GProSessionImpl: onCreate session=55605504
01-24 16:50:44.878 11930 12044 I GProServiceContent: create this=69317945
01-24 16:50:44.901  1537  1998 V MSF.C.MSFCore[@PS]: [Event] MSFPacketStatistics.cpp(300)::DoCheckRequestTimeout->current rtts:357.000
01-24 16:50:44.909  1849  1868 E HeatmapThread: ECT Thread time in milliseconds: 1769291444
01-24 16:50:44.914  1849  1868 D HeatmapThread: !@ batteryplugType : 2
01-24 16:50:44.915  1849  1868 D HeatmapThread: !@ batteryLevel : 28  batteryTemperature : 266 
01-24 16:50:44.915  1849  1868 D HeatmapThread: !@ Heatmap currtime: 29488190
01-24 16:50:44.915  1849  1868 D HeatmapThread: !@ Heatmap prevtime: 29488176
01-24 16:50:44.916  1849  1868 D HeatmapThread: !@ Heatmap plugstarttime: 29488180
01-24 16:50:44.916  1849  1868 D HeatmapThread: !@ Heatmap prevv_dsoh_update_time: 29485277
01-24 16:50:44.916  1849  1868 E HeatmapThread: !@ CAM New BSOH: 96
01-24 16:50:44.920  1786 11772 W qdgralloc: getInterlacedFlag: getMetaData returned 3, defaulting to interlaced_flag = 0
01-24 16:50:44.920  1786 11772 W qdgralloc: getInterlacedFlag: getMetaData returned 3, defaulting to interlaced_flag = 0
01-24 16:50:44.933 11725 11751 D PipelineWatcher: onInputBufferReleased: frameIndex not found (613); ignored
01-24 16:50:44.977  2721  2721 I Telecom : SamsungTelecomServiceImpl : isInManagedCall - callingPackage : android / callingUser : UserHandle{0} / hasCrossUserAccess : true
01-24 16:50:44.978  2721  3385 I ActivityManager: Changes in 10461 10 to 10, 0 to 128
01-24 16:50:44.980  1839 14446 V APM_AudioPolicyManager: setAppState(portId:52, state:2)
01-24 16:50:44.980 17681 17734 I dxli    : (REDACTED) appOpsListener %s %s
01-24 16:50:44.982 17681 17734 I dxli    : (REDACTED) Ignoring irrelevant audio permission changes for package %s
01-24 16:50:44.982  2721  4856 I ActivityManager: Changes in 10461 10 to 10, 128 to 0
01-24 16:50:44.982  5138  5212 I RequestManager_FLP: onOpChanged, op=0 / packageName=com.tencent.mm
01-24 16:50:44.982  2721  2721 W BitmapFactory: Null Options, creating a new one.
01-24 16:50:44.983  1839 14446 V APM_AudioPolicyManager: setAppState(portId:52, state:2)
01-24 16:50:45.008  4528  9255 I HoneySpace.NotificationListener: onNotificationPosted com.omarea.vtools: 0|com.omarea.vtools|256|null|10435: 0
01-24 16:50:45.008  4528  9255 I HoneySpace.NotificationListener: invalid notification: com.omarea.vtools UserHandle{0}: canShowBadge is false
01-24 16:50:45.009  4528 11608 I HoneySpace.PackageEventOperator: [WorkspaceViewModel] badge count is updated. com.omarea.vtools/.activities.ActivityMain#UserHandle{0}|17 : 0
01-24 16:50:45.012  4528 11609 I HoneySpace.PackageEventOperator: [VerticalApplistViewModel] badge count is updated. com.omarea.vtools/.activities.ActivityMain#UserHandle{0}|167 : 0
01-24 16:50:45.022  1786 11772 W qdgralloc: getInterlacedFlag: getMetaData returned 3, defaulting to interlaced_flag = 0
01-24 16:50:45.023  1786 11772 W qdgralloc: getInterlacedFlag: getMetaData returned 3, defaulting to interlaced_flag = 0
01-24 16:50:45.024  4040  4040 I LockscreenNotificationIconsOnlyController: onNotificationInfoUpdated 0
01-24 16:50:45.025  4040  4040 I AODNotificationManager: updateNotification() 
01-24 16:50:45.032  1854  1933 I VSyncReactor: Current= 120, Period= 120, Distance= 1
01-24 16:50:45.032  1854  1854 D SurfaceFlinger: GPIS:: requestGPISForClientComposition
01-24 16:50:45.033  2721  3550 E libprocessgroup: Failed to write '2-6' to /dev/cpuset/sf/cpus: Permission denied
01-24 16:50:45.038 11725 11751 D PipelineWatcher: onInputBufferReleased: frameIndex not found (614); ignored
01-24 16:50:45.040  1854  1933 I VSyncReactor: Current= 120, Period= 120, Distance= 120
01-24 16:50:45.124  1786 11772 W qdgralloc: getInterlacedFlag: getMetaData returned 3, defaulting to interlaced_flag = 0
01-24 16:50:45.124  1786 11772 W qdgralloc: getInterlacedFlag: getMetaData returned 3, defaulting to interlaced_flag = 0
01-24 16:50:45.137 11725 11751 D PipelineWatcher: onInputBufferReleased: frameIndex not found (615); ignored
01-24 16:50:45.205  2721  3601 D InputReader: Btn_touch(4): value=1 when=21680.709912
01-24 16:50:45.205  2721  3601 I InputReader: Touch event's action is 0x0 (id=10, t=0) [pCnt=1, s=0.163 ] when=21680.709912
01-24 16:50:45.207  2721  2721 D PowerManagerService: [api] userActivity : other (uid: 1000 pid: 2721) <- onInputEvent() in com.android.server.accessibility.AccessibilityInputFilter:427 displayId=0 eventTime=21680709
01-24 16:50:45.207  2721  2721 D InputDispatcher: Inject motion (0/0): action=0x0, time=21680709912000, f=0x0, d=0 dsdx=0.251078 dtdx=-0.000000
01-24 16:50:45.208  2721  3600 I InputDispatcher: Delivering touch to (4528): action: 0x4, f=0x0, d=0, 'a9c8494', t=1 
01-24 16:50:45.209  2721  3600 I InputDispatcher: Delivering touch to (4040): action: 0x4, f=0x0, d=0, '6e96ed2', t=1 
01-24 16:50:45.209  2721  3600 I InputDispatcher: Canceling pointers for device 10 in 1dd1b8a com.lightningstudio.watchrss/com.lightningstudio.watchrss.ProfileActivity with event MotionEvent
01-24 16:50:45.209  4528  4528 I HoneySpace.TaskbarView@138592109: operateTouchOutside()
01-24 16:50:45.209  4528  4528 I HoneySpace.TaskbarView@138592109: animateShowHide() show = [false -> false] force = false, progress = 0.0, last requested = false, immediate = false
01-24 16:50:45.209  2721  3600 I InputDispatcher: Delivering touch to (11962): action: 0xa, f=0x0, d=0, '1dd1b8a', t=3 +(0,-38)*(0.25)
01-24 16:50:45.209  4528  4528 I HoneySpace.TaskbarControllerImpl@OneUI: updateTaskbarState() : floatingTaskbarState:Hidden
01-24 16:50:45.209  4040  4040 D Bubbles : onEntryUpdated : shouldBubbleUp=false ,key=0|com.omarea.vtools|256|null|10435
01-24 16:50:45.209  2721  3600 I InputDispatcher: Delivering touch to (11962): action: 0x0, f=0x0, d=0, '1dd1b8a', t=1 +(0,-38)*(0.25)
01-24 16:50:45.209  2721  3600 I InputDispatcher: Canceling pointers for device 10 in [Gesture Monitor] secinputdev with event MotionEvent
01-24 16:50:45.209  2721  3600 I InputDispatcher: Canceling pointers for device 10 in [Gesture Monitor] EOHGestureManager with event MotionEvent
01-24 16:50:45.209  2721  3600 I InputDispatcher: Canceling pointers for device 10 in [Gesture Monitor] PalmMotion with event MotionEvent
01-24 16:50:45.210  2721  3600 I InputDispatcher: Canceling pointers for device 10 in [Gesture Monitor] swipe-up with event MotionEvent
01-24 16:50:45.210  2721  3600 I InputDispatcher: Canceling pointers for device 10 in [Gesture Monitor] edge-swipe with event MotionEvent
01-24 16:50:45.210  2721  3600 I InputDispatcher: Canceling pointers for device 10 in PointerEventDispatcher0 with event MotionEvent
01-24 16:50:45.210 11962 11962 I VRI[ProfileActivity]@1c8eeab: ViewPostIme pointer 0
01-24 16:50:45.210  4040  4040 D InterruptionStateProvider:  no Heads up : edgelighting enabled app. 0|com.omarea.vtools|256|null|10435
01-24 16:50:45.210  2721  3600 D PowerManagerService: UserActivityStateListenerState: 1
01-24 16:50:45.211  2721  3367 I GestureDetector: obtain mCurrentDownEvent. id: 284020852 caller: com.android.server.wm.SystemGesturesPointerEventListener.onPointerEvent:17 com.android.server.wm.PointerEventDispatcher.onInputEvent:51 android.view.InputEventReceiver.dispatchInputEvent:392 
01-24 16:50:45.211  2721  3367 I GestureDetector: obtain mCurrentDownEvent. id: 284020852 caller: com.android.server.wm.SystemPerformancePointerEventListener.onPointerEvent:13 com.android.server.wm.PointerEventDispatcher.onInputEvent:51 android.view.InputEventReceiver.dispatchInputEvent:392 
01-24 16:50:45.212  4040  4040 I {OngoingActivityController}: onEntryUpdated and OA data is empty. So update latest task info
01-24 16:50:45.212  2721  3367 I SpenGestureManagerService: [HOVER] sending hover exit br is canceled by touch event.
01-24 16:50:45.213  2721  3367 I GestureDetector: obtain mCurrentMotionEventRaw. action: 2 id: 261898880
01-24 16:50:45.213  2721  3367 I GestureDetector: obtain mCurrentMotionEventRaw. action: 2 id: 261898880
01-24 16:50:45.215  4528  4528 I HoneySpace.TaskbarControllerImpl@OneUI: updateTaskbarState() touchRegionHeight to 77
01-24 16:50:45.216  4528  4528 I HoneySpace.TaskbarControllerImpl@OneUI: updateTouchRect bottom = 360, view bottom = 360, cutout = 0, touchHeight = 30, bounds  bottom = 466, system bottom = 0, insets bottom = 30, sideWidth = 59
01-24 16:50:45.216  4528  4528 I HoneySpace.TaskbarView@138592109: animateShowHide() skip already requested visibility
01-24 16:50:45.217  4528  4528 I HoneySpace.TaskbarControllerImpl@OneUI: touchRegion = SkRegion((0,330,466,360))
01-24 16:50:45.218  4528  4528 I HoneySpace.GestureInputHandler: inputConsumers = [com.honeyspace.gesture.inputconsumer.InputConsumer$Companion$NO_OP$1@e257847]
01-24 16:50:45.219  4528  4528 I HoneySpace.InputSession: inputConsumers = NO_OP
01-24 16:50:45.219  4528  4528 I HoneySpace.InputSession: open
01-24 16:50:45.220  1146  1146 D io_stats: !@   8,0 r 3133549 77490396 w 1311836 17975300 d 148090 93902396 f 63847 284362 iot 693956 0 th 0 0 0 pt 0 inp 0 0 21680.725
01-24 16:50:45.228  4040  4040 D PluginActionManager: stopListening
01-24 16:50:45.229  4040  4040 D PluginActionManager: stopListening
01-24 16:50:45.230  1786 11772 W qdgralloc: getInterlacedFlag: getMetaData returned 3, defaulting to interlaced_flag = 0
01-24 16:50:45.230  4040  4040 D PluginActionManager: stopListening
01-24 16:50:45.230  1786 11772 W qdgralloc: getInterlacedFlag: getMetaData returned 3, defaulting to interlaced_flag = 0
01-24 16:50:45.230  4040  4040 D PluginActionManager: startListening
01-24 16:50:45.231  4040  4191 D PluginActionManager: queryAll com.android.systemui.action.PLUGIN_NOTIFICATION_MENU_ROW
01-24 16:50:45.231  4040  4040 D PluginActionManager: startListening
01-24 16:50:45.232  4040  4040 D PluginActionManager: startListening
01-24 16:50:45.233 11725 11751 D PipelineWatcher: onInputBufferReleased: frameIndex not found (616); ignored
01-24 16:50:45.233  4040  4191 D PluginActionManager: Found 0 plugins
01-24 16:50:45.233  4040  4191 D PluginActionManager: queryAll com.android.systemui.action.PLUGIN_NOTIFICATION_MENU_ROW
01-24 16:50:45.234  4040  4191 D PluginActionManager: Found 0 plugins
01-24 16:50:45.234  4040  4191 D PluginActionManager: queryAll com.android.systemui.action.PLUGIN_NOTIFICATION_MENU_ROW
01-24 16:50:45.235  4040  4040 I View    : setRequestedFrameRate frameRate=-2.0, this=StatusBarIconView(slot='com.omarea.vtools/0x0' alpha=1.0 icon=StatusBarIcon(icon=Icon(typ=RESOURCE pkg=com.omarea.vtools id=0x7f080172) visible user=0 ) visibleState=ICON iconColor=#ff000000 staticDrawableColor=#ff000000 decorColor=#ff000000 animationStartColor=#0 currentSetColor=#ff000000 notification=StatusBarNotification(pkg=com.omarea.vtools user=UserHandle{0} id=0 tag=0|com.omarea.vtools|g:Aggregate_NormalNotificationSection key=0|com.omarea.vtools|0|0|com.omarea.vtools|g:Aggregate_NormalNotificationSection|10435|0|com.omarea.vtools|g:Aggregate_NormalNotificationSection: Notification(channel=vtool-boot shortcut=null contentView=null vibrate=null sound=null defaults=0 flags=ONGOING_EVENT|NO_CLEAR|LOCAL_ONLY|GROUP_SUMMARY|AUTOGROUP_SUMMARY color=0x00000000 groupKey=0|com.omarea.vtools|g:Aggregate_NormalNotificationSection vis=PRIVATE semFlags=0x0 semPriority=0 semMissedCount=0))), caller=com.android.systemui.statusbar.StatusBarIconView.onAttachedToWindow:6 android.view.View.dispatchAttachedToWindow:24320 android.view.ViewGroup.addViewInner:5582 android.view.ViewGroup.addView:5358 android.view.ViewGroup.addView:5298 
01-24 16:50:45.235  4040  4191 D PluginActionManager: Found 0 plugins
01-24 16:50:45.238  4040  4040 W RefactorFlag: New code path expects SceneContainerFlag to be enabled.
01-24 16:50:45.239  4040  4040 D ExpandableNotifRow: mMaxSmallHeight different before reInflateViews mMaxSmallHeight: 144 mTempSmallHeight:0 0|com.omarea.vtools|256|null|10435
01-24 16:50:45.242  4040  4040 I LockscreenNotificationIconsOnlyController: onNotificationInfoUpdated 0
01-24 16:50:45.242  4040  4040 I AODNotificationManager: updateNotification() 
01-24 16:50:45.246  4040  4040 D ExpandableNotifRow: mMaxSmallHeight different before reInflateViews mMaxSmallHeight: 144 mTempSmallHeight:0 0|com.omarea.vtools|256|null|10435
01-24 16:50:45.246  4040  4040 D ExpandableNotifRow: mMaxSmallHeight different before reInflateViews mMaxSmallHeight: 144 mTempSmallHeight:0 0|com.omarea.vtools|256|null|10435
01-24 16:50:45.255  2721  2721 I SemDvfsHyPerManager: acquire hyper - WM_SCROLL_DETECTED/2721@2, type = -999
01-24 16:50:45.255  4040  4040 W RefactorFlag: New code path expects SceneContainerFlag to be enabled.
01-24 16:50:45.255  4040  4040 D ExpandableNotifRow: mMaxSmallHeight different before reInflateViews mMaxSmallHeight: 144 mTempSmallHeight:0 0|com.omarea.vtools|256|null|10435
01-24 16:50:45.256  1786 11772 W qdgralloc: getInterlacedFlag: getMetaData returned 3, defaulting to interlaced_flag = 0
01-24 16:50:45.256  1749  1777 I HYPER-HAL: [RequestManager.cpp]acquire(): Acquired ID : 3708728  [2721 / 2]    HINT :      list : [CoreNumBigMin / 3] 
01-24 16:50:45.256  1786 11772 W qdgralloc: getInterlacedFlag: getMetaData returned 3, defaulting to interlaced_flag = 0
01-24 16:50:45.259 11725 11751 D PipelineWatcher: onInputBufferReleased: frameIndex not found (617); ignored
01-24 16:50:45.259  4040  4040 I LockscreenNotificationIconsOnlyController: onNotificationInfoUpdated 0
01-24 16:50:45.259  4040  4040 I AODNotificationManager: updateNotification() 
01-24 16:50:45.271  1786 11772 W qdgralloc: getInterlacedFlag: getMetaData returned 3, defaulting to interlaced_flag = 0
01-24 16:50:45.271  1786 11772 W qdgralloc: getInterlacedFlag: getMetaData returned 3, defaulting to interlaced_flag = 0
01-24 16:50:45.275 11725 11751 D PipelineWatcher: onInputBufferReleased: frameIndex not found (618); ignored
01-24 16:50:45.287  1786 11772 W qdgralloc: getInterlacedFlag: getMetaData returned 3, defaulting to interlaced_flag = 0
01-24 16:50:45.287  1786 11772 W qdgralloc: getInterlacedFlag: getMetaData returned 3, defaulting to interlaced_flag = 0
01-24 16:50:45.289 11725 11751 D PipelineWatcher: onInputBufferReleased: frameIndex not found (619); ignored
01-24 16:50:45.302  1786 11772 W qdgralloc: getInterlacedFlag: getMetaData returned 3, defaulting to interlaced_flag = 0
01-24 16:50:45.303  1786 11772 W qdgralloc: getInterlacedFlag: getMetaData returned 3, defaulting to interlaced_flag = 0
01-24 16:50:45.304 11725 11751 D PipelineWatcher: onInputBufferReleased: frameIndex not found (620); ignored
01-24 16:50:45.312  2721  3600 D PowerManagerService: [api] userActivityFromNative : touch displayId=0 eventTime=21680815
01-24 16:50:45.327  1786 11772 W qdgralloc: getInterlacedFlag: getMetaData returned 3, defaulting to interlaced_flag = 0
01-24 16:50:45.327  1786 11772 W qdgralloc: getInterlacedFlag: getMetaData returned 3, defaulting to interlaced_flag = 0
01-24 16:50:45.329  1786 11772 W qdgralloc: getInterlacedFlag: getMetaData returned 3, defaulting to interlaced_flag = 0
01-24 16:50:45.329  1786 11772 W qdgralloc: getInterlacedFlag: getMetaData returned 3, defaulting to interlaced_flag = 0
01-24 16:50:45.330 11725 11751 D PipelineWatcher: onInputBufferReleased: frameIndex not found (621); ignored
01-24 16:50:45.331 11725 11751 D PipelineWatcher: onInputBufferReleased: frameIndex not found (622); ignored
01-24 16:50:45.343  1786 11772 W qdgralloc: getInterlacedFlag: getMetaData returned 3, defaulting to interlaced_flag = 0
01-24 16:50:45.344  1786 11772 W qdgralloc: getInterlacedFlag: getMetaData returned 3, defaulting to interlaced_flag = 0
01-24 16:50:45.345  1786 11772 W qdgralloc: getInterlacedFlag: getMetaData returned 3, defaulting to interlaced_flag = 0
01-24 16:50:45.345  1786 11772 W qdgralloc: getInterlacedFlag: getMetaData returned 3, defaulting to interlaced_flag = 0
01-24 16:50:45.345 11725 11751 D PipelineWatcher: onInputBufferReleased: frameIndex not found (623); ignored
01-24 16:50:45.347 11725 11751 D PipelineWatcher: onInputBufferReleased: frameIndex not found (624); ignored
01-24 16:50:45.360  1786 11772 W qdgralloc: getInterlacedFlag: getMetaData returned 3, defaulting to interlaced_flag = 0
01-24 16:50:45.360  1786 11772 W qdgralloc: getInterlacedFlag: getMetaData returned 3, defaulting to interlaced_flag = 0
01-24 16:50:45.362  1786 11772 W qdgralloc: getInterlacedFlag: getMetaData returned 3, defaulting to interlaced_flag = 0
01-24 16:50:45.362  1786 11772 W qdgralloc: getInterlacedFlag: getMetaData returned 3, defaulting to interlaced_flag = 0
01-24 16:50:45.362 11725 11751 D PipelineWatcher: onInputBufferReleased: frameIndex not found (625); ignored
01-24 16:50:45.364 11725 11751 D PipelineWatcher: onInputBufferReleased: frameIndex not found (626); ignored
01-24 16:50:45.376  1786 11772 W qdgralloc: getInterlacedFlag: getMetaData returned 3, defaulting to interlaced_flag = 0
01-24 16:50:45.377  1786 11772 W qdgralloc: getInterlacedFlag: getMetaData returned 3, defaulting to interlaced_flag = 0
01-24 16:50:45.378  1786 11772 W qdgralloc: getInterlacedFlag: getMetaData returned 3, defaulting to interlaced_flag = 0
01-24 16:50:45.378  1786 11772 W qdgralloc: getInterlacedFlag: getMetaData returned 3, defaulting to interlaced_flag = 0
01-24 16:50:45.379 11725 11751 D PipelineWatcher: onInputBufferReleased: frameIndex not found (627); ignored
01-24 16:50:45.380 11725 11751 D PipelineWatcher: onInputBufferReleased: frameIndex not found (628); ignored
01-24 16:50:45.393  1786 11772 W qdgralloc: getInterlacedFlag: getMetaData returned 3, defaulting to interlaced_flag = 0
01-24 16:50:45.393  1786 11772 W qdgralloc: getInterlacedFlag: getMetaData returned 3, defaulting to interlaced_flag = 0
01-24 16:50:45.396  1786 11772 W qdgralloc: getInterlacedFlag: getMetaData returned 3, defaulting to interlaced_flag = 0
01-24 16:50:45.396  1786 11772 W qdgralloc: getInterlacedFlag: getMetaData returned 3, defaulting to interlaced_flag = 0
01-24 16:50:45.396 11725 11751 D PipelineWatcher: onInputBufferReleased: frameIndex not found (629); ignored
01-24 16:50:45.397 11725 11751 D PipelineWatcher: onInputBufferReleased: frameIndex not found (630); ignored
01-24 16:50:45.408  2721  3845 D NetdEventListenerService: DNS Requested by 100, 10202(com.google.audio.hearing.visualization.accessibility.scribe), 4(FAIL), isBlocked=true, 0ms
01-24 16:50:45.408   738   758 W NetworkConnectionChecke: Unknown host google.com
01-24 16:50:45.408   738   758 I NetworkConnectionChecke: Network connection: false
01-24 16:50:45.410  1786 11772 W qdgralloc: getInterlacedFlag: getMetaData returned 3, defaulting to interlaced_flag = 0
01-24 16:50:45.411  1786 11772 W qdgralloc: getInterlacedFlag: getMetaData returned 3, defaulting to interlaced_flag = 0
01-24 16:50:45.412 11725 11751 D PipelineWatcher: onInputBufferReleased: frameIndex not found (631); ignored
01-24 16:50:45.413  1786 11772 W qdgralloc: getInterlacedFlag: getMetaData returned 3, defaulting to interlaced_flag = 0
01-24 16:50:45.413  1786 11772 W qdgralloc: getInterlacedFlag: getMetaData returned 3, defaulting to interlaced_flag = 0
01-24 16:50:45.414 11725 11751 D PipelineWatcher: onInputBufferReleased: frameIndex not found (632); ignored
01-24 16:50:45.427  1786 11772 W qdgralloc: getInterlacedFlag: getMetaData returned 3, defaulting to interlaced_flag = 0
01-24 16:50:45.427  1786 11772 W qdgralloc: getInterlacedFlag: getMetaData returned 3, defaulting to interlaced_flag = 0
01-24 16:50:45.429  1786 11772 W qdgralloc: getInterlacedFlag: getMetaData returned 3, defaulting to interlaced_flag = 0
01-24 16:50:45.429  1786 11772 W qdgralloc: getInterlacedFlag: getMetaData returned 3, defaulting to interlaced_flag = 0
01-24 16:50:45.429 11725 11751 D PipelineWatcher: onInputBufferReleased: frameIndex not found (633); ignored
01-24 16:50:45.430 11725 11751 D PipelineWatcher: onInputBufferReleased: frameIndex not found (634); ignored
01-24 16:50:45.443  1786 11772 W qdgralloc: getInterlacedFlag: getMetaData returned 3, defaulting to interlaced_flag = 0
01-24 16:50:45.444  1786 11772 W qdgralloc: getInterlacedFlag: getMetaData returned 3, defaulting to interlaced_flag = 0
01-24 16:50:45.445  1786 11772 W qdgralloc: getInterlacedFlag: getMetaData returned 3, defaulting to interlaced_flag = 0
01-24 16:50:45.446  1786 11772 W qdgralloc: getInterlacedFlag: getMetaData returned 3, defaulting to interlaced_flag = 0
01-24 16:50:45.446 11725 11751 D PipelineWatcher: onInputBufferReleased: frameIndex not found (635); ignored
01-24 16:50:45.447 11725 11751 D PipelineWatcher: onInputBufferReleased: frameIndex not found (636); ignored
01-24 16:50:45.460  1786 11772 W qdgralloc: getInterlacedFlag: getMetaData returned 3, defaulting to interlaced_flag = 0
01-24 16:50:45.460  1786 11772 W qdgralloc: getInterlacedFlag: getMetaData returned 3, defaulting to interlaced_flag = 0
01-24 16:50:45.462 11725 11751 D PipelineWatcher: onInputBufferReleased: frameIndex not found (637); ignored
01-24 16:50:45.462  1786 11772 W qdgralloc: getInterlacedFlag: getMetaData returned 3, defaulting to interlaced_flag = 0
01-24 16:50:45.462  1786 11772 W qdgralloc: getInterlacedFlag: getMetaData returned 3, defaulting to interlaced_flag = 0
01-24 16:50:45.463 11725 11751 D PipelineWatcher: onInputBufferReleased: frameIndex not found (638); ignored
01-24 16:50:45.477  1786 11772 W qdgralloc: getInterlacedFlag: getMetaData returned 3, defaulting to interlaced_flag = 0
01-24 16:50:45.477  1786 11772 W qdgralloc: getInterlacedFlag: getMetaData returned 3, defaulting to interlaced_flag = 0
01-24 16:50:45.479 11725 11751 D PipelineWatcher: onInputBufferReleased: frameIndex not found (639); ignored
01-24 16:50:45.479  1786 11772 W qdgralloc: getInterlacedFlag: getMetaData returned 3, defaulting to interlaced_flag = 0
01-24 16:50:45.479  1786 11772 W qdgralloc: getInterlacedFlag: getMetaData returned 3, defaulting to interlaced_flag = 0
01-24 16:50:45.480 11725 11751 D PipelineWatcher: onInputBufferReleased: frameIndex not found (640); ignored
01-24 16:50:45.493  1786 11772 W qdgralloc: getInterlacedFlag: getMetaData returned 3, defaulting to interlaced_flag = 0
01-24 16:50:45.493  1786 11772 W qdgralloc: getInterlacedFlag: getMetaData returned 3, defaulting to interlaced_flag = 0
01-24 16:50:45.495 11725 11751 D PipelineWatcher: onInputBufferReleased: frameIndex not found (641); ignored
01-24 16:50:45.495  1786 11772 W qdgralloc: getInterlacedFlag: getMetaData returned 3, defaulting to interlaced_flag = 0
01-24 16:50:45.495  1786 11772 W qdgralloc: getInterlacedFlag: getMetaData returned 3, defaulting to interlaced_flag = 0
01-24 16:50:45.497 11725 11751 D PipelineWatcher: onInputBufferReleased: frameIndex not found (642); ignored
01-24 16:50:45.510  1786 11772 W qdgralloc: getInterlacedFlag: getMetaData returned 3, defaulting to interlaced_flag = 0
01-24 16:50:45.510  1786 11772 W qdgralloc: getInterlacedFlag: getMetaData returned 3, defaulting to interlaced_flag = 0
01-24 16:50:45.512  1786 11772 W qdgralloc: getInterlacedFlag: getMetaData returned 3, defaulting to interlaced_flag = 0
01-24 16:50:45.512 11725 11751 D PipelineWatcher: onInputBufferReleased: frameIndex not found (643); ignored
01-24 16:50:45.513  1786 11772 W qdgralloc: getInterlacedFlag: getMetaData returned 3, defaulting to interlaced_flag = 0
01-24 16:50:45.514 11725 11751 D PipelineWatcher: onInputBufferReleased: frameIndex not found (644); ignored
01-24 16:50:45.515  3872  3872 I wpa_supplicant: Heartbeat 8476
01-24 16:50:45.527  1786 11772 W qdgralloc: getInterlacedFlag: getMetaData returned 3, defaulting to interlaced_flag = 0
01-24 16:50:45.528  1786 11772 W qdgralloc: getInterlacedFlag: getMetaData returned 3, defaulting to interlaced_flag = 0
01-24 16:50:45.529 11725 11751 D PipelineWatcher: onInputBufferReleased: frameIndex not found (645); ignored
01-24 16:50:45.530  1786 11772 W qdgralloc: getInterlacedFlag: getMetaData returned 3, defaulting to interlaced_flag = 0
01-24 16:50:45.530  1786 11772 W qdgralloc: getInterlacedFlag: getMetaData returned 3, defaulting to interlaced_flag = 0
01-24 16:50:45.531 11725 11751 D PipelineWatcher: onInputBufferReleased: frameIndex not found (646); ignored
01-24 16:50:45.540  1854  1854 D SurfaceFlinger: GPIS:: requestGPISForClientComposition
01-24 16:50:45.541  2721  3550 E libprocessgroup: Failed to write '2-6' to /dev/cpuset/sf/cpus: Permission denied
01-24 16:50:45.543  1786 11772 W qdgralloc: getInterlacedFlag: getMetaData returned 3, defaulting to interlaced_flag = 0
01-24 16:50:45.543  1786 11772 W qdgralloc: getInterlacedFlag: getMetaData returned 3, defaulting to interlaced_flag = 0
01-24 16:50:45.544  1786 11772 W qdgralloc: getInterlacedFlag: getMetaData returned 3, defaulting to interlaced_flag = 0
01-24 16:50:45.544  1786 11772 W qdgralloc: getInterlacedFlag: getMetaData returned 3, defaulting to interlaced_flag = 0
01-24 16:50:45.545 11725 11751 D PipelineWatcher: onInputBufferReleased: frameIndex not found (647); ignored
01-24 16:50:45.546 11725 11751 D PipelineWatcher: onInputBufferReleased: frameIndex not found (648); ignored
01-24 16:50:45.559  1786 11772 W qdgralloc: getInterlacedFlag: getMetaData returned 3, defaulting to interlaced_flag = 0
01-24 16:50:45.560  1786 11772 W qdgralloc: getInterlacedFlag: getMetaData returned 3, defaulting to interlaced_flag = 0
01-24 16:50:45.560  4528  4528 I HoneySpace.TaskbarInsetController: onTaskbarWindowHeightOrInsetsChanged 0
01-24 16:50:45.561  4528  4528 I HoneySpace.WindowBounds: sourceContext: android.view.ContextThemeWrapper@d173bed
